Component: ARM Compiler 5.05 update 2 (build 169) Tool: armlink [4d0f33]

==============================================================================

Section Cross References

    startup_stm32f10x_hd.o(STACK) refers (Special) to heapauxi.o(.text) for __use_two_region_memory
    startup_stm32f10x_hd.o(HEAP) refers (Special) to heapauxi.o(.text) for __use_two_region_memory
    startup_stm32f10x_hd.o(RESET) refers (Special) to heapauxi.o(.text) for __use_two_region_memory
    startup_stm32f10x_hd.o(RESET) refers to startup_stm32f10x_hd.o(STACK) for __initial_sp
    startup_stm32f10x_hd.o(RESET) refers to startup_stm32f10x_hd.o(.text) for Reset_Handler
    startup_stm32f10x_hd.o(RESET) refers to stm32f10x_it.o(i.NMI_Handler) for NMI_Handler
    startup_stm32f10x_hd.o(RESET) refers to stm32f10x_it.o(i.HardFault_Handler) for HardFault_Handler
    startup_stm32f10x_hd.o(RESET) refers to stm32f10x_it.o(i.MemManage_Handler) for MemManage_Handler
    startup_stm32f10x_hd.o(RESET) refers to stm32f10x_it.o(i.BusFault_Handler) for BusFault_Handler
    startup_stm32f10x_hd.o(RESET) refers to stm32f10x_it.o(i.UsageFault_Handler) for UsageFault_Handler
    startup_stm32f10x_hd.o(RESET) refers to stm32f10x_it.o(i.SVC_Handler) for SVC_Handler
    startup_stm32f10x_hd.o(RESET) refers to stm32f10x_it.o(i.DebugMon_Handler) for DebugMon_Handler
    startup_stm32f10x_hd.o(RESET) refers to stm32f10x_it.o(i.PendSV_Handler) for PendSV_Handler
    startup_stm32f10x_hd.o(RESET) refers to stm32f10x_it.o(i.SysTick_Handler) for SysTick_Handler
    startup_stm32f10x_hd.o(RESET) refers to stm32f10x_it.o(i.EXTI1_IRQHandler) for EXTI1_IRQHandler
    startup_stm32f10x_hd.o(RESET) refers to stm32f10x_it.o(i.DMA1_Channel2_IRQHandler) for DMA1_Channel2_IRQHandler
    startup_stm32f10x_hd.o(RESET) refers to stm32f10x_it.o(i.DMA1_Channel4_IRQHandler) for DMA1_Channel4_IRQHandler
    startup_stm32f10x_hd.o(RESET) refers to stm32f10x_it.o(i.DMA1_Channel6_IRQHandler) for DMA1_Channel6_IRQHandler
    startup_stm32f10x_hd.o(RESET) refers to stm32f10x_it.o(i.TIM2_IRQHandler) for TIM2_IRQHandler
    startup_stm32f10x_hd.o(RESET) refers to stm32f10x_it.o(i.USART1_IRQHandler) for USART1_IRQHandler
    startup_stm32f10x_hd.o(RESET) refers to stm32f10x_it.o(i.USART2_IRQHandler) for USART2_IRQHandler
    startup_stm32f10x_hd.o(RESET) refers to stm32f10x_it.o(i.USART3_IRQHandler) for USART3_IRQHandler
    startup_stm32f10x_hd.o(RESET) refers to stm32f10x_it.o(i.UART4_IRQHandler) for UART4_IRQHandler
    startup_stm32f10x_hd.o(RESET) refers to stm32f10x_it.o(i.UART5_IRQHandler) for UART5_IRQHandler
    startup_stm32f10x_hd.o(RESET) refers to stm32f10x_it.o(i.DMA2_Channel3_IRQHandler) for DMA2_Channel3_IRQHandler
    startup_stm32f10x_hd.o(.text) refers (Special) to heapauxi.o(.text) for __use_two_region_memory
    startup_stm32f10x_hd.o(.text) refers to system_stm32f10x.o(i.SystemInit) for SystemInit
    startup_stm32f10x_hd.o(.text) refers to __main.o(!!!main) for __main
    startup_stm32f10x_hd.o(.text) refers to startup_stm32f10x_hd.o(HEAP) for Heap_Mem
    startup_stm32f10x_hd.o(.text) refers to startup_stm32f10x_hd.o(STACK) for Stack_Mem
    system_stm32f10x.o(i.SetSysClock) refers to system_stm32f10x.o(i.SetSysClockTo72) for SetSysClockTo72
    system_stm32f10x.o(i.SystemCoreClockUpdate) refers to system_stm32f10x.o(.data) for SystemCoreClock
    system_stm32f10x.o(i.SystemInit) refers to system_stm32f10x.o(i.SetSysClock) for SetSysClock
    stm32f10x_can.o(i.CAN_DeInit) refers to stm32f10x_rcc.o(i.RCC_APB1PeriphResetCmd) for RCC_APB1PeriphResetCmd
    stm32f10x_can.o(i.CAN_GetITStatus) refers to stm32f10x_can.o(i.CheckITStatus) for CheckITStatus
    stm32f10x_gpio.o(i.GPIO_AFIODeInit) refers to stm32f10x_rcc.o(i.RCC_APB2PeriphResetCmd) for RCC_APB2PeriphResetCmd
    stm32f10x_gpio.o(i.GPIO_DeInit) refers to stm32f10x_rcc.o(i.RCC_APB2PeriphResetCmd) for RCC_APB2PeriphResetCmd
    stm32f10x_rcc.o(i.RCC_GetClocksFreq) refers to stm32f10x_rcc.o(.data) for APBAHBPrescTable
    stm32f10x_rcc.o(i.RCC_WaitForHSEStartUp) refers to stm32f10x_rcc.o(i.RCC_GetFlagStatus) for RCC_GetFlagStatus
    stm32f10x_tim.o(i.TIM_DeInit) refers to stm32f10x_rcc.o(i.RCC_APB2PeriphResetCmd) for RCC_APB2PeriphResetCmd
    stm32f10x_tim.o(i.TIM_DeInit) refers to stm32f10x_rcc.o(i.RCC_APB1PeriphResetCmd) for RCC_APB1PeriphResetCmd
    stm32f10x_tim.o(i.TIM_ETRClockMode1Config) refers to stm32f10x_tim.o(i.TIM_ETRConfig) for TIM_ETRConfig
    stm32f10x_tim.o(i.TIM_ETRClockMode2Config) refers to stm32f10x_tim.o(i.TIM_ETRConfig) for TIM_ETRConfig
    stm32f10x_tim.o(i.TIM_ICInit) refers to stm32f10x_tim.o(i.TI1_Config) for TI1_Config
    stm32f10x_tim.o(i.TIM_ICInit) refers to stm32f10x_tim.o(i.TIM_SetIC1Prescaler) for TIM_SetIC1Prescaler
    stm32f10x_tim.o(i.TIM_ICInit) refers to stm32f10x_tim.o(i.TI2_Config) for TI2_Config
    stm32f10x_tim.o(i.TIM_ICInit) refers to stm32f10x_tim.o(i.TIM_SetIC2Prescaler) for TIM_SetIC2Prescaler
[...]
    dc.s                                     0x00000000   Number         0  dc.o ABSOLUTE
    RESET                                    0x08000000   Section      304  startup_stm32f10x_hd.o(RESET)
    !!!main                                  0x08000130   Section        8  __main.o(!!!main)
    !!!scatter                               0x08000138   Section       52  __scatter.o(!!!scatter)
    !!dczerorl2                              0x0800016c   Section       90  __dczerorl2.o(!!dczerorl2)
    !!handler_zi                             0x080001c8   Section       28  __scatter_zi.o(!!handler_zi)
    .ARM.Collect$$_printf_percent$$00000000  0x080001e4   Section        0  _printf_percent.o(.ARM.Collect$$_printf_percent$$00000000)
    .ARM.Collect$$_printf_percent$$00000009  0x080001e4   Section        6  _printf_d.o(.ARM.Collect$$_printf_percent$$00000009)
    .ARM.Collect$$_printf_percent$$0000000C  0x080001ea   Section        6  _printf_x.o(.ARM.Collect$$_printf_percent$$0000000C)
    .ARM.Collect$$_printf_percent$$00000017  0x080001f0   Section        4  _printf_percent_end.o(.ARM.Collect$$_printf_percent$$00000017)
    .ARM.Collect$$libinit$$00000000          0x080001f4   Section        2  libinit.o(.ARM.Collect$$libinit$$00000000)
    .ARM.Collect$$libinit$$00000002          0x080001f6   Section        0  libinit2.o(.ARM.Collect$$libinit$$00000002)
    .ARM.Collect$$libinit$$00000004          0x080001f6   Section        0  libinit2.o(.ARM.Collect$$libinit$$00000004)
    .ARM.Collect$$libinit$$0000000A          0x080001f6   Section        0  libinit2.o(.ARM.Collect$$libinit$$0000000A)
    .ARM.Collect$$libinit$$0000000C          0x080001f6   Section        0  libinit2.o(.ARM.Collect$$libinit$$0000000C)
    .ARM.Collect$$libinit$$0000000E          0x080001f6   Section        0  libinit2.o(.ARM.Collect$$libinit$$0000000E)
    .ARM.Collect$$libinit$$00000011          0x080001f6   Section        0  libinit2.o(.ARM.Collect$$libinit$$00000011)
    .ARM.Collect$$libinit$$00000013          0x080001f6   Section        0  libinit2.o(.ARM.Collect$$libinit$$00000013)
    .ARM.Collect$$libinit$$00000015          0x080001f6   Section        0  libinit2.o(.ARM.Collect$$libinit$$00000015)
    .ARM.Collect$$libinit$$00000017          0x080001f6   Section        0  libinit2.o(.ARM.Collect$$libinit$$00000017)
    .ARM.Collect$$libinit$$00000019          0x080001f6   Section        0  libinit2.o(.ARM.Collect$$libinit$$00000019)
    .ARM.Collect$$libinit$$0000001B          0x080001f6   Section        0  libinit2.o(.ARM.Collect$$libinit$$0000001B)
    .ARM.Collect$$libinit$$0000001D          0x080001f6   Section        0  libinit2.o(.ARM.Collect$$libinit$$0000001D)
    .ARM.Collect$$libinit$$0000001F          0x080001f6   Section        0  libinit2.o(.ARM.Collect$$libinit$$0000001F)
    .ARM.Collect$$libinit$$00000021          0x080001f6   Section        0  libinit2.o(.ARM.Collect$$libinit$$00000021)
    .ARM.Collect$$libinit$$00000023          0x080001f6   Section        0  libinit2.o(.ARM.Collect$$libinit$$00000023)
    .ARM.Collect$$libinit$$00000025          0x080001f6   Section        0  libinit2.o(.ARM.Collect$$libinit$$00000025)
    .ARM.Collect$$libinit$$0000002C          0x080001f6   Section        0  libinit2.o(.ARM.Collect$$libinit$$0000002C)
    .ARM.Collect$$libinit$$0000002E          0x080001f6   Section        0  libinit2.o(.ARM.Collect$$libinit$$0000002E)
    .ARM.Collect$$libinit$$00000030          0x080001f6   Section        0  libinit2.o(.ARM.Collect$$libinit$$00000030)
    .ARM.Collect$$libinit$$00000032          0x080001f6   Section        0  libinit2.o(.ARM.Collect$$libinit$$00000032)
    .ARM.Collect$$libinit$$00000033          0x080001f6   Section        2  libinit2.o(.ARM.Collect$$libinit$$00000033)
    .ARM.Collect$$libshutdown$$00000000      0x080001f8   Section        2  libshutdown.o(.ARM.Collect$$libshutdown$$00000000)
    .ARM.Collect$$libshutdown$$00000003      0x080001fa   Section        0  libshutdown2.o(.ARM.Collect$$libshutdown$$00000003)
    .ARM.Collect$$libshutdown$$00000006      0x080001fa   Section        0  libshutdown2.o(.ARM.Collect$$libshutdown$$00000006)
    .ARM.Collect$$libshutdown$$00000009      0x080001fa   Section        0  libshutdown2.o(.ARM.Collect$$libshutdown$$00000009)
    .ARM.Collect$$libshutdown$$0000000B      0x080001fa   Section        0  libshutdown2.o(.ARM.Collect$$libshutdown$$0000000B)
    .ARM.Collect$$libshutdown$$0000000E      0x080001fa   Section        0  libshutdown2.o(.ARM.Collect$$libshutdown$$0000000E)
    .ARM.Collect$$libshutdown$$0000000F      0x080001fa   Section        2  libshutdown2.o(.ARM.Collect$$libshutdown$$0000000F)
    .ARM.Collect$$rtentry$$00000000          0x080001fc   Section        0  __rtentry.o(.ARM.Collect$$rtentry$$00000000)
    .ARM.Collect$$rtentry$$00000002          0x080001fc   Section        0  __rtentry2.o(.ARM.Collect$$rtentry$$00000002)
    .ARM.Collect$$rtentry$$00000004          0x080001fc   Section        6  __rtentry4.o(.ARM.Collect$$rtentry$$00000004)
    .ARM.Collect$$rtentry$$00000009          0x08000202   Section        0  __rtentry2.o(.ARM.Collect$$rtentry$$00000009)
    .ARM.Collect$$rtentry$$0000000A          0x08000202   Section        4  __rtentry2.o(.ARM.Collect$$rtentry$$0000000A)
    .ARM.Collect$$rtentry$$0000000C          0x08000206   Section        0  __rtentry2.o(.ARM.Collect$$rtentry$$0000000C)
    .ARM.Collect$$rtentry$$0000000D          0x08000206   Section        8  __rtentry2.o(.ARM.Collect$$rtentry$$0000000D)
    .ARM.Collect$$rtexit$$00000000           0x0800020e   Section        2  rtexit.o(.ARM.Collect$$rtexit$$00000000)
    .ARM.Collect$$rtexit$$00000002           0x08000210   Section        0  rtexit2.o(.ARM.Collect$$rtexit$$00000002)
    .ARM.Collect$$rtexit$$00000003           0x08000210   Section        4  rtexit2.o(.ARM.Collect$$rtexit$$00000003)
    .ARM.Collect$$rtexit$$00000004           0x08000214   Section        6  rtexit2.o(.ARM.Collect$$rtexit$$00000004)
    .text                                    0x0800021c   Section       64  startup_stm32f10x_hd.o(.text)
    .text                                    0x0800025c   Section        0  noretval__2snprintf.o(.text)
    .text                                    0x08000290   Section        0  _printf_pad.o(.text)
    .text                                    0x080002e0   Section        0  _printf_dec.o(.text)
    .text                                    0x08000358   Section        0  _printf_hex_int.o(.text)
    .text                                    0x080003b0   Section        0  __printf_flags_wp.o(.text)
    .text                                    0x080004e8   Section        0  strlen.o(.text)
    .text                                    0x08000526   Section        0  heapauxi.o(.text)
    .text                                    0x0800052c   Section        0  _printf_intcommon.o(.text)
    .text                                    0x080005e0   Section        0  _printf_char_common.o(.text)
    _printf_input_char                       0x080005e1   Thumb Code    10  _printf_char_common.o(.text)
    .text                                    0x08000610   Section        0  _sputc.o(.text)
    .text                                    0x0800061a   Section        0  _snputc.o(.text)
    .text                                    0x0800062a   Section       74  sys_stackheap_outer.o(.text)
    .text                                    0x08000674   Section        0  exit.o(.text)
    .text                                    0x08000680   Section        8  libspace.o(.text)
    .text                                    0x08000688   Section        0  sys_exit.o(.text)
    .text                                    0x08000694   Section        2  use_no_semi.o(.text)
    .text                                    0x08000696   Section        0  indicate_semi.o(.text)
    i.BusFault_Handler                       0x08000696   Section        0  stm32f10x_it.o(i.BusFault_Handler)
    i.Cal_SUM                                0x0800069a   Section        0  time.o(i.Cal_SUM)
    i.Cal_XOR                                0x080006b6   Section        0  time.o(i.Cal_XOR)
    i.CameraAtuoMode                         0x080006d0   Section        0  camera.o(i.CameraAtuoMode)
    i.CameraManuMode                         0x080008c0   Section        0  camera.o(i.CameraManuMode)
    i.CameraSynic                            0x08000944   Section        0  camera.o(i.CameraSynic)
    i.CameraSynic_clear                      0x08000984   Section        0  camera.o(i.CameraSynic_clear)
    i.Camera_Output                          0x080009ac   Section        0  camera.o(i.Camera_Output)
    i.DMA1_Channel2_IRQHandler               0x08000adc   Section        0  stm32f10x_it.o(i.DMA1_Channel2_IRQHandler)
    i.DMA1_Channel4_IRQHandler               0x08000b00   Section        0  stm32f10x_it.o(i.DMA1_Channel4_IRQHandler)
    i.DMA1_Channel6_IRQHandler               0x08000b28   Section        0  stm32f10x_it.o(i.DMA1_Channel6_IRQHandler)
    i.DMA2_Channel3_IRQHandler               0x08000b50   Section        0  stm32f10x_it.o(i.DMA2_Channel3_IRQHandler)
    i.DMAUart_Read                           0x08000b78   Section        0  uart.o(i.DMAUart_Read)
    i.DMAUart_Rx_ISR                         0x08000bea   Section        0  uart.o(i.DMAUart_Rx_ISR)
    i.DMAUart_Send                           0x08000c48   Section        0  uart.o(i.DMAUart_Send)
    i.DMAUart_TC_ISR                         0x08000cc6   Section        0  uart.o(i.DMAUart_TC_ISR)
    i.DMA_ClearFlag                          0x08000d28   Section        0  stm32f10x_dma.o(i.DMA_ClearFlag)
    i.DMA_ClearITPendingBit                  0x08000d44   Section        0  stm32f10x_dma.o(i.DMA_ClearITPendingBit)
    i.DMA_Cmd                                0x08000d60   Section        0  stm32f10x_dma.o(i.DMA_Cmd)
    i.DMA_DeInit                             0x08000d78   Section        0  stm32f10x_dma.o(i.DMA_DeInit)
    i.DMA_GetCurrDataCounter                 0x08000ec4   Section        0  stm32f10x_dma.o(i.DMA_GetCurrDataCounter)
    i.DMA_ITConfig                           0x08000ecc   Section        0  stm32f10x_dma.o(i.DMA_ITConfig)
    i.DMA_Init                               0x08000ede   Section        0  stm32f10x_dma.o(i.DMA_Init)
    i.DMA_SetCurrDataCounter                 0x08000f1a   Section        0  stm32f10x_dma.o(i.DMA_SetCurrDataCounter)
    i.DMA_USART1_RX_Config                   0x08000f20   Section        0  cpu.o(i.DMA_USART1_RX_Config)
    i.DMA_USART1_TX_Config                   0x08000f80   Section        0  cpu.o(i.DMA_USART1_TX_Config)
    i.DMA_USART2_RX_Config                   0x08001008   Section        0  cpu.o(i.DMA_USART2_RX_Config)
    i.DMA_USART2_TX_Config                   0x08001068   Section        0  cpu.o(i.DMA_USART2_TX_Config)
    i.DMA_USART3_RX_Config                   0x080010f0   Section        0  cpu.o(i.DMA_USART3_RX_Config)
    i.DMA_USART3_TX_Config                   0x08001150   Section        0  cpu.o(i.DMA_USART3_TX_Config)
    i.DMA_USART4_RX_Config                   0x080011d8   Section        0  cpu.o(i.DMA_USART4_RX_Config)
    i.DMA_USART4_TX_Config                   0x08001238   Section        0  cpu.o(i.DMA_USART4_TX_Config)
    i.DebugMon_Handler                       0x080012c0   Section        0  stm32f10x_it.o(i.DebugMon_Handler)
    i.EXTI1_IRQHandler                       0x080012c4   Section        0  stm32f10x_it.o(i.EXTI1_IRQHandler)
    i.EXTI_ClearITPendingBit                 0x080012e4   Section        0  stm32f10x_exti.o(i.EXTI_ClearITPendingBit)
    i.EXTI_GetITStatus                       0x080012f0   Section        0  stm32f10x_exti.o(i.EXTI_GetITStatus)
    i.FLASH_PrefetchBufferCmd                0x08001318   Section        0  stm32f10x_flash.o(i.FLASH_PrefetchBufferCmd)
    i.FLASH_SetLatency                       0x08001334   Section        0  stm32f10x_flash.o(i.FLASH_SetLatency)
    i.GNSS_PPS_Callback                      0x0800134c   Section        0  gnss.o(i.GNSS_PPS_Callback)
    i.GPIO_Config                            0x080013b8   Section        0  cpu.o(i.GPIO_Config)
    GPIO_Config                              0x080013b9   Thumb Code   154  cpu.o(i.GPIO_Config)
    i.GPIO_Init                              0x08001460   Section        0  stm32f10x_gpio.o(i.GPIO_Init)
    i.GPIO_ReadInputDataBit                  0x08001576   Section        0  stm32f10x_gpio.o(i.GPIO_ReadInputDataBit)
    i.GPIO_ResetBits                         0x08001588   Section        0  stm32f10x_gpio.o(i.GPIO_ResetBits)
    i.GPIO_SetBits                           0x0800158c   Section        0  stm32f10x_gpio.o(i.GPIO_SetBits)
    i.GPS_Output                             0x08001590   Section        0  sdata.o(i.GPS_Output)
    i.HardFault_Handler                      0x0800163c   Section        0  stm32f10x_it.o(i.HardFault_Handler)
    i.IMU_adi16505                           0x08001640   Section        0  imu.o(i.IMU_adi16505)
    i.IMU_xsens                              0x08001af0   Section        0  imu.o(i.IMU_xsens)
    i.IWDG_Config                            0x08001c88   Section        0  cpu.o(i.IWDG_Config)
    i.IWDG_Enable                            0x08001cac   Section        0  stm32f10x_iwdg.o(i.IWDG_Enable)
    i.IWDG_ReloadCounter                     0x08001cbc   Section        0  stm32f10x_iwdg.o(i.IWDG_ReloadCounter)
    i.IWDG_SetPrescaler                      0x08001ccc   Section        0  stm32f10x_iwdg.o(i.IWDG_SetPrescaler)
    i.IWDG_SetReload                         0x08001cd8   Section        0  stm32f10x_iwdg.o(i.IWDG_SetReload)
    i.IWDG_WriteAccessCmd                    0x08001ce4   Section        0  stm32f10x_iwdg.o(i.IWDG_WriteAccessCmd)
    i.LED_Flash                              0x08001cf0   Section        0  sdata.o(i.LED_Flash)
    i.MemManage_Handler                      0x08001d20   Section        0  stm32f10x_it.o(i.MemManage_Handler)
    i.NMI_Handler                            0x08001d24   Section        0  stm32f10x_it.o(i.NMI_Handler)
    i.NVIC_Init                              0x08001d28   Section        0  misc.o(i.NVIC_Init)
    i.NVIC_PriorityGroupConfig               0x08001d98   Section        0  misc.o(i.NVIC_PriorityGroupConfig)
    i.PC_Msg                                 0x08001dac   Section        0  pc_mcu.o(i.PC_Msg)
    PC_Msg                                   0x08001dad   Thumb Code   264  pc_mcu.o(i.PC_Msg)
    i.PC_SendMode                            0x08001ec4   Section        0  pc_mcu.o(i.PC_SendMode)
    i.Parse_Data                             0x08001f5c   Section        0  pc_mcu.o(i.Parse_Data)
    Parse_Data                               0x08001f5d   Thumb Code   258  pc_mcu.o(i.Parse_Data)
    i.PendSV_Handler                         0x0800207c   Section        0  stm32f10x_it.o(i.PendSV_Handler)
    i.RCC_ADCCLKConfig                       0x08002080   Section        0  stm32f10x_rcc.o(i.RCC_ADCCLKConfig)
    i.RCC_AHBPeriphClockCmd                  0x08002098   Section        0  stm32f10x_rcc.o(i.RCC_AHBPeriphClockCmd)
    i.RCC_APB1PeriphClockCmd                 0x080020b8   Section        0  stm32f10x_rcc.o(i.RCC_APB1PeriphClockCmd)
    i.RCC_APB2PeriphClockCmd                 0x080020d8   Section        0  stm32f10x_rcc.o(i.RCC_APB2PeriphClockCmd)
    i.RCC_ClockConfig                        0x080020f8   Section        0  cpu.o(i.RCC_ClockConfig)
    i.RCC_DeInit                             0x08002174   Section        0  stm32f10x_rcc.o(i.RCC_DeInit)
    i.RCC_GetClocksFreq                      0x080021c0   Section        0  stm32f10x_rcc.o(i.RCC_GetClocksFreq)
    i.RCC_GetFlagStatus                      0x08002294   Section        0  stm32f10x_rcc.o(i.RCC_GetFlagStatus)
    i.RCC_GetSYSCLKSource                    0x080022d0   Section        0  stm32f10x_rcc.o(i.RCC_GetSYSCLKSource)
    i.RCC_HCLKConfig                         0x080022e0   Section        0  stm32f10x_rcc.o(i.RCC_HCLKConfig)
    i.RCC_HSEConfig                          0x080022f8   Section        0  stm32f10x_rcc.o(i.RCC_HSEConfig)
    i.RCC_PCLK1Config                        0x08002344   Section        0  stm32f10x_rcc.o(i.RCC_PCLK1Config)
    i.RCC_PCLK2Config                        0x0800235c   Section        0  stm32f10x_rcc.o(i.RCC_PCLK2Config)
    i.RCC_PLLCmd                             0x08002374   Section        0  stm32f10x_rcc.o(i.RCC_PLLCmd)
    i.RCC_PLLConfig                          0x08002380   Section        0  stm32f10x_rcc.o(i.RCC_PLLConfig)
    i.RCC_SYSCLKConfig                       0x0800239c   Section        0  stm32f10x_rcc.o(i.RCC_SYSCLKConfig)
    i.RCC_WaitForHSEStartUp                  0x080023b4   Section        0  stm32f10x_rcc.o(i.RCC_WaitForHSEStartUp)
    i.RS485_SetBit                           0x080023ec   Section        0  uart.o(i.RS485_SetBit)
    RS485_SetBit                             0x080023ed   Thumb Code    36  uart.o(i.RS485_SetBit)
    i.SVC_Handler                            0x08002418   Section        0  stm32f10x_it.o(i.SVC_Handler)
    i.SetSysClock                            0x0800241a   Section        0  system_stm32f10x.o(i.SetSysClock)
    SetSysClock                              0x0800241b   Thumb Code     8  system_stm32f10x.o(i.SetSysClock)
    i.SetSysClockTo72                        0x08002424   Section        0  system_stm32f10x.o(i.SetSysClockTo72)
    SetSysClockTo72                          0x08002425   Thumb Code   214  system_stm32f10x.o(i.SetSysClockTo72)
    i.SysTick_Handler                        0x08002504   Section        0  stm32f10x_it.o(i.SysTick_Handler)
    i.Sys_Config                             0x08002506   Section        0  cpu.o(i.Sys_Config)
    i.SystemInit                             0x08002528   Section        0  system_stm32f10x.o(i.SystemInit)
    i.TIM2_Config                            0x08002588   Section        0  cpu.o(i.TIM2_Config)
    i.TIM2_IRQHandler                        0x080025e6   Section        0  stm32f10x_it.o(i.TIM2_IRQHandler)
    i.TIM_ClearITPendingBit                  0x08002604   Section        0  stm32f10x_tim.o(i.TIM_ClearITPendingBit)
    i.TIM_Cmd                                0x0800260a   Section        0  stm32f10x_tim.o(i.TIM_Cmd)
    i.TIM_GNSS_CallBack                      0x08002624   Section        0  gnss.o(i.TIM_GNSS_CallBack)
    i.TIM_GetITStatus                        0x0800267c   Section        0  stm32f10x_tim.o(i.TIM_GetITStatus)
    i.TIM_ITConfig                           0x0800269e   Section        0  stm32f10x_tim.o(i.TIM_ITConfig)
    i.TIM_TimeBaseInit                       0x080026b0   Section        0  stm32f10x_tim.o(i.TIM_TimeBaseInit)
    i.Timer3_IRQ                             0x08002754   Section        0  sdata.o(i.Timer3_IRQ)
    i.UART4_IRQHandler                       0x080027e0   Section        0  stm32f10x_it.o(i.UART4_IRQHandler)
    i.UART5_IRQHandler                       0x0800283c   Section        0  stm32f10x_it.o(i.UART5_IRQHandler)
    i.USART1_Config                          0x0800288c   Section        0  cpu.o(i.USART1_Config)
    i.USART1_IRQHandler                      0x08002954   Section        0  stm32f10x_it.o(i.USART1_IRQHandler)
    i.USART2_Config                          0x080029b0   Section        0  cpu.o(i.USART2_Config)
    i.USART2_IRQHandler                      0x08002a74   Section        0  stm32f10x_it.o(i.USART2_IRQHandler)
    i.USART3_Config                          0x08002ad0   Section        0  cpu.o(i.USART3_Config)
    i.USART3_IRQHandler                      0x08002b98   Section        0  stm32f10x_it.o(i.USART3_IRQHandler)
    i.USART4_Config                          0x08002bf4   Section        0  cpu.o(i.USART4_Config)
    i.USART5_Config                          0x08002cbc   Section        0  cpu.o(i.USART5_Config)
    i.USART_ClearFlag                        0x08002d64   Section        0  stm32f10x_usart.o(i.USART_ClearFlag)
    i.USART_ClearITPendingBit                0x08002d76   Section        0  stm32f10x_usart.o(i.USART_ClearITPendingBit)
    i.USART_Cmd                              0x08002d94   Section        0  stm32f10x_usart.o(i.USART_Cmd)
    i.USART_DMACmd                           0x08002dac   Section        0  stm32f10x_usart.o(i.USART_DMACmd)
    i.USART_GetFlagStatus                    0x08002dbe   Section        0  stm32f10x_usart.o(i.USART_GetFlagStatus)
    i.USART_GetITStatus                      0x08002dd8   Section        0  stm32f10x_usart.o(i.USART_GetITStatus)
    i.USART_ITConfig                         0x08002e2c   Section        0  stm32f10x_usart.o(i.USART_ITConfig)
    i.USART_Init                             0x08002e78   Section        0  stm32f10x_usart.o(i.USART_Init)
    i.USART_ReceiveData                      0x08002f50   Section        0  stm32f10x_usart.o(i.USART_ReceiveData)
    i.USART_SendData                         0x08002f5a   Section        0  stm32f10x_usart.o(i.USART_SendData)
    i.Uartx_Send                             0x08002f62   Section        0  uart.o(i.Uartx_Send)
    i.Uartx_TC_ISR                           0x0800300c   Section        0  uart.o(i.Uartx_TC_ISR)
    i.UsageFault_Handler                     0x08003064   Section        0  stm32f10x_it.o(i.UsageFault_Handler)
    i._is_digit                              0x08003068   Section        0  __printf_wp.o(i._is_digit)
    i.get_month_days                         0x08003078   Section        0  time.o(i.get_month_days)
    i.grmc_check                             0x080030c8   Section        0  sdata.o(i.grmc_check)
    i.main                                   0x080030e4   Section        0  main.o(i.main)
    i.proc_GNSS                              0x08003174   Section        0  gnss.o(i.proc_GNSS)
    i.proc_IMU                               0x080031b4   Section        0  imu.o(i.proc_IMU)
    i.proc_PCMsg                             0x08003248   Section        0  pc_mcu.o(i.proc_PCMsg)
    i.proc_gnssdata                          0x0800327c   Section        0  gnss.o(i.proc_gnssdata)
    i.usrGetTime                             0x08003730   Section        0  time.o(i.usrGetTime)
    i.usrSetTime                             0x08003740   Section        0  time.o(i.usrSetTime)
    i.usrTimeSetMSZero                       0x08003760   Section        0  time.o(i.usrTimeSetMSZero)
    i.usrTimeUpdate                          0x0800376c   Section        0  time.o(i.usrTimeUpdate)
    x$fpl$d2f                                0x0800380c   Section       98  d2f.o(x$fpl$d2f)
    x$fpl$ddiv                               0x08003870   Section      688  ddiv.o(x$fpl$ddiv)
    ddiv_entry                               0x08003877   Thumb Code     0  ddiv.o(x$fpl$ddiv)
    x$fpl$dfltu                              0x08003b20   Section       38  dflt_clz.o(x$fpl$dfltu)
    x$fpl$dmul                               0x08003b48   Section      340  dmul.o(x$fpl$dmul)
    x$fpl$dnaninf                            0x08003c9c   Section      156  dnaninf.o(x$fpl$dnaninf)
    x$fpl$dretinf                            0x08003d38   Section       12  dretinf.o(x$fpl$dretinf)
    x$fpl$fretinf                            0x08003d44   Section       10  fretinf.o(x$fpl$fretinf)
    .constdata                               0x08003d4e   Section       40  _printf_hex_int.o(.constdata)
    x$fpl$usenofp                            0x08003d4e   Section        0  usenofp.o(x$fpl$usenofp)
    uc_hextab                                0x08003d4e   Data          20  _printf_hex_int.o(.constdata)
    lc_hextab                                0x08003d62   Data          20  _printf_hex_int.o(.constdata)
    .constdata                               0x08003d76   Section       17  __printf_flags_wp.o(.constdata)
    maptable                                 0x08003d76   Data          17  __printf_flags_wp.o(.constdata)
    .conststring                             0x08003d88   Section      184  sdata.o(.conststring)
    .data                                    0x20000000   Section       20  stm32f10x_rcc.o(.data)
    APBAHBPrescTable                         0x20000000   Data          16  stm32f10x_rcc.o(.data)
    ADCPrescTable                            0x20000010   Data           4  stm32f10x_rcc.o(.data)
    .data                                    0x20000014   Section      252  uart.o(.data)
    .data                                    0x20000110   Section        4  sdata.o(.data)
    nLedState                                0x20000113   Data           1  sdata.o(.data)
    .data                                    0x20000114   Section       13  pc_mcu.o(.data)
    nFlag                                    0x2000011e   Data           1  pc_mcu.o(.data)
    nIndex                                   0x2000011f   Data           1  pc_mcu.o(.data)
    nLen                                     0x20000120   Data           1  pc_mcu.o(.data)
    .data                                    0x20000122   Section       17  time.o(.data)
    month_days                               0x20000132   Data           1  time.o(.data)
    .data                                    0x20000134   Section       44  gnss.o(.data)
    s_nTime_GNSS_Num                         0x20000134   Data           2  gnss.o(.data)
    s_nGNSS_Tick_second                      0x20000136   Data           1  gnss.o(.data)
    s_nGNSSSysTick                           0x20000138   Data           4  gnss.o(.data)
    s_nGNSSTick                              0x2000013c   Data           4  gnss.o(.data)
    s_stGNSSTime                             0x20000140   Data           8  gnss.o(.data)
    s_Data_Tick                              0x20000148   Data           2  gnss.o(.data)
    nState                                   0x2000014a   Data           1  gnss.o(.data)
    pGGABuf                                  0x2000014c   Data           4  gnss.o(.data)
    pZDABuf                                  0x20000150   Data           4  gnss.o(.data)
    nGGAIndex                                0x20000154   Data           1  gnss.o(.data)
    nZDAIndex                                0x20000155   Data           1  gnss.o(.data)
    nType                                    0x20000156   Data           1  gnss.o(.data)
    nGGAOK                                   0x20000157   Data           1  gnss.o(.data)
    nZDAOK                                   0x20000158   Data           1  gnss.o(.data)
    nGNSSDataTick                            0x2000015c   Data           4  gnss.o(.data)
    .data                                    0x20000160   Section       14  camera.o(.data)
    s_tCameraTime                            0x20000160   Data           8  camera.o(.data)
    s_Frame_count                            0x20000168   Data           2  camera.o(.data)
    s_Synic_frame_counter                    0x2000016a   Data           2  camera.o(.data)
    s_Pusle_time_counter                     0x2000016c   Data           2  camera.o(.data)
    .bss                                     0x20000170   Section     3212  uart.o(.bss)
    DMATxBuf1                                0x20000170   Data         150  uart.o(.bss)
    DMATxBuf2                                0x20000206   Data         100  uart.o(.bss)
    DMATxBuf3                                0x2000026a   Data         100  uart.o(.bss)
    DMATxBuf4                                0x200002ce   Data         100  uart.o(.bss)
    DMARxBuf1                                0x20000332   Data         128  uart.o(.bss)
    DMARxBuf2                                0x200003b2   Data         128  uart.o(.bss)
    DMARxBuf3                                0x20000432   Data         128  uart.o(.bss)
    DMARxBuf4                                0x200004b2   Data         128  uart.o(.bss)
    TxBuf1                                   0x20000532   Data         250  uart.o(.bss)
    TxBuf2                                   0x2000062c   Data         250  uart.o(.bss)
    TxBuf3                                   0x20000726   Data         250  uart.o(.bss)
    TxBuf4                                   0x20000820   Data         250  uart.o(.bss)
    TxBuf5                                   0x2000091a   Data         250  uart.o(.bss)
    RxBuf1                                   0x20000a14   Data         250  uart.o(.bss)
    RxBuf2                                   0x20000b0e   Data         250  uart.o(.bss)
    RxBuf3                                   0x20000c08   Data         250  uart.o(.bss)
    RxBuf4                                   0x20000d02   Data         250  uart.o(.bss)
    .bss                                     0x20000dfc   Section      100  sdata.o(.bss)
    rmc_temp                                 0x20000dfc   Data         100  sdata.o(.bss)
    .bss                                     0x20000e60   Section      170  pc_mcu.o(.bss)
    pMem                                     0x20000e60   Data          70  pc_mcu.o(.bss)
    pBuf                                     0x20000ea6   Data          60  pc_mcu.o(.bss)
    pFrame                                   0x20000ee2   Data          40  pc_mcu.o(.bss)
    .bss                                     0x20000f0a   Section      250  imu.o(.bss)
    s_pFrame                                 0x20000f0a   Data         100  imu.o(.bss)
    pData                                    0x20000f6e   Data         150  imu.o(.bss)
    .bss                                     0x20001004   Section      300  gnss.o(.bss)
    pData                                    0x20001004   Data         200  gnss.o(.bss)
    pBuf                                     0x200010cc   Data         100  gnss.o(.bss)
    .bss                                     0x20001130   Section       80  camera.o(.bss)
    pFrame                                   0x20001130   Data          80  camera.o(.bss)
    .bss                                     0x20001180   Section       96  libspace.o(.bss)
    HEAP                                     0x200011e0   Section      512  startup_stm32f10x_hd.o(HEAP)
    Heap_Mem                                 0x200011e0   Data         512  startup_stm32f10x_hd.o(HEAP)
    STACK                                    0x200013e0   Section     1024  startup_stm32f10x_hd.o(STACK)
    Stack_Mem                                0x200013e0   Data        1024  startup_stm32f10x_hd.o(STACK)
    __initial_sp                             0x200017e0   Data           0  startup_stm32f10x_hd.o(STACK)

    Global Symbols

    Symbol Name                              Value     Ov Type        Size  Object(Section)

    BuildAttributes$$THM_ISAv4$P$D$K$B$S$PE$A:L22UL41UL21$X:L11$S22US41US21$IEEE1$IW$USESV6$~STKCKD$USESV7$~SHL$OSPACE$ROPI$EBA8$UX$STANDARDLIB$REQ8$PRES8$EABIv2 0x00000000   Number         0  anon$$obj.o ABSOLUTE
    __ARM_use_no_argv                        0x00000000   Number         0  main.o ABSOLUTE
    _printf_flags                            0x00000000   Number         0  printf_stubs.o ABSOLUTE
    _printf_return_value                     0x00000000   Number         0  printf_stubs.o ABSOLUTE
    _printf_sizespec                         0x00000000   Number         0  printf_stubs.o ABSOLUTE
    _printf_widthprec                        0x00000000   Number         0  printf_stubs.o ABSOLUTE
    __ARM_exceptions_init                     - Undefined Weak Reference
    __alloca_initialize                       - Undefined Weak Reference
    __arm_preinit_                            - Undefined Weak Reference
    __cpp_initialize__aeabi_                  - Undefined Weak Reference
    __cxa_finalize                            - Undefined Weak Reference
    __rt_locale                               - Undefined Weak Reference
    __sigvec_lookup                           - Undefined Weak Reference
    _atexit_init                              - Undefined Weak Reference
    _call_atexit_fns                          - Undefined Weak Reference
    _clock_init                               - Undefined Weak Reference
    _fp_trap_init                             - Undefined Weak Reference
    _fp_trap_shutdown                         - Undefined Weak Reference
    _get_lc_collate                           - Undefined Weak Reference
    _get_lc_ctype                             - Undefined Weak Reference
    _get_lc_monetary                          - Undefined Weak Reference
    _get_lc_numeric                           - Undefined Weak Reference
    _get_lc_time                              - Undefined Weak Reference
    _getenv_init                              - Undefined Weak Reference
    _handle_redirection                       - Undefined Weak Reference
    _init_alloc                               - Undefined Weak Reference
    _init_user_alloc                          - Undefined Weak Reference
    _initio                                   - Undefined Weak Reference
    _printf_truncate_signed                   - Undefined Weak Reference
    _printf_truncate_unsigned                 - Undefined Weak Reference
    _rand_init                                - Undefined Weak Reference
    _signal_finish                            - Undefined Weak Reference
    _signal_init                              - Undefined Weak Reference
    _terminate_alloc                          - Undefined Weak Reference
    _terminate_user_alloc                     - Undefined Weak Reference
    _terminateio                              - Undefined Weak Reference
    __Vectors_Size                           0x00000130   Number         0  startup_stm32f10x_hd.o ABSOLUTE
    __Vectors                                0x08000000   Data           4  startup_stm32f10x_hd.o(RESET)
    __Vectors_End                            0x08000130   Data           0  startup_stm32f10x_hd.o(RESET)
    __main                                   0x08000131   Thumb Code     8  __main.o(!!!main)
    __scatterload                            0x08000139   Thumb Code     0  __scatter.o(!!!scatter)
    __scatterload_rt2                        0x08000139   Thumb Code    44  __scatter.o(!!!scatter)
    __scatterload_rt2_thumb_only             0x08000139   Thumb Code     0  __scatter.o(!!!scatter)
    __scatterload_null                       0x08000147   Thumb Code     0  __scatter.o(!!!scatter)
    __decompress                             0x0800016d   Thumb Code    90  __dczerorl2.o(!!dczerorl2)
    __decompress1                            0x0800016d   Thumb Code     0  __dczerorl2.o(!!dczerorl2)
    __scatterload_zeroinit                   0x080001c9   Thumb Code    28  __scatter_zi.o(!!handler_zi)
    _printf_d                                0x080001e5   Thumb Code     0  _printf_d.o(.ARM.Collect$$_printf_percent$$00000009)
    _printf_percent                          0x080001e5   Thumb Code     0  _printf_percent.o(.ARM.Collect$$_printf_percent$$00000000)
    _printf_x                                0x080001eb   Thumb Code     0  _printf_x.o(.ARM.Collect$$_printf_percent$$0000000C)
    _printf_percent_end                      0x080001f1   Thumb Code     0  _printf_percent_end.o(.ARM.Collect$$_printf_percent$$00000017)
    __rt_lib_init                            0x080001f5   Thumb Code     0  libinit.o(.ARM.Collect$$libinit$$00000000)
    __rt_lib_init_alloca_1                   0x080001f7   Thumb Code     0  libinit2.o(.ARM.Collect$$libinit$$0000002E)
    __rt_lib_init_argv_1                     0x080001f7   Thumb Code     0  libinit2.o(.ARM.Collect$$libinit$$0000002C)
    __rt_lib_init_atexit_1                   0x080001f7   Thumb Code     0  libinit2.o(.ARM.Collect$$libinit$$0000001B)
    __rt_lib_init_clock_1                    0x080001f7   Thumb Code     0  libinit2.o(.ARM.Collect$$libinit$$00000021)
    __rt_lib_init_cpp_1                      0x080001f7   Thumb Code     0  libinit2.o(.ARM.Collect$$libinit$$00000032)
    __rt_lib_init_exceptions_1               0x080001f7   Thumb Code     0  libinit2.o(.ARM.Collect$$libinit$$00000030)
    __rt_lib_init_fp_1                       0x080001f7   Thumb Code     0  libinit2.o(.ARM.Collect$$libinit$$00000002)
    __rt_lib_init_fp_trap_1                  0x080001f7   Thumb Code     0  libinit2.o(.ARM.Collect$$libinit$$0000001F)
    __rt_lib_init_getenv_1                   0x080001f7   Thumb Code     0  libinit2.o(.ARM.Collect$$libinit$$00000023)
    __rt_lib_init_heap_1                     0x080001f7   Thumb Code     0  libinit2.o(.ARM.Collect$$libinit$$0000000A)
    __rt_lib_init_lc_collate_1               0x080001f7   Thumb Code     0  libinit2.o(.ARM.Collect$$libinit$$00000011)
    __rt_lib_init_lc_ctype_1                 0x080001f7   Thumb Code     0  libinit2.o(.ARM.Collect$$libinit$$00000013)
    __rt_lib_init_lc_monetary_1              0x080001f7   Thumb Code     0  libinit2.o(.ARM.Collect$$libinit$$00000015)
    __rt_lib_init_lc_numeric_1               0x080001f7   Thumb Code     0  libinit2.o(.ARM.Collect$$libinit$$00000017)
    __rt_lib_init_lc_time_1                  0x080001f7   Thumb Code     0  libinit2.o(.ARM.Collect$$libinit$$00000019)
    __rt_lib_init_preinit_1                  0x080001f7   Thumb Code     0  libinit2.o(.ARM.Collect$$libinit$$00000004)
    __rt_lib_init_rand_1                     0x080001f7   Thumb Code     0  libinit2.o(.ARM.Collect$$libinit$$0000000E)
    __rt_lib_init_return                     0x080001f7   Thumb Code     0  libinit2.o(.ARM.Collect$$libinit$$00000033)
    __rt_lib_init_signal_1                   0x080001f7   Thumb Code     0  libinit2.o(.ARM.Collect$$libinit$$0000001D)
    __rt_lib_init_stdio_1                    0x080001f7   Thumb Code     0  libinit2.o(.ARM.Collect$$libinit$$00000025)
    __rt_lib_init_user_alloc_1               0x080001f7   Thumb Code     0  libinit2.o(.ARM.Collect$$libinit$$0000000C)
    __rt_lib_shutdown                        0x080001f9   Thumb Code     0  libshutdown.o(.ARM.Collect$$libshutdown$$00000000)
    __rt_lib_shutdown_fp_trap_1              0x080001fb   Thumb Code     0  libshutdown2.o(.ARM.Collect$$libshutdown$$00000006)
    __rt_lib_shutdown_heap_1                 0x080001fb   Thumb Code     0  libshutdown2.o(.ARM.Collect$$libshutdown$$0000000E)
    __rt_lib_shutdown_return                 0x080001fb   Thumb Code     0  libshutdown2.o(.ARM.Collect$$libshutdown$$0000000F)
    __rt_lib_shutdown_signal_1               0x080001fb   Thumb Code     0  libshutdown2.o(.ARM.Collect$$libshutdown$$00000009)
    __rt_lib_shutdown_stdio_1                0x080001fb   Thumb Code     0  libshutdown2.o(.ARM.Collect$$libshutdown$$00000003)
    __rt_lib_shutdown_user_alloc_1           0x080001fb   Thumb Code     0  libshutdown2.o(.ARM.Collect$$libshutdown$$0000000B)
    __rt_entry                               0x080001fd   Thumb Code     0  __rtentry.o(.ARM.Collect$$rtentry$$00000000)
    __rt_entry_presh_1                       0x080001fd   Thumb Code     0  __rtentry2.o(.ARM.Collect$$rtentry$$00000002)
    __rt_entry_sh                            0x080001fd   Thumb Code     0  __rtentry4.o(.ARM.Collect$$rtentry$$00000004)
    __rt_entry_li                            0x08000203   Thumb Code     0  __rtentry2.o(.ARM.Collect$$rtentry$$0000000A)
    __rt_entry_postsh_1                      0x08000203   Thumb Code     0  __rtentry2.o(.ARM.Collect$$rtentry$$00000009)
    __rt_entry_main                          0x08000207   Thumb Code     0  __rtentry2.o(.ARM.Collect$$rtentry$$0000000D)
    __rt_entry_postli_1                      0x08000207   Thumb Code     0  __rtentry2.o(.ARM.Collect$$rtentry$$0000000C)
    __rt_exit                                0x0800020f   Thumb Code     0  rtexit.o(.ARM.Collect$$rtexit$$00000000)
    __rt_exit_ls                             0x08000211   Thumb Code     0  rtexit2.o(.ARM.Collect$$rtexit$$00000003)
    __rt_exit_prels_1                        0x08000211   Thumb Code     0  rtexit2.o(.ARM.Collect$$rtexit$$00000002)
    __rt_exit_exit                           0x08000215   Thumb Code     0  rtexit2.o(.ARM.Collect$$rtexit$$00000004)
    Reset_Handler                            0x0800021d   Thumb Code     8  startup_stm32f10x_hd.o(.text)
    ADC1_2_IRQHandler                        0x08000237   Thumb Code     0  startup_stm32f10x_hd.o(.text)
    ADC3_IRQHandler                          0x08000237   Thumb Code     0  startup_stm32f10x_hd.o(.text)
    CAN1_RX1_IRQHandler                      0x08000237   Thumb Code     0  startup_stm32f10x_hd.o(.text)
    CAN1_SCE_IRQHandler                      0x08000237   Thumb Code     0  startup_stm32f10x_hd.o(.text)
    DMA1_Channel1_IRQHandler                 0x08000237   Thumb Code     0  startup_stm32f10x_hd.o(.text)
    DMA1_Channel3_IRQHandler                 0x08000237   Thumb Code     0  startup_stm32f10x_hd.o(.text)
    DMA1_Channel5_IRQHandler                 0x08000237   Thumb Code     0  startup_stm32f10x_hd.o(.text)
    DMA1_Channel7_IRQHandler                 0x08000237   Thumb Code     0  startup_stm32f10x_hd.o(.text)
    DMA2_Channel1_IRQHandler                 0x08000237   Thumb Code     0  startup_stm32f10x_hd.o(.text)
    DMA2_Channel2_IRQHandler                 0x08000237   Thumb Code     0  startup_stm32f10x_hd.o(.text)
    DMA2_Channel4_5_IRQHandler               0x08000237   Thumb Code     0  startup_stm32f10x_hd.o(.text)
    EXTI0_IRQHandler                         0x08000237   Thumb Code     0  startup_stm32f10x_hd.o(.text)
    EXTI15_10_IRQHandler                     0x08000237   Thumb Code     0  startup_stm32f10x_hd.o(.text)
    EXTI2_IRQHandler                         0x08000237   Thumb Code     0  startup_stm32f10x_hd.o(.text)
    EXTI3_IRQHandler                         0x08000237   Thumb Code     0  startup_stm32f10x_hd.o(.text)
    EXTI4_IRQHandler                         0x08000237   Thumb Code     0  startup_stm32f10x_hd.o(.text)
    EXTI9_5_IRQHandler                       0x08000237   Thumb Code     0  startup_stm32f10x_hd.o(.text)
    FLASH_IRQHandler                         0x08000237   Thumb Code     0  startup_stm32f10x_hd.o(.text)
    FSMC_IRQHandler                          0x08000237   Thumb Code     0  startup_stm32f10x_hd.o(.text)
    I2C1_ER_IRQHandler                       0x08000237   Thumb Code     0  startup_stm32f10x_hd.o(.text)
    I2C1_EV_IRQHandler                       0x08000237   Thumb Code     0  startup_stm32f10x_hd.o(.text)
    I2C2_ER_IRQHandler                       0x08000237   Thumb Code     0  startup_stm32f10x_hd.o(.text)
    I2C2_EV_IRQHandler                       0x08000237   Thumb Code     0  startup_stm32f10x_hd.o(.text)
    PVD_IRQHandler                           0x08000237   Thumb Code     0  startup_stm32f10x_hd.o(.text)
    RCC_IRQHandler                           0x08000237   Thumb Code     0  startup_stm32f10x_hd.o(.text)
    RTCAlarm_IRQHandler                      0x08000237   Thumb Code     0  startup_stm32f10x_hd.o(.text)
    RTC_IRQHandler                           0x08000237   Thumb Code     0  startup_stm32f10x_hd.o(.text)
    SDIO_IRQHandler                          0x08000237   Thumb Code     0  startup_stm32f10x_hd.o(.text)
    SPI1_IRQHandler                          0x08000237   Thumb Code     0  startup_stm32f10x_hd.o(.text)
    SPI2_IRQHandler                          0x08000237   Thumb Code     0  startup_stm32f10x_hd.o(.text)
    SPI3_IRQHandler                          0x08000237   Thumb Code     0  startup_stm32f10x_hd.o(.text)
    TAMPER_IRQHandler                        0x08000237   Thumb Code     0  startup_stm32f10x_hd.o(.text)
    TIM1_BRK_IRQHandler                      0x08000237   Thumb Code     0  startup_stm32f10x_hd.o(.text)
    TIM1_CC_IRQHandler                       0x08000237   Thumb Code     0  startup_stm32f10x_hd.o(.text)
    TIM1_TRG_COM_IRQHandler                  0x08000237   Thumb Code     0  startup_stm32f10x_hd.o(.text)
    TIM1_UP_IRQHandler                       0x08000237   Thumb Code     0  startup_stm32f10x_hd.o(.text)
    TIM3_IRQHandler                          0x08000237   Thumb Code     0  startup_stm32f10x_hd.o(.text)
    TIM4_IRQHandler                          0x08000237   Thumb Code     0  startup_stm32f10x_hd.o(.text)
    TIM5_IRQHandler                          0x08000237   Thumb Code     0  startup_stm32f10x_hd.o(.text)
    TIM6_IRQHandler                          0x08000237   Thumb Code     0  startup_stm32f10x_hd.o(.text)
    TIM7_IRQHandler                          0x08000237   Thumb Code     0  startup_stm32f10x_hd.o(.text)
    TIM8_BRK_IRQHandler                      0x08000237   Thumb Code     0  startup_stm32f10x_hd.o(.text)
    TIM8_CC_IRQHandler                       0x08000237   Thumb Code     0  startup_stm32f10x_hd.o(.text)
    TIM8_TRG_COM_IRQHandler                  0x08000237   Thumb Code     0  startup_stm32f10x_hd.o(.text)
    TIM8_UP_IRQHandler                       0x08000237   Thumb Code     0  startup_stm32f10x_hd.o(.text)
    USBWakeUp_IRQHandler                     0x08000237   Thumb Code     0  startup_stm32f10x_hd.o(.text)
    USB_HP_CAN1_TX_IRQHandler                0x08000237   Thumb Code     0  startup_stm32f10x_hd.o(.text)
    USB_LP_CAN1_RX0_IRQHandler               0x08000237   Thumb Code     0  startup_stm32f10x_hd.o(.text)
    WWDG_IRQHandler                          0x08000237   Thumb Code     0  startup_stm32f10x_hd.o(.text)
    __user_initial_stackheap                 0x08000239   Thumb Code     0  startup_stm32f10x_hd.o(.text)
    __2snprintf                              0x0800025d   Thumb Code    48  noretval__2snprintf.o(.text)
    _printf_pre_padding                      0x08000291   Thumb Code    44  _printf_pad.o(.text)
    _printf_post_padding                     0x080002bd   Thumb Code    34  _printf_pad.o(.text)
    _printf_int_dec                          0x080002e1   Thumb Code   104  _printf_dec.o(.text)
    _printf_int_hex                          0x08000359   Thumb Code    84  _printf_hex_int.o(.text)
    _printf_longlong_hex                     0x08000359   Thumb Code     0  _printf_hex_int.o(.text)
    __printf                                 0x080003b1   Thumb Code   308  __printf_flags_wp.o(.text)
    strlen                                   0x080004e9   Thumb Code    62  strlen.o(.text)
    __use_two_region_memory                  0x08000527   Thumb Code     2  heapauxi.o(.text)
    __rt_heap_escrow$2region                 0x08000529   Thumb Code     2  heapauxi.o(.text)
    __rt_heap_expand$2region                 0x0800052b   Thumb Code     2  heapauxi.o(.text)
    _printf_int_common                       0x0800052d   Thumb Code   178  _printf_intcommon.o(.text)
    _printf_char_common                      0x080005eb   Thumb Code    32  _printf_char_common.o(.text)
    _sputc                                   0x08000611   Thumb Code    10  _sputc.o(.text)
    _snputc                                  0x0800061b   Thumb Code    16  _snputc.o(.text)
    __user_setup_stackheap                   0x0800062b   Thumb Code    74  sys_stackheap_outer.o(.text)
    exit                                     0x08000675   Thumb Code    12  exit.o(.text)
    __user_libspace                          0x08000681   Thumb Code     8  libspace.o(.text)
    __user_perproc_libspace                  0x08000681   Thumb Code     0  libspace.o(.text)
    __user_perthread_libspace                0x08000681   Thumb Code     0  libspace.o(.text)
    _sys_exit                                0x08000689   Thumb Code     8  sys_exit.o(.text)
    __I$use$semihosting                      0x08000695   Thumb Code     0  use_no_semi.o(.text)
    __use_no_semihosting_swi                 0x08000695   Thumb Code     2  use_no_semi.o(.text)
    BusFault_Handler                         0x08000697   Thumb Code     4  stm32f10x_it.o(i.BusFault_Handler)
    __semihosting_library_function           0x08000697   Thumb Code     0  indicate_semi.o(.text)
    Cal_SUM                                  0x0800069b   Thumb Code    28  time.o(i.Cal_SUM)
    Cal_XOR                                  0x080006b7   Thumb Code    26  time.o(i.Cal_XOR)
    CameraAtuoMode                           0x080006d1   Thumb Code   468  camera.o(i.CameraAtuoMode)
    CameraManuMode                           0x080008c1   Thumb Code   112  camera.o(i.CameraManuMode)
    CameraSynic                              0x08000945   Thumb Code    56  camera.o(i.CameraSynic)
    CameraSynic_clear                        0x08000985   Thumb Code    24  camera.o(i.CameraSynic_clear)
    Camera_Output                            0x080009ad   Thumb Code   288  camera.o(i.Camera_Output)
    DMA1_Channel2_IRQHandler                 0x08000add   Thumb Code    32  stm32f10x_it.o(i.DMA1_Channel2_IRQHandler)
    DMA1_Channel4_IRQHandler                 0x08000b01   Thumb Code    34  stm32f10x_it.o(i.DMA1_Channel4_IRQHandler)
    DMA1_Channel6_IRQHandler                 0x08000b29   Thumb Code    34  stm32f10x_it.o(i.DMA1_Channel6_IRQHandler)
    DMA2_Channel3_IRQHandler                 0x08000b51   Thumb Code    32  stm32f10x_it.o(i.DMA2_Channel3_IRQHandler)
    DMAUart_Read                             0x08000b79   Thumb Code   114  uart.o(i.DMAUart_Read)
    DMAUart_Rx_ISR                           0x08000beb   Thumb Code    94  uart.o(i.DMAUart_Rx_ISR)
    DMAUart_Send                             0x08000c49   Thumb Code   126  uart.o(i.DMAUart_Send)
    DMAUart_TC_ISR                           0x08000cc7   Thumb Code    98  uart.o(i.DMAUart_TC_ISR)
    DMA_ClearFlag                            0x08000d29   Thumb Code    18  stm32f10x_dma.o(i.DMA_ClearFlag)
    DMA_ClearITPendingBit                    0x08000d45   Thumb Code    18  stm32f10x_dma.o(i.DMA_ClearITPendingBit)
    DMA_Cmd                                  0x08000d61   Thumb Code    24  stm32f10x_dma.o(i.DMA_Cmd)
    DMA_DeInit                               0x08000d79   Thumb Code   324  stm32f10x_dma.o(i.DMA_DeInit)
    DMA_GetCurrDataCounter                   0x08000ec5   Thumb Code     8  stm32f10x_dma.o(i.DMA_GetCurrDataCounter)
    DMA_ITConfig                             0x08000ecd   Thumb Code    18  stm32f10x_dma.o(i.DMA_ITConfig)
    DMA_Init                                 0x08000edf   Thumb Code    60  stm32f10x_dma.o(i.DMA_Init)
    DMA_SetCurrDataCounter                   0x08000f1b   Thumb Code     4  stm32f10x_dma.o(i.DMA_SetCurrDataCounter)
    DMA_USART1_RX_Config                     0x08000f21   Thumb Code    84  cpu.o(i.DMA_USART1_RX_Config)
    DMA_USART1_TX_Config                     0x08000f81   Thumb Code   124  cpu.o(i.DMA_USART1_TX_Config)
    DMA_USART2_RX_Config                     0x08001009   Thumb Code    84  cpu.o(i.DMA_USART2_RX_Config)
    DMA_USART2_TX_Config                     0x08001069   Thumb Code   124  cpu.o(i.DMA_USART2_TX_Config)
    DMA_USART3_RX_Config                     0x080010f1   Thumb Code    84  cpu.o(i.DMA_USART3_RX_Config)
    DMA_USART3_TX_Config                     0x08001151   Thumb Code   124  cpu.o(i.DMA_USART3_TX_Config)
    DMA_USART4_RX_Config                     0x080011d9   Thumb Code    84  cpu.o(i.DMA_USART4_RX_Config)
    DMA_USART4_TX_Config                     0x08001239   Thumb Code   124  cpu.o(i.DMA_USART4_TX_Config)
    DebugMon_Handler                         0x080012c1   Thumb Code     2  stm32f10x_it.o(i.DebugMon_Handler)
    EXTI1_IRQHandler                         0x080012c5   Thumb Code    26  stm32f10x_it.o(i.EXTI1_IRQHandler)
    EXTI_ClearITPendingBit                   0x080012e5   Thumb Code     6  stm32f10x_exti.o(i.EXTI_ClearITPendingBit)
    EXTI_GetITStatus                         0x080012f1   Thumb Code    34  stm32f10x_exti.o(i.EXTI_GetITStatus)
    FLASH_PrefetchBufferCmd                  0x08001319   Thumb Code    22  stm32f10x_flash.o(i.FLASH_PrefetchBufferCmd)
    FLASH_SetLatency                         0x08001335   Thumb Code    18  stm32f10x_flash.o(i.FLASH_SetLatency)
    GNSS_PPS_Callback                        0x0800134d   Thumb Code    76  gnss.o(i.GNSS_PPS_Callback)
    GPIO_Init                                0x08001461   Thumb Code   278  stm32f10x_gpio.o(i.GPIO_Init)
    GPIO_ReadInputDataBit                    0x08001577   Thumb Code    18  stm32f10x_gpio.o(i.GPIO_ReadInputDataBit)
    GPIO_ResetBits                           0x08001589   Thumb Code     4  stm32f10x_gpio.o(i.GPIO_ResetBits)
    GPIO_SetBits                             0x0800158d   Thumb Code     4  stm32f10x_gpio.o(i.GPIO_SetBits)
    GPS_Output                               0x08001591   Thumb Code   152  sdata.o(i.GPS_Output)
    HardFault_Handler                        0x0800163d   Thumb Code     4  stm32f10x_it.o(i.HardFault_Handler)
    IMU_adi16505                             0x08001641   Thumb Code  1186  imu.o(i.IMU_adi16505)
    IMU_xsens                                0x08001af1   Thumb Code   394  imu.o(i.IMU_xsens)
    IWDG_Config                              0x08001c89   Thumb Code    34  cpu.o(i.IWDG_Config)
    IWDG_Enable                              0x08001cad   Thumb Code    10  stm32f10x_iwdg.o(i.IWDG_Enable)
    IWDG_ReloadCounter                       0x08001cbd   Thumb Code    10  stm32f10x_iwdg.o(i.IWDG_ReloadCounter)
    IWDG_SetPrescaler                        0x08001ccd   Thumb Code     6  stm32f10x_iwdg.o(i.IWDG_SetPrescaler)
    IWDG_SetReload                           0x08001cd9   Thumb Code     6  stm32f10x_iwdg.o(i.IWDG_SetReload)
    IWDG_WriteAccessCmd                      0x08001ce5   Thumb Code     6  stm32f10x_iwdg.o(i.IWDG_WriteAccessCmd)
    LED_Flash                                0x08001cf1   Thumb Code    40  sdata.o(i.LED_Flash)
    MemManage_Handler                        0x08001d21   Thumb Code     4  stm32f10x_it.o(i.MemManage_Handler)
    NMI_Handler                              0x08001d25   Thumb Code     2  stm32f10x_it.o(i.NMI_Handler)
    NVIC_Init                                0x08001d29   Thumb Code   100  misc.o(i.NVIC_Init)
    NVIC_PriorityGroupConfig                 0x08001d99   Thumb Code    10  misc.o(i.NVIC_PriorityGroupConfig)
    PC_SendMode                              0x08001ec5   Thumb Code   138  pc_mcu.o(i.PC_SendMode)
    PendSV_Handler                           0x0800207d   Thumb Code     2  stm32f10x_it.o(i.PendSV_Handler)
    RCC_ADCCLKConfig                         0x08002081   Thumb Code    18  stm32f10x_rcc.o(i.RCC_ADCCLKConfig)
    RCC_AHBPeriphClockCmd                    0x08002099   Thumb Code    26  stm32f10x_rcc.o(i.RCC_AHBPeriphClockCmd)
    RCC_APB1PeriphClockCmd                   0x080020b9   Thumb Code    26  stm32f10x_rcc.o(i.RCC_APB1PeriphClockCmd)
    RCC_APB2PeriphClockCmd                   0x080020d9   Thumb Code    26  stm32f10x_rcc.o(i.RCC_APB2PeriphClockCmd)
    RCC_ClockConfig                          0x080020f9   Thumb Code   122  cpu.o(i.RCC_ClockConfig)
    RCC_DeInit                               0x08002175   Thumb Code    64  stm32f10x_rcc.o(i.RCC_DeInit)
    RCC_GetClocksFreq                        0x080021c1   Thumb Code   192  stm32f10x_rcc.o(i.RCC_GetClocksFreq)
    RCC_GetFlagStatus                        0x08002295   Thumb Code    56  stm32f10x_rcc.o(i.RCC_GetFlagStatus)
    RCC_GetSYSCLKSource                      0x080022d1   Thumb Code    10  stm32f10x_rcc.o(i.RCC_GetSYSCLKSource)
    RCC_HCLKConfig                           0x080022e1   Thumb Code    18  stm32f10x_rcc.o(i.RCC_HCLKConfig)
    RCC_HSEConfig                            0x080022f9   Thumb Code    70  stm32f10x_rcc.o(i.RCC_HSEConfig)
    RCC_PCLK1Config                          0x08002345   Thumb Code    18  stm32f10x_rcc.o(i.RCC_PCLK1Config)
    RCC_PCLK2Config                          0x0800235d   Thumb Code    20  stm32f10x_rcc.o(i.RCC_PCLK2Config)
    RCC_PLLCmd                               0x08002375   Thumb Code     6  stm32f10x_rcc.o(i.RCC_PLLCmd)
    RCC_PLLConfig                            0x08002381   Thumb Code    24  stm32f10x_rcc.o(i.RCC_PLLConfig)
    RCC_SYSCLKConfig                         0x0800239d   Thumb Code    18  stm32f10x_rcc.o(i.RCC_SYSCLKConfig)
    RCC_WaitForHSEStartUp                    0x080023b5   Thumb Code    56  stm32f10x_rcc.o(i.RCC_WaitForHSEStartUp)
    SVC_Handler                              0x08002419   Thumb Code     2  stm32f10x_it.o(i.SVC_Handler)
    SysTick_Handler                          0x08002505   Thumb Code     2  stm32f10x_it.o(i.SysTick_Handler)
    Sys_Config                               0x08002507   Thumb Code    32  cpu.o(i.Sys_Config)
    SystemInit                               0x08002529   Thumb Code    78  system_stm32f10x.o(i.SystemInit)
    TIM2_Config                              0x08002589   Thumb Code    94  cpu.o(i.TIM2_Config)
    TIM2_IRQHandler                          0x080025e7   Thumb Code    30  stm32f10x_it.o(i.TIM2_IRQHandler)
    TIM_ClearITPendingBit                    0x08002605   Thumb Code     6  stm32f10x_tim.o(i.TIM_ClearITPendingBit)
    TIM_Cmd                                  0x0800260b   Thumb Code    24  stm32f10x_tim.o(i.TIM_Cmd)
    TIM_GNSS_CallBack                        0x08002625   Thumb Code    72  gnss.o(i.TIM_GNSS_CallBack)
    TIM_GetITStatus                          0x0800267d   Thumb Code    34  stm32f10x_tim.o(i.TIM_GetITStatus)
    TIM_ITConfig                             0x0800269f   Thumb Code    18  stm32f10x_tim.o(i.TIM_ITConfig)
    TIM_TimeBaseInit                         0x080026b1   Thumb Code   122  stm32f10x_tim.o(i.TIM_TimeBaseInit)
    Timer3_IRQ                               0x08002755   Thumb Code   124  sdata.o(i.Timer3_IRQ)
    UART4_IRQHandler                         0x080027e1   Thumb Code    84  stm32f10x_it.o(i.UART4_IRQHandler)
    UART5_IRQHandler                         0x0800283d   Thumb Code    72  stm32f10x_it.o(i.UART5_IRQHandler)
    USART1_Config                            0x0800288d   Thumb Code   190  cpu.o(i.USART1_Config)
    USART1_IRQHandler                        0x08002955   Thumb Code    84  stm32f10x_it.o(i.USART1_IRQHandler)
    USART2_Config                            0x080029b1   Thumb Code   186  cpu.o(i.USART2_Config)
    USART2_IRQHandler                        0x08002a75   Thumb Code    84  stm32f10x_it.o(i.USART2_IRQHandler)
    USART3_Config                            0x08002ad1   Thumb Code   190  cpu.o(i.USART3_Config)
    USART3_IRQHandler                        0x08002b99   Thumb Code    84  stm32f10x_it.o(i.USART3_IRQHandler)
    USART4_Config                            0x08002bf5   Thumb Code   190  cpu.o(i.USART4_Config)
    USART5_Config                            0x08002cbd   Thumb Code   154  cpu.o(i.USART5_Config)
    USART_ClearFlag                          0x08002d65   Thumb Code    18  stm32f10x_usart.o(i.USART_ClearFlag)
    USART_ClearITPendingBit                  0x08002d77   Thumb Code    30  stm32f10x_usart.o(i.USART_ClearITPendingBit)
    USART_Cmd                                0x08002d95   Thumb Code    24  stm32f10x_usart.o(i.USART_Cmd)
    USART_DMACmd                             0x08002dad   Thumb Code    18  stm32f10x_usart.o(i.USART_DMACmd)
    USART_GetFlagStatus                      0x08002dbf   Thumb Code    26  stm32f10x_usart.o(i.USART_GetFlagStatus)
    USART_GetITStatus                        0x08002dd9   Thumb Code    84  stm32f10x_usart.o(i.USART_GetITStatus)
    USART_ITConfig                           0x08002e2d   Thumb Code    74  stm32f10x_usart.o(i.USART_ITConfig)
    USART_Init                               0x08002e79   Thumb Code   210  stm32f10x_usart.o(i.USART_Init)
    USART_ReceiveData                        0x08002f51   Thumb Code    10  stm32f10x_usart.o(i.USART_ReceiveData)
    USART_SendData                           0x08002f5b   Thumb Code     8  stm32f10x_usart.o(i.USART_SendData)
    Uartx_Send                               0x08002f63   Thumb Code   170  uart.o(i.Uartx_Send)
    Uartx_TC_ISR                             0x0800300d   Thumb Code    88  uart.o(i.Uartx_TC_ISR)
    UsageFault_Handler                       0x08003065   Thumb Code     4  stm32f10x_it.o(i.UsageFault_Handler)
    _is_digit                                0x08003069   Thumb Code    14  __printf_wp.o(i._is_digit)
    get_month_days                           0x08003079   Thumb Code    62  time.o(i.get_month_days)
    grmc_check                               0x080030c9   Thumb Code    28  sdata.o(i.grmc_check)
    main                                     0x080030e5   Thumb Code   116  main.o(i.main)
    proc_GNSS                                0x08003175   Thumb Code    50  gnss.o(i.proc_GNSS)
    proc_IMU                                 0x080031b5   Thumb Code   130  imu.o(i.proc_IMU)
    proc_PCMsg                               0x08003249   Thumb Code    42  pc_mcu.o(i.proc_PCMsg)
    proc_gnssdata                            0x0800327d   Thumb Code  1184  gnss.o(i.proc_gnssdata)
    usrGetTime                               0x08003731   Thumb Code    12  time.o(i.usrGetTime)
    usrSetTime                               0x08003741   Thumb Code    28  time.o(i.usrSetTime)
    usrTimeSetMSZero                         0x08003761   Thumb Code     8  time.o(i.usrTimeSetMSZero)
    usrTimeUpdate                            0x0800376d   Thumb Code   154  time.o(i.usrTimeUpdate)
    __aeabi_d2f                              0x0800380d   Thumb Code     0  d2f.o(x$fpl$d2f)
    _d2f                                     0x0800380d   Thumb Code    98  d2f.o(x$fpl$d2f)
    __aeabi_ddiv                             0x08003871   Thumb Code     0  ddiv.o(x$fpl$ddiv)
    _ddiv                                    0x08003871   Thumb Code   552  ddiv.o(x$fpl$ddiv)
    __aeabi_ui2d                             0x08003b21   Thumb Code     0  dflt_clz.o(x$fpl$dfltu)
    _dfltu                                   0x08003b21   Thumb Code    38  dflt_clz.o(x$fpl$dfltu)
    __aeabi_dmul                             0x08003b49   Thumb Code     0  dmul.o(x$fpl$dmul)
    _dmul                                    0x08003b49   Thumb Code   332  dmul.o(x$fpl$dmul)
    __fpl_dnaninf                            0x08003c9d   Thumb Code   156  dnaninf.o(x$fpl$dnaninf)
    __fpl_dretinf                            0x08003d39   Thumb Code    12  dretinf.o(x$fpl$dretinf)
    __fpl_fretinf                            0x08003d45   Thumb Code    10  fretinf.o(x$fpl$fretinf)
    __I$use$fp                               0x08003d4e   Number         0  usenofp.o(x$fpl$usenofp)
    Region$$Table$$Base                      0x08003e40   Number         0  anon$$obj.o(Region$$Table)
    Region$$Table$$Limit                     0x08003e60   Number         0  anon$$obj.o(Region$$Table)
    g_Uart1TxBuf                             0x20000014   Data          28  uart.o(.data)
    g_Uart2TxBuf                             0x20000030   Data          28  uart.o(.data)
    g_Uart3TxBuf                             0x2000004c   Data          28  uart.o(.data)
    g_Uart4TxBuf                             0x20000068   Data          28  uart.o(.data)
    g_Uart5TxBuf                             0x20000084   Data          28  uart.o(.data)
    g_Uart1RxBuf                             0x200000a0   Data          28  uart.o(.data)
    g_Uart2RxBuf                             0x200000bc   Data          28  uart.o(.data)
    g_Uart3RxBuf                             0x200000d8   Data          28  uart.o(.data)
    g_Uart4RxBuf                             0x200000f4   Data          28  uart.o(.data)
    g_nGPSTxEnable                           0x20000110   Data           1  sdata.o(.data)
    g_nPCModeEnable                          0x20000111   Data           1  sdata.o(.data)
    g_nCameraTxEnable                        0x20000112   Data           1  sdata.o(.data)
    g_nSysWork                               0x20000114   Data           1  pc_mcu.o(.data)
    g_nGPSOK                                 0x20000115   Data           1  pc_mcu.o(.data)
    g_nIMUState                              0x20000116   Data           1  pc_mcu.o(.data)
    g_nGNSSState                             0x20000117   Data           1  pc_mcu.o(.data)
    g_nCameraMode                            0x20000118   Data           1  pc_mcu.o(.data)
    g_nCameraTri                             0x20000119   Data           1  pc_mcu.o(.data)
    g_CameraPulse                            0x2000011a   Data           1  pc_mcu.o(.data)
    g_PulseGap                               0x2000011c   Data           2  pc_mcu.o(.data)
    g_SysTime                                0x20000122   Data           8  time.o(.data)
    g_ImuTime                                0x2000012a   Data           8  time.o(.data)
    __libspace_start                         0x20001180   Data          96  libspace.o(.bss)
    __temporary_stack_top$libspace           0x200011e0   Data           0  libspace.o(.bss)



==============================================================================

Memory Map of the image

  Image Entry point : 0x08000131

  Load Region LR_IROM1 (Base: 0x08000000, Size: 0x00003fd0, Max: 0x00040000, ABSOLUTE, COMPRESSED[0x00003f28])

    Execution Region ER_IROM1 (Base: 0x08000000, Size: 0x00003e60, Max: 0x00040000, ABSOLUTE)

    Base Addr    Size         Type   Attr      Idx    E Section Name        Object

    0x08000000   0x00000130   Data   RO            3    RESET               startup_stm32f10x_hd.o
    0x08000130   0x00000008   Code   RO         2454  * !!!main             c_w.l(__main.o)
    0x08000138   0x00000034   Code   RO         2644    !!!scatter          c_w.l(__scatter.o)
    0x0800016c   0x0000005a   Code   RO         2642    !!dczerorl2         c_w.l(__dczerorl2.o)
    0x080001c6   0x00000002   PAD
    0x080001c8   0x0000001c   Code   RO         2646    !!handler_zi        c_w.l(__scatter_zi.o)
    0x080001e4   0x00000000   Code   RO         2449    .ARM.Collect$$_printf_percent$$00000000  c_w.l(_printf_percent.o)
    0x080001e4   0x00000006   Code   RO         2448    .ARM.Collect$$_printf_percent$$00000009  c_w.l(_printf_d.o)
    0x080001ea   0x00000006   Code   RO         2447    .ARM.Collect$$_printf_percent$$0000000C  c_w.l(_printf_x.o)
    0x080001f0   0x00000004   Code   RO         2479    .ARM.Collect$$_printf_percent$$00000017  c_w.l(_printf_percent_end.o)
    0x080001f4   0x00000002   Code   RO         2513    .ARM.Collect$$libinit$$00000000  c_w.l(libinit.o)
    0x080001f6   0x00000000   Code   RO         2520    .ARM.Collect$$libinit$$00000002  c_w.l(libinit2.o)
    0x080001f6   0x00000000   Code   RO         2522    .ARM.Collect$$libinit$$00000004  c_w.l(libinit2.o)
    0x080001f6   0x00000000   Code   RO         2525    .ARM.Collect$$libinit$$0000000A  c_w.l(libinit2.o)
    0x080001f6   0x00000000   Code   RO         2527    .ARM.Collect$$libinit$$0000000C  c_w.l(libinit2.o)
    0x080001f6   0x00000000   Code   RO         2529    .ARM.Collect$$libinit$$0000000E  c_w.l(libinit2.o)
    0x080001f6   0x00000000   Code   RO         2532    .ARM.Collect$$libinit$$00000011  c_w.l(libinit2.o)
    0x080001f6   0x00000000   Code   RO         2534    .ARM.Collect$$libinit$$00000013  c_w.l(libinit2.o)
    0x080001f6   0x00000000   Code   RO         2536    .ARM.Collect$$libinit$$00000015  c_w.l(libinit2.o)
    0x080001f6   0x00000000   Code   RO         2538    .ARM.Collect$$libinit$$00000017  c_w.l(libinit2.o)
    0x080001f6   0x00000000   Code   RO         2540    .ARM.Collect$$libinit$$00000019  c_w.l(libinit2.o)
    0x080001f6   0x00000000   Code   RO         2542    .ARM.Collect$$libinit$$0000001B  c_w.l(libinit2.o)
    0x080001f6   0x00000000   Code   RO         2544    .ARM.Collect$$libinit$$0000001D  c_w.l(libinit2.o)
    0x080001f6   0x00000000   Code   RO         2546    .ARM.Collect$$libinit$$0000001F  c_w.l(libinit2.o)
    0x080001f6   0x00000000   Code   RO         2548    .ARM.Collect$$libinit$$00000021  c_w.l(libinit2.o)
    0x080001f6   0x00000000   Code   RO         2550    .ARM.Collect$$libinit$$00000023  c_w.l(libinit2.o)
    0x080001f6   0x00000000   Code   RO         2552    .ARM.Collect$$libinit$$00000025  c_w.l(libinit2.o)
    0x080001f6   0x00000000   Code   RO         2556    .ARM.Collect$$libinit$$0000002C  c_w.l(libinit2.o)
    0x080001f6   0x00000000   Code   RO         2558    .ARM.Collect$$libinit$$0000002E  c_w.l(libinit2.o)
    0x080001f6   0x00000000   Code   RO         2560    .ARM.Collect$$libinit$$00000030  c_w.l(libinit2.o)
    0x080001f6   0x00000000   Code   RO         2562    .ARM.Collect$$libinit$$00000032  c_w.l(libinit2.o)
    0x080001f6   0x00000002   Code   RO         2563    .ARM.Collect$$libinit$$00000033  c_w.l(libinit2.o)
    0x080001f8   0x00000002   Code   RO         2583    .ARM.Collect$$libshutdown$$00000000  c_w.l(libshutdown.o)
    0x080001fa   0x00000000   Code   RO         2597    .ARM.Collect$$libshutdown$$00000003  c_w.l(libshutdown2.o)
    0x080001fa   0x00000000   Code   RO         2600    .ARM.Collect$$libshutdown$$00000006  c_w.l(libshutdown2.o)
    0x080001fa   0x00000000   Code   RO         2603    .ARM.Collect$$libshutdown$$00000009  c_w.l(libshutdown2.o)
    0x080001fa   0x00000000   Code   RO         2605    .ARM.Collect$$libshutdown$$0000000B  c_w.l(libshutdown2.o)
    0x080001fa   0x00000000   Code   RO         2608    .ARM.Collect$$libshutdown$$0000000E  c_w.l(libshutdown2.o)
    0x080001fa   0x00000002   Code   RO         2609    .ARM.Collect$$libshutdown$$0000000F  c_w.l(libshutdown2.o)
    0x080001fc   0x00000000   Code   RO         2470    .ARM.Collect$$rtentry$$00000000  c_w.l(__rtentry.o)
    0x080001fc   0x00000000   Code   RO         2488    .ARM.Collect$$rtentry$$00000002  c_w.l(__rtentry2.o)
    0x080001fc   0x00000006   Code   RO         2500    .ARM.Collect$$rtentry$$00000004  c_w.l(__rtentry4.o)
    0x08000202   0x00000000   Code   RO         2490    .ARM.Collect$$rtentry$$00000009  c_w.l(__rtentry2.o)
    0x08000202   0x00000004   Code   RO         2491    .ARM.Collect$$rtentry$$0000000A  c_w.l(__rtentry2.o)
    0x08000206   0x00000000   Code   RO         2493    .ARM.Collect$$rtentry$$0000000C  c_w.l(__rtentry2.o)
    0x08000206   0x00000008   Code   RO         2494    .ARM.Collect$$rtentry$$0000000D  c_w.l(__rtentry2.o)
    0x0800020e   0x00000002   Code   RO         2517    .ARM.Collect$$rtexit$$00000000  c_w.l(rtexit.o)
    0x08000210   0x00000000   Code   RO         2565    .ARM.Collect$$rtexit$$00000002  c_w.l(rtexit2.o)
    0x08000210   0x00000004   Code   RO         2566    .ARM.Collect$$rtexit$$00000003  c_w.l(rtexit2.o)
    0x08000214   0x00000006   Code   RO         2567    .ARM.Collect$$rtexit$$00000004  c_w.l(rtexit2.o)
    0x0800021a   0x00000002   PAD
    0x0800021c   0x00000040   Code   RO            4    .text               startup_stm32f10x_hd.o
    0x0800025c   0x00000034   Code   RO         2398    .text               c_w.l(noretval__2snprintf.o)
    0x08000290   0x0000004e   Code   RO         2402    .text               c_w.l(_printf_pad.o)
    0x080002de   0x00000002   PAD
    0x080002e0   0x00000078   Code   RO         2404    .text               c_w.l(_printf_dec.o)
    0x08000358   0x00000058   Code   RO         2409    .text               c_w.l(_printf_hex_int.o)
    0x080003b0   0x00000138   Code   RO         2439    .text               c_w.l(__printf_flags_wp.o)
    0x080004e8   0x0000003e   Code   RO         2450    .text               c_w.l(strlen.o)
    0x08000526   0x00000006   Code   RO         2452    .text               c_w.l(heapauxi.o)
    0x0800052c   0x000000b2   Code   RO         2471    .text               c_w.l(_printf_intcommon.o)
    0x080005de   0x00000002   PAD
    0x080005e0   0x00000030   Code   RO         2473    .text               c_w.l(_printf_char_common.o)
    0x08000610   0x0000000a   Code   RO         2475    .text               c_w.l(_sputc.o)
    0x0800061a   0x00000010   Code   RO         2477    .text               c_w.l(_snputc.o)
    0x0800062a   0x0000004a   Code   RO         2504    .text               c_w.l(sys_stackheap_outer.o)
    0x08000674   0x0000000c   Code   RO         2506    .text               c_w.l(exit.o)
    0x08000680   0x00000008   Code   RO         2514    .text               c_w.l(libspace.o)
    0x08000688   0x0000000c   Code   RO         2575    .text               c_w.l(sys_exit.o)
    0x08000694   0x00000002   Code   RO         2586    .text               c_w.l(use_no_semi.o)
    0x08000696   0x00000000   Code   RO         2588    .text               c_w.l(indicate_semi.o)
    0x08000696   0x00000004   Code   RO         1829    i.BusFault_Handler  stm32f10x_it.o
    0x0800069a   0x0000001c   Code   RO         2230    i.Cal_SUM           time.o
    0x080006b6   0x0000001a   Code   RO         2231    i.Cal_XOR           time.o
    0x080006d0   0x000001f0   Code   RO         2355    i.CameraAtuoMode    camera.o
    0x080008c0   0x00000084   Code   RO         2356    i.CameraManuMode    camera.o
    0x08000944   0x00000040   Code   RO         2357    i.CameraSynic       camera.o
    0x08000984   0x00000028   Code   RO         2358    i.CameraSynic_clear  camera.o
    0x080009ac   0x00000130   Code   RO         2359    i.Camera_Output     camera.o
    0x08000adc   0x00000024   Code   RO         1830    i.DMA1_Channel2_IRQHandler  stm32f10x_it.o
    0x08000b00   0x00000028   Code   RO         1831    i.DMA1_Channel4_IRQHandler  stm32f10x_it.o
    0x08000b28   0x00000028   Code   RO         1832    i.DMA1_Channel6_IRQHandler  stm32f10x_it.o
    0x08000b50   0x00000028   Code   RO         1833    i.DMA2_Channel3_IRQHandler  stm32f10x_it.o
    0x08000b78   0x00000072   Code   RO         2071    i.DMAUart_Read      uart.o
    0x08000bea   0x0000005e   Code   RO         2072    i.DMAUart_Rx_ISR    uart.o
    0x08000c48   0x0000007e   Code   RO         2073    i.DMAUart_Send      uart.o
    0x08000cc6   0x00000062   Code   RO         2074    i.DMAUart_TC_ISR    uart.o
    0x08000d28   0x0000001c   Code   RO          369    i.DMA_ClearFlag     stm32f10x_dma.o
    0x08000d44   0x0000001c   Code   RO          370    i.DMA_ClearITPendingBit  stm32f10x_dma.o
    0x08000d60   0x00000018   Code   RO          371    i.DMA_Cmd           stm32f10x_dma.o
    0x08000d78   0x0000014c   Code   RO          372    i.DMA_DeInit        stm32f10x_dma.o
    0x08000ec4   0x00000008   Code   RO          373    i.DMA_GetCurrDataCounter  stm32f10x_dma.o
    0x08000ecc   0x00000012   Code   RO          376    i.DMA_ITConfig      stm32f10x_dma.o
    0x08000ede   0x0000003c   Code   RO          377    i.DMA_Init          stm32f10x_dma.o
    0x08000f1a   0x00000004   Code   RO          378    i.DMA_SetCurrDataCounter  stm32f10x_dma.o
    0x08000f1e   0x00000002   PAD
    0x08000f20   0x00000060   Code   RO         1958    i.DMA_USART1_RX_Config  cpu.o
    0x08000f80   0x00000088   Code   RO         1959    i.DMA_USART1_TX_Config  cpu.o
    0x08001008   0x00000060   Code   RO         1960    i.DMA_USART2_RX_Config  cpu.o
    0x08001068   0x00000088   Code   RO         1961    i.DMA_USART2_TX_Config  cpu.o
    0x080010f0   0x00000060   Code   RO         1962    i.DMA_USART3_RX_Config  cpu.o
    0x08001150   0x00000088   Code   RO         1963    i.DMA_USART3_TX_Config  cpu.o
    0x080011d8   0x00000060   Code   RO         1964    i.DMA_USART4_RX_Config  cpu.o
    0x08001238   0x00000088   Code   RO         1965    i.DMA_USART4_TX_Config  cpu.o
    0x080012c0   0x00000002   Code   RO         1834    i.DebugMon_Handler  stm32f10x_it.o
    0x080012c2   0x00000002   PAD
    0x080012c4   0x00000020   Code   RO         1835    i.EXTI1_IRQHandler  stm32f10x_it.o
    0x080012e4   0x0000000c   Code   RO          138    i.EXTI_ClearITPendingBit  stm32f10x_exti.o
    0x080012f0   0x00000028   Code   RO          142    i.EXTI_GetITStatus  stm32f10x_exti.o
    0x08001318   0x0000001c   Code   RO         1632    i.FLASH_PrefetchBufferCmd  stm32f10x_flash.o
    0x08001334   0x00000018   Code   RO         1637    i.FLASH_SetLatency  stm32f10x_flash.o
    0x0800134c   0x0000006c   Code   RO         2322    i.GNSS_PPS_Callback  gnss.o
    0x080013b8   0x000000a8   Code   RO         1966    i.GPIO_Config       cpu.o
    0x08001460   0x00000116   Code   RO          447    i.GPIO_Init         stm32f10x_gpio.o
    0x08001576   0x00000012   Code   RO          451    i.GPIO_ReadInputDataBit  stm32f10x_gpio.o
    0x08001588   0x00000004   Code   RO          454    i.GPIO_ResetBits    stm32f10x_gpio.o
    0x0800158c   0x00000004   Code   RO          455    i.GPIO_SetBits      stm32f10x_gpio.o
    0x08001590   0x000000ac   Code   RO         2149    i.GPS_Output        sdata.o
    0x0800163c   0x00000004   Code   RO         1836    i.HardFault_Handler  stm32f10x_it.o
    0x08001640   0x000004b0   Code   RO         2291    i.IMU_adi16505      imu.o
    0x08001af0   0x00000198   Code   RO         2292    i.IMU_xsens         imu.o
    0x08001c88   0x00000022   Code   RO         1967    i.IWDG_Config       cpu.o
    0x08001caa   0x00000002   PAD
    0x08001cac   0x00000010   Code   RO          555    i.IWDG_Enable       stm32f10x_iwdg.o
    0x08001cbc   0x00000010   Code   RO          557    i.IWDG_ReloadCounter  stm32f10x_iwdg.o
    0x08001ccc   0x0000000c   Code   RO          558    i.IWDG_SetPrescaler  stm32f10x_iwdg.o
    0x08001cd8   0x0000000c   Code   RO          559    i.IWDG_SetReload    stm32f10x_iwdg.o
    0x08001ce4   0x0000000c   Code   RO          560    i.IWDG_WriteAccessCmd  stm32f10x_iwdg.o
    0x08001cf0   0x00000030   Code   RO         2150    i.LED_Flash         sdata.o
    0x08001d20   0x00000004   Code   RO         1837    i.MemManage_Handler  stm32f10x_it.o
    0x08001d24   0x00000002   Code   RO         1838    i.NMI_Handler       stm32f10x_it.o
    0x08001d26   0x00000002   PAD
    0x08001d28   0x00000070   Code   RO         1579    i.NVIC_Init         misc.o
    0x08001d98   0x00000014   Code   RO         1580    i.NVIC_PriorityGroupConfig  misc.o
    0x08001dac   0x00000118   Code   RO         2194    i.PC_Msg            pc_mcu.o
    0x08001ec4   0x00000098   Code   RO         2195    i.PC_SendMode       pc_mcu.o
    0x08001f5c   0x00000120   Code   RO         2196    i.Parse_Data        pc_mcu.o
    0x0800207c   0x00000002   Code   RO         1839    i.PendSV_Handler    stm32f10x_it.o
    0x0800207e   0x00000002   PAD
    0x08002080   0x00000018   Code   RO          597    i.RCC_ADCCLKConfig  stm32f10x_rcc.o
    0x08002098   0x00000020   Code   RO          598    i.RCC_AHBPeriphClockCmd  stm32f10x_rcc.o
    0x080020b8   0x00000020   Code   RO          599    i.RCC_APB1PeriphClockCmd  stm32f10x_rcc.o
    0x080020d8   0x00000020   Code   RO          601    i.RCC_APB2PeriphClockCmd  stm32f10x_rcc.o
    0x080020f8   0x0000007a   Code   RO         1968    i.RCC_ClockConfig   cpu.o
    0x08002172   0x00000002   PAD
    0x08002174   0x0000004c   Code   RO          608    i.RCC_DeInit        stm32f10x_rcc.o
    0x080021c0   0x000000d4   Code   RO          609    i.RCC_GetClocksFreq  stm32f10x_rcc.o
    0x08002294   0x0000003c   Code   RO          610    i.RCC_GetFlagStatus  stm32f10x_rcc.o
    0x080022d0   0x00000010   Code   RO          612    i.RCC_GetSYSCLKSource  stm32f10x_rcc.o
    0x080022e0   0x00000018   Code   RO          613    i.RCC_HCLKConfig    stm32f10x_rcc.o
    0x080022f8   0x0000004c   Code   RO          614    i.RCC_HSEConfig     stm32f10x_rcc.o
    0x08002344   0x00000018   Code   RO          620    i.RCC_PCLK1Config   stm32f10x_rcc.o
    0x0800235c   0x00000018   Code   RO          621    i.RCC_PCLK2Config   stm32f10x_rcc.o
    0x08002374   0x0000000c   Code   RO          622    i.RCC_PLLCmd        stm32f10x_rcc.o
    0x08002380   0x0000001c   Code   RO          623    i.RCC_PLLConfig     stm32f10x_rcc.o
    0x0800239c   0x00000018   Code   RO          626    i.RCC_SYSCLKConfig  stm32f10x_rcc.o
    0x080023b4   0x00000038   Code   RO          628    i.RCC_WaitForHSEStartUp  stm32f10x_rcc.o
    0x080023ec   0x0000002c   Code   RO         2075    i.RS485_SetBit      uart.o
    0x08002418   0x00000002   Code   RO         1840    i.SVC_Handler       stm32f10x_it.o
    0x0800241a   0x00000008   Code   RO           24    i.SetSysClock       system_stm32f10x.o
    0x08002422   0x00000002   PAD
    0x08002424   0x000000e0   Code   RO           25    i.SetSysClockTo72   system_stm32f10x.o
    0x08002504   0x00000002   Code   RO         1841    i.SysTick_Handler   stm32f10x_it.o
    0x08002506   0x00000020   Code   RO         1969    i.Sys_Config        cpu.o
    0x08002526   0x00000002   PAD
    0x08002528   0x00000060   Code   RO           27    i.SystemInit        system_stm32f10x.o
    0x08002588   0x0000005e   Code   RO         1970    i.TIM2_Config       cpu.o
    0x080025e6   0x0000001e   Code   RO         1842    i.TIM2_IRQHandler   stm32f10x_it.o
    0x08002604   0x00000006   Code   RO          808    i.TIM_ClearITPendingBit  stm32f10x_tim.o
    0x0800260a   0x00000018   Code   RO          813    i.TIM_Cmd           stm32f10x_tim.o
    0x08002622   0x00000002   PAD
    0x08002624   0x00000058   Code   RO         2323    i.TIM_GNSS_CallBack  gnss.o
    0x0800267c   0x00000022   Code   RO          834    i.TIM_GetITStatus   stm32f10x_tim.o
    0x0800269e   0x00000012   Code   RO          838    i.TIM_ITConfig      stm32f10x_tim.o
    0x080026b0   0x000000a4   Code   RO          884    i.TIM_TimeBaseInit  stm32f10x_tim.o
    0x08002754   0x0000008c   Code   RO         2151    i.Timer3_IRQ        sdata.o
    0x080027e0   0x0000005c   Code   RO         1843    i.UART4_IRQHandler  stm32f10x_it.o
    0x0800283c   0x00000050   Code   RO         1844    i.UART5_IRQHandler  stm32f10x_it.o
    0x0800288c   0x000000c8   Code   RO         1971    i.USART1_Config     cpu.o
    0x08002954   0x0000005c   Code   RO         1845    i.USART1_IRQHandler  stm32f10x_it.o
    0x080029b0   0x000000c4   Code   RO         1972    i.USART2_Config     cpu.o
    0x08002a74   0x0000005c   Code   RO         1846    i.USART2_IRQHandler  stm32f10x_it.o
    0x08002ad0   0x000000c8   Code   RO         1973    i.USART3_Config     cpu.o
    0x08002b98   0x0000005c   Code   RO         1847    i.USART3_IRQHandler  stm32f10x_it.o
    0x08002bf4   0x000000c8   Code   RO         1974    i.USART4_Config     cpu.o
    0x08002cbc   0x000000a8   Code   RO         1975    i.USART5_Config     cpu.o
    0x08002d64   0x00000012   Code   RO         1345    i.USART_ClearFlag   stm32f10x_usart.o
    0x08002d76   0x0000001e   Code   RO         1346    i.USART_ClearITPendingBit  stm32f10x_usart.o
    0x08002d94   0x00000018   Code   RO         1349    i.USART_Cmd         stm32f10x_usart.o
    0x08002dac   0x00000012   Code   RO         1350    i.USART_DMACmd      stm32f10x_usart.o
    0x08002dbe   0x0000001a   Code   RO         1352    i.USART_GetFlagStatus  stm32f10x_usart.o
    0x08002dd8   0x00000054   Code   RO         1353    i.USART_GetITStatus  stm32f10x_usart.o
    0x08002e2c   0x0000004a   Code   RO         1355    i.USART_ITConfig    stm32f10x_usart.o
    0x08002e76   0x00000002   PAD
    0x08002e78   0x000000d8   Code   RO         1356    i.USART_Init        stm32f10x_usart.o
    0x08002f50   0x0000000a   Code   RO         1363    i.USART_ReceiveData  stm32f10x_usart.o
    0x08002f5a   0x00000008   Code   RO         1366    i.USART_SendData    stm32f10x_usart.o
    0x08002f62   0x000000aa   Code   RO         2080    i.Uartx_Send        uart.o
    0x0800300c   0x00000058   Code   RO         2081    i.Uartx_TC_ISR      uart.o
    0x08003064   0x00000004   Code   RO         1848    i.UsageFault_Handler  stm32f10x_it.o
    0x08003068   0x0000000e   Code   RO         2437    i._is_digit         c_w.l(__printf_wp.o)
    0x08003076   0x00000002   PAD
    0x08003078   0x00000050   Code   RO         2232    i.get_month_days    time.o
    0x080030c8   0x0000001c   Code   RO         2152    i.grmc_check        sdata.o
    0x080030e4   0x00000090   Code   RO         1789    i.main              main.o
    0x08003174   0x00000040   Code   RO         2324    i.proc_GNSS         gnss.o
    0x080031b4   0x00000094   Code   RO         2293    i.proc_IMU          imu.o
    0x08003248   0x00000034   Code   RO         2197    i.proc_PCMsg        pc_mcu.o
    0x0800327c   0x000004b4   Code   RO         2325    i.proc_gnssdata     gnss.o
    0x08003730   0x00000010   Code   RO         2233    i.usrGetTime        time.o
    0x08003740   0x00000020   Code   RO         2234    i.usrSetTime        time.o
    0x08003760   0x0000000c   Code   RO         2235    i.usrTimeSetMSZero  time.o
    0x0800376c   0x000000a0   Code   RO         2236    i.usrTimeUpdate     time.o
    0x0800380c   0x00000062   Code   RO         2456    x$fpl$d2f           fz_ws.l(d2f.o)
    0x0800386e   0x00000002   PAD
    0x08003870   0x000002b0   Code   RO         2459    x$fpl$ddiv          fz_ws.l(ddiv.o)
    0x08003b20   0x00000026   Code   RO         2462    x$fpl$dfltu         fz_ws.l(dflt_clz.o)
    0x08003b46   0x00000002   PAD
    0x08003b48   0x00000154   Code   RO         2468    x$fpl$dmul          fz_ws.l(dmul.o)
    0x08003c9c   0x0000009c   Code   RO         2480    x$fpl$dnaninf       fz_ws.l(dnaninf.o)
    0x08003d38   0x0000000c   Code   RO         2482    x$fpl$dretinf       fz_ws.l(dretinf.o)
    0x08003d44   0x0000000a   Code   RO         2484    x$fpl$fretinf       fz_ws.l(fretinf.o)
    0x08003d4e   0x00000000   Code   RO         2486    x$fpl$usenofp       fz_ws.l(usenofp.o)
    0x08003d4e   0x00000028   Data   RO         2410    .constdata          c_w.l(_printf_hex_int.o)
    0x08003d76   0x00000011   Data   RO         2440    .constdata          c_w.l(__printf_flags_wp.o)
    0x08003d87   0x00000001   PAD
    0x08003d88   0x000000b8   Data   RO         2154    .conststring        sdata.o
    0x08003e40   0x00000020   Data   RO         2640    Region$$Table       anon$$obj.o


    Execution Region RW_IRAM1 (Base: 0x20000000, Size: 0x000017e0, Max: 0x0000c000, ABSOLUTE, COMPRESSED[0x000000c8])

    Base Addr    Size         Type   Attr      Idx    E Section Name        Object

    0x20000000   0x00000014   Data   RW          629    .data               stm32f10x_rcc.o
    0x20000014   0x000000fc   Data   RW         2083    .data               uart.o
    0x20000110   0x00000004   Data   RW         2155    .data               sdata.o
    0x20000114   0x0000000d   Data   RW         2199    .data               pc_mcu.o
    0x20000121   0x00000001   PAD
    0x20000122   0x00000011   Data   RW         2238    .data               time.o
    0x20000133   0x00000001   PAD
    0x20000134   0x0000002c   Data   RW         2327    .data               gnss.o
    0x20000160   0x0000000e   Data   RW         2361    .data               camera.o
    0x2000016e   0x00000002   PAD
    0x20000170   0x00000c8c   Zero   RW         2082    .bss                uart.o
    0x20000dfc   0x00000064   Zero   RW         2153    .bss                sdata.o
    0x20000e60   0x000000aa   Zero   RW         2198    .bss                pc_mcu.o
    0x20000f0a   0x000000fa   Zero   RW         2294    .bss                imu.o
    0x20001004   0x0000012c   Zero   RW         2326    .bss                gnss.o
    0x20001130   0x00000050   Zero   RW         2360    .bss                camera.o
    0x20001180   0x00000060   Zero   RW         2515    .bss                c_w.l(libspace.o)
    0x200011e0   0x00000200   Zero   RW            2    HEAP                startup_stm32f10x_hd.o
    0x200013e0   0x00000400   Zero   RW            1    STACK               startup_stm32f10x_hd.o


==============================================================================

Image component sizes


      Code (inc. data)   RO Data    RW Data    ZI Data      Debug   Object Name

      1036        100          0         14         80       3388   camera.o
         0          0          0          0          0       4504   core_cm3.o
      2342        164          0          0          0       9967   cpu.o
      1464        154          0         44        300       3608   gnss.o
      1756         74          0          0        250       3498   imu.o
       144         28          0          0          0       3482   main.o
       132         22          0          0          0       1591   misc.o
       772         78          0         13        170       3234   pc_mcu.o
       388         44        184          4        100       2746   sdata.o
        64         26        304          0       1536        904   startup_stm32f10x_hd.o
       502         28          0          0          0       6267   stm32f10x_dma.o
        52         12          0          0          0     206088   stm32f10x_exti.o
        52         12          0          0          0       1105   stm32f10x_flash.o
       304          0          0          0          0       3700   stm32f10x_gpio.o
       692         70          0          0          0       9405   stm32f10x_it.o
        68         30          0          0          0       2522   stm32f10x_iwdg.o
       752        104          0         20          0      11749   stm32f10x_rcc.o
       246         42          0          0          0       3626   stm32f10x_tim.o
       508          6          0          0          0       8024   stm32f10x_usart.o
       328         28          0          0          0      55757   system_stm32f10x.o
       354         36          0         17          0       4408   time.o
       734          8          0        252       3212       7659   uart.o

    ----------------------------------------------------------------------
     12710       1066        520        368       5648     357232   Object Totals
         0          0         32          0          0          0   (incl. Generated)
        20          0          0          4          0          0   (incl. Padding)

    ----------------------------------------------------------------------

      Code (inc. data)   RO Data    RW Data    ZI Data      Debug   Library Member Name

        90          0          0          0          0          0   __dczerorl2.o
         8          0          0          0          0         68   __main.o
       312          4         17          0          0         92   __printf_flags_wp.o
        14          0          0          0          0         68   __printf_wp.o
         0          0          0          0          0          0   __rtentry.o
        12          0          0          0          0          0   __rtentry2.o
         6          0          0          0          0          0   __rtentry4.o
        52          8          0          0          0          0   __scatter.o
        28          0          0          0          0          0   __scatter_zi.o
        48          6          0          0          0         96   _printf_char_common.o
         6          0          0          0          0          0   _printf_d.o
       120         16          0          0          0         92   _printf_dec.o
        88          4         40          0          0         88   _printf_hex_int.o
       178          0          0          0          0         88   _printf_intcommon.o
        78          0          0          0          0        108   _printf_pad.o
         0          0          0          0          0          0   _printf_percent.o
         4          0          0          0          0          0   _printf_percent_end.o
         6          0          0          0          0          0   _printf_x.o
        16          0          0          0          0         68   _snputc.o
        10          0          0          0          0         68   _sputc.o
        12          0          0          0          0         72   exit.o
         6          0          0          0          0        152   heapauxi.o
         0          0          0          0          0          0   indicate_semi.o
         2          0          0          0          0          0   libinit.o
         2          0          0          0          0          0   libinit2.o
         2          0          0          0          0          0   libshutdown.o
         2          0          0          0          0          0   libshutdown2.o
         8          4          0          0         96         68   libspace.o
        52          4          0          0          0         84   noretval__2snprintf.o
         2          0          0          0          0          0   rtexit.o
        10          0          0          0          0          0   rtexit2.o
        62          0          0          0          0         76   strlen.o
        12          4          0          0          0         68   sys_exit.o
        74          0          0          0          0         80   sys_stackheap_outer.o
         2          0          0          0          0         68   use_no_semi.o
        98          4          0          0          0         92   d2f.o
       688        140          0          0          0        208   ddiv.o
        38          0          0          0          0         68   dflt_clz.o
       340         12          0          0          0        104   dmul.o
       156          4          0          0          0         92   dnaninf.o
        12          0          0          0          0         68   dretinf.o
        10          0          0          0          0         68   fretinf.o
         0          0          0          0          0          0   usenofp.o

    ----------------------------------------------------------------------
      2680        210         58          0         96       2204   Library Totals
        14          0          1          0          0          0   (incl. Padding)

    ----------------------------------------------------------------------

      Code (inc. data)   RO Data    RW Data    ZI Data      Debug   Library Name

      1324         50         57          0         96       1504   c_w.l
      1342        160          0          0          0        700   fz_ws.l

    ----------------------------------------------------------------------
      2680        210         58          0         96       2204   Library Totals

    ----------------------------------------------------------------------

==============================================================================


      Code (inc. data)   RO Data    RW Data    ZI Data      Debug   

     15390       1276        578        368       5744     351840   Grand Totals
     15390       1276        578        200       5744     351840   ELF Image Totals (compressed)
     15390       1276        578        200          0          0   ROM Totals

==============================================================================

    Total RO  Size (Code + RO Data)                15968 (  15.59kB)
    Total RW  Size (RW Data + ZI Data)              6112 (   5.97kB)
    Total ROM Size (Code + RO Data + RW Data)      16168 (  15.79kB)

==============================================================================

