Component: ARM Compiler 5.06 update 5 (build 528) Tool: armlink [4d35e2]

==============================================================================

Section Cross References

    startup_stm32f10x_md.o(STACK) refers (Special) to heapauxi.o(.text) for __use_two_region_memory
    startup_stm32f10x_md.o(HEAP) refers (Special) to heapauxi.o(.text) for __use_two_region_memory
    startup_stm32f10x_md.o(RESET) refers (Special) to heapauxi.o(.text) for __use_two_region_memory
    startup_stm32f10x_md.o(RESET) refers to startup_stm32f10x_md.o(STACK) for __initial_sp
    startup_stm32f10x_md.o(RESET) refers to startup_stm32f10x_md.o(.text) for Reset_Handler
    startup_stm32f10x_md.o(RESET) refers to stm32f10x_it.o(i.NMI_Handler) for NMI_Handler
    startup_stm32f10x_md.o(RESET) refers to stm32f10x_it.o(i.HardFault_Handler) for HardFault_Handler
    startup_stm32f10x_md.o(RESET) refers to stm32f10x_it.o(i.MemManage_Handler) for MemManage_Handler
    startup_stm32f10x_md.o(RESET) refers to stm32f10x_it.o(i.BusFault_Handler) for BusFault_Handler
    startup_stm32f10x_md.o(RESET) refers to stm32f10x_it.o(i.UsageFault_Handler) for UsageFault_Handler
    startup_stm32f10x_md.o(RESET) refers to stm32f10x_it.o(i.SVC_Handler) for SVC_Handler
    startup_stm32f10x_md.o(RESET) refers to stm32f10x_it.o(i.DebugMon_Handler) for DebugMon_Handler
    startup_stm32f10x_md.o(RESET) refers to stm32f10x_it.o(i.PendSV_Handler) for PendSV_Handler
    startup_stm32f10x_md.o(RESET) refers to stm32f10x_it.o(i.SysTick_Handler) for SysTick_Handler
    startup_stm32f10x_md.o(RESET) refers to stm32f10x_it.o(i.EXTI1_IRQHandler) for EXTI1_IRQHandler
    startup_stm32f10x_md.o(RESET) refers to stm32f10x_it.o(i.DMA1_Channel2_IRQHandler) for DMA1_Channel2_IRQHandler
    startup_stm32f10x_md.o(RESET) refers to stm32f10x_it.o(i.DMA1_Channel4_IRQHandler) for DMA1_Channel4_IRQHandler
    startup_stm32f10x_md.o(RESET) refers to stm32f10x_it.o(i.DMA1_Channel7_IRQHandler) for DMA1_Channel7_IRQHandler
    startup_stm32f10x_md.o(RESET) refers to stm32f10x_it.o(i.TIM2_IRQHandler) for TIM2_IRQHandler
    startup_stm32f10x_md.o(RESET) refers to stm32f10x_it.o(i.USART1_IRQHandler) for USART1_IRQHandler
    startup_stm32f10x_md.o(RESET) refers to stm32f10x_it.o(i.USART2_IRQHandler) for USART2_IRQHandler
    startup_stm32f10x_md.o(RESET) refers to stm32f10x_it.o(i.USART3_IRQHandler) for USART3_IRQHandler
    startup_stm32f10x_md.o(.text) refers (Special) to heapauxi.o(.text) for __use_two_region_memory
    startup_stm32f10x_md.o(.text) refers to system_stm32f10x.o(i.SystemInit) for SystemInit
    startup_stm32f10x_md.o(.text) refers to __main.o(!!!main) for __main
    startup_stm32f10x_md.o(.text) refers to startup_stm32f10x_md.o(HEAP) for Heap_Mem
    startup_stm32f10x_md.o(.text) refers to startup_stm32f10x_md.o(STACK) for Stack_Mem
    system_stm32f10x.o(i.SetSysClock) refers to system_stm32f10x.o(i.SetSysClockTo72) for SetSysClockTo72
    system_stm32f10x.o(i.SystemCoreClockUpdate) refers to system_stm32f10x.o(.data) for SystemCoreClock
    system_stm32f10x.o(i.SystemInit) refers to system_stm32f10x.o(i.SetSysClock) for SetSysClock
    stm32f10x_can.o(i.CAN_DeInit) refers to stm32f10x_rcc.o(i.RCC_APB1PeriphResetCmd) for RCC_APB1PeriphResetCmd
    stm32f10x_can.o(i.CAN_GetITStatus) refers to stm32f10x_can.o(i.CheckITStatus) for CheckITStatus
    stm32f10x_gpio.o(i.GPIO_AFIODeInit) refers to stm32f10x_rcc.o(i.RCC_APB2PeriphResetCmd) for RCC_APB2PeriphResetCmd
    stm32f10x_gpio.o(i.GPIO_DeInit) refers to stm32f10x_rcc.o(i.RCC_APB2PeriphResetCmd) for RCC_APB2PeriphResetCmd
    stm32f10x_rcc.o(i.RCC_GetClocksFreq) refers to stm32f10x_rcc.o(.data) for APBAHBPrescTable
    stm32f10x_rcc.o(i.RCC_WaitForHSEStartUp) refers to stm32f10x_rcc.o(i.RCC_GetFlagStatus) for RCC_GetFlagStatus
    stm32f10x_tim.o(i.TIM_DeInit) refers to stm32f10x_rcc.o(i.RCC_APB2PeriphResetCmd) for RCC_APB2PeriphResetCmd
    stm32f10x_tim.o(i.TIM_DeInit) refers to stm32f10x_rcc.o(i.RCC_APB1PeriphResetCmd) for RCC_APB1PeriphResetCmd
    stm32f10x_tim.o(i.TIM_ETRClockMode1Config) refers to stm32f10x_tim.o(i.TIM_ETRConfig) for TIM_ETRConfig
    stm32f10x_tim.o(i.TIM_ETRClockMode2Config) refers to stm32f10x_tim.o(i.TIM_ETRConfig) for TIM_ETRConfig
    stm32f10x_tim.o(i.TIM_ICInit) refers to stm32f10x_tim.o(i.TI1_Config) for TI1_Config
    stm32f10x_tim.o(i.TIM_ICInit) refers to stm32f10x_tim.o(i.TIM_SetIC1Prescaler) for TIM_SetIC1Prescaler
    stm32f10x_tim.o(i.TIM_ICInit) refers to stm32f10x_tim.o(i.TI2_Config) for TI2_Config
    stm32f10x_tim.o(i.TIM_ICInit) refers to stm32f10x_tim.o(i.TIM_SetIC2Prescaler) for TIM_SetIC2Prescaler
    stm32f10x_tim.o(i.TIM_ICInit) refers to stm32f10x_tim.o(i.TI3_Config) for TI3_Config
    stm32f10x_tim.o(i.TIM_ICInit) refers to stm32f10x_tim.o(i.TIM_SetIC3Prescaler) for TIM_SetIC3Prescaler
    stm32f10x_tim.o(i.TIM_ICInit) refers to stm32f10x_tim.o(i.TI4_Config) for TI4_Config
[...]
    x$fpl$dleqf                              0x08004b70   Section      120  dleqf.o(x$fpl$dleqf)
    x$fpl$dnaninf                            0x08004be8   Section      156  dnaninf.o(x$fpl$dnaninf)
    x$fpl$dretinf                            0x08004c84   Section       12  dretinf.o(x$fpl$dretinf)
    x$fpl$drleqf                             0x08004c90   Section      108  drleqf.o(x$fpl$drleqf)
    x$fpl$f2d                                0x08004cfc   Section       86  f2d.o(x$fpl$f2d)
    x$fpl$fnaninf                            0x08004d52   Section      140  fnaninf.o(x$fpl$fnaninf)
    x$fpl$fretinf                            0x08004dde   Section       10  fretinf.o(x$fpl$fretinf)
    x$fpl$ieeestatus                         0x08004de8   Section        6  istatus.o(x$fpl$ieeestatus)
    x$fpl$retnan                             0x08004dee   Section      100  retnan.o(x$fpl$retnan)
    x$fpl$scalbn                             0x08004e52   Section       92  scalbn.o(x$fpl$scalbn)
    x$fpl$scanf1                             0x08004eae   Section        4  scanf1.o(x$fpl$scanf1)
    x$fpl$scanf2                             0x08004eb2   Section        8  scanf2.o(x$fpl$scanf2)
    x$fpl$trapveneer                         0x08004eba   Section       48  trapv.o(x$fpl$trapveneer)
    .constdata                               0x08004eea   Section       40  _printf_hex_int.o(.constdata)
    x$fpl$usenofp                            0x08004eea   Section        0  usenofp.o(x$fpl$usenofp)
    uc_hextab                                0x08004eea   Data          20  _printf_hex_int.o(.constdata)
    lc_hextab                                0x08004efe   Data          20  _printf_hex_int.o(.constdata)
    .constdata                               0x08004f12   Section       17  __printf_flags_wp.o(.constdata)
    maptable                                 0x08004f12   Data          17  __printf_flags_wp.o(.constdata)
    .constdata                               0x08004f24   Section      148  bigflt0.o(.constdata)
    tenpwrs_x                                0x08004f24   Data          60  bigflt0.o(.constdata)
    tenpwrs_i                                0x08004f60   Data          64  bigflt0.o(.constdata)
    .conststring                             0x08004fb8   Section      184  sdata.o(.conststring)
    c$$dinf                                  0x08005090   Section        8  fpconst.o(c$$dinf)
    c$$dmax                                  0x08005098   Section        8  fpconst.o(c$$dmax)
    locale$$data                             0x080050a0   Section      272  lc_ctype_c.o(locale$$data)
    __lcctype_c_name                         0x080050a4   Data           2  lc_ctype_c.o(locale$$data)
    __lcctype_c_start                        0x080050ac   Data           0  lc_ctype_c.o(locale$$data)
    locale$$data                             0x080051b0   Section       28  lc_numeric_c.o(locale$$data)
    __lcctype_c_end                          0x080051b0   Data           0  lc_ctype_c.o(locale$$data)
    __lcnum_c_name                           0x080051b4   Data           2  lc_numeric_c.o(locale$$data)
    __lcnum_c_start                          0x080051bc   Data           0  lc_numeric_c.o(locale$$data)
    __lcnum_c_point                          0x080051c8   Data           0  lc_numeric_c.o(locale$$data)
    __lcnum_c_thousands                      0x080051ca   Data           0  lc_numeric_c.o(locale$$data)
    __lcnum_c_grouping                       0x080051cb   Data           0  lc_numeric_c.o(locale$$data)
    __lcnum_c_end                            0x080051cc   Data           0  lc_numeric_c.o(locale$$data)
    .data                                    0x20000000   Section       20  stm32f10x_rcc.o(.data)
    APBAHBPrescTable                         0x20000000   Data          16  stm32f10x_rcc.o(.data)
    ADCPrescTable                            0x20000010   Data           4  stm32f10x_rcc.o(.data)
    .data                                    0x20000014   Section      168  uart.o(.data)
    .data                                    0x200000bc   Section        4  sdata.o(.data)
    nLedState                                0x200000bf   Data           1  sdata.o(.data)
    .data                                    0x200000c0   Section       11  pc_mcu.o(.data)
    nFlag                                    0x200000c8   Data           1  pc_mcu.o(.data)
    nIndex                                   0x200000c9   Data           1  pc_mcu.o(.data)
    nLen                                     0x200000ca   Data           1  pc_mcu.o(.data)
    .data                                    0x200000cc   Section       17  time.o(.data)
    month_days                               0x200000dc   Data           1  time.o(.data)
    .data                                    0x200000e0   Section       44  gnss.o(.data)
    s_nTime_GNSS_Num                         0x200000e0   Data           2  gnss.o(.data)
    s_nGNSS_Tick_second                      0x200000e2   Data           1  gnss.o(.data)
    s_nGNSSSysTick                           0x200000e4   Data           4  gnss.o(.data)
    s_nGNSSTick                              0x200000e8   Data           4  gnss.o(.data)
    s_stGNSSTime                             0x200000ec   Data           8  gnss.o(.data)
    s_Data_Tick                              0x200000f4   Data           2  gnss.o(.data)
    nState                                   0x200000f6   Data           1  gnss.o(.data)
    pGGABuf                                  0x200000f8   Data           4  gnss.o(.data)
    pZDABuf                                  0x200000fc   Data           4  gnss.o(.data)
    nGGAIndex                                0x20000100   Data           1  gnss.o(.data)
    nZDAIndex                                0x20000101   Data           1  gnss.o(.data)
    nType                                    0x20000102   Data           1  gnss.o(.data)
    nGGAOK                                   0x20000103   Data           1  gnss.o(.data)
    nGGAOK_Parse                             0x20000104   Data           1  gnss.o(.data)
    nZDAOK                                   0x20000105   Data           1  gnss.o(.data)
    nGNSSDataTick                            0x20000108   Data           4  gnss.o(.data)
    .data                                    0x2000010c   Section       14  camera.o(.data)
    s_tCameraTime                            0x2000010c   Data           8  camera.o(.data)
    s_Frame_count                            0x20000114   Data           2  camera.o(.data)
    s_Synic_frame_counter                    0x20000116   Data           2  camera.o(.data)
    s_Pusle_time_counter                     0x20000118   Data           2  camera.o(.data)
    .bss                                     0x2000011c   Section     2234  uart.o(.bss)
    DMATxBuf1                                0x2000011c   Data         150  uart.o(.bss)
    DMATxBuf2                                0x200001b2   Data         100  uart.o(.bss)
    DMATxBuf3                                0x20000216   Data         100  uart.o(.bss)
    DMARxBuf1                                0x2000027a   Data         128  uart.o(.bss)
    DMARxBuf2                                0x200002fa   Data         128  uart.o(.bss)
    DMARxBuf3                                0x2000037a   Data         128  uart.o(.bss)
    TxBuf1                                   0x200003fa   Data         250  uart.o(.bss)
    TxBuf2                                   0x200004f4   Data         250  uart.o(.bss)
    TxBuf3                                   0x200005ee   Data         250  uart.o(.bss)
    RxBuf1                                   0x200006e8   Data         250  uart.o(.bss)
    RxBuf2                                   0x200007e2   Data         250  uart.o(.bss)
    RxBuf3                                   0x200008dc   Data         250  uart.o(.bss)
    .bss                                     0x200009d6   Section      100  sdata.o(.bss)
    rmc_temp                                 0x200009d6   Data         100  sdata.o(.bss)
    .bss                                     0x20000a3a   Section      170  pc_mcu.o(.bss)
    pMem                                     0x20000a3a   Data          70  pc_mcu.o(.bss)
    pBuf                                     0x20000a80   Data          60  pc_mcu.o(.bss)
    pFrame                                   0x20000abc   Data          40  pc_mcu.o(.bss)
    .bss                                     0x20000ae4   Section      300  gnss.o(.bss)
    pData                                    0x20000ae4   Data         200  gnss.o(.bss)
    pBuf                                     0x20000bac   Data         100  gnss.o(.bss)
    .bss                                     0x20000c10   Section       80  camera.o(.bss)
    pFrame                                   0x20000c10   Data          80  camera.o(.bss)
    .bss                                     0x20000c60   Section       96  libspace.o(.bss)
    HEAP                                     0x20000cc0   Section      512  startup_stm32f10x_md.o(HEAP)
    Heap_Mem                                 0x20000cc0   Data         512  startup_stm32f10x_md.o(HEAP)
    STACK                                    0x20000ec0   Section     1024  startup_stm32f10x_md.o(STACK)
    Stack_Mem                                0x20000ec0   Data        1024  startup_stm32f10x_md.o(STACK)
    __initial_sp                             0x200012c0   Data           0  startup_stm32f10x_md.o(STACK)

    Global Symbols

    Symbol Name                              Value     Ov Type        Size  Object(Section)

    BuildAttributes$$THM_ISAv4$P$D$K$B$S$PE$A:L22UL41UL21$X:L11$S22US41US21$IEEE1$IW$USESV6$~STKCKD$USESV7$~SHL$OTIME$ROPI$IEEEX$EBA8$UX$STANDARDLIB$REQ8$PRES8$EABIv2 0x00000000   Number         0  anon$$obj.o ABSOLUTE
    __ARM_use_no_argv                        0x00000000   Number         0  main.o ABSOLUTE
    _printf_flags                            0x00000000   Number         0  printf_stubs.o ABSOLUTE
    _printf_return_value                     0x00000000   Number         0  printf_stubs.o ABSOLUTE
    _printf_sizespec                         0x00000000   Number         0  printf_stubs.o ABSOLUTE
    _printf_widthprec                        0x00000000   Number         0  printf_stubs.o ABSOLUTE
    __ARM_exceptions_init                     - Undefined Weak Reference
    __alloca_initialize                       - Undefined Weak Reference
    __arm_preinit_                            - Undefined Weak Reference
    __cpp_initialize__aeabi_                  - Undefined Weak Reference
    __cxa_finalize                            - Undefined Weak Reference
    __sigvec_lookup                           - Undefined Weak Reference
    __user_heap_extent                        - Undefined Weak Reference
    _atexit_init                              - Undefined Weak Reference
    _call_atexit_fns                          - Undefined Weak Reference
    _clock_init                               - Undefined Weak Reference
    _fp_trap_init                             - Undefined Weak Reference
    _fp_trap_shutdown                         - Undefined Weak Reference
    _get_lc_collate                           - Undefined Weak Reference
    _get_lc_monetary                          - Undefined Weak Reference
    _get_lc_time                              - Undefined Weak Reference
    _getenv_init                              - Undefined Weak Reference
    _handle_redirection                       - Undefined Weak Reference
    _initio                                   - Undefined Weak Reference
    _mutex_acquire                            - Undefined Weak Reference
    _mutex_free                               - Undefined Weak Reference
    _mutex_release                            - Undefined Weak Reference
    _printf_truncate_signed                   - Undefined Weak Reference
    _printf_truncate_unsigned                 - Undefined Weak Reference
    _rand_init                                - Undefined Weak Reference
    _signal_finish                            - Undefined Weak Reference
    _signal_init                              - Undefined Weak Reference
    _terminateio                              - Undefined Weak Reference
    __Vectors_Size                           0x000000ec   Number         0  startup_stm32f10x_md.o ABSOLUTE
    __Vectors                                0x08000000   Data           4  startup_stm32f10x_md.o(RESET)
    __Vectors_End                            0x080000ec   Data           0  startup_stm32f10x_md.o(RESET)
    __main                                   0x080000ed   Thumb Code     8  __main.o(!!!main)
    __scatterload                            0x080000f5   Thumb Code     0  __scatter.o(!!!scatter)
    __scatterload_rt2                        0x080000f5   Thumb Code    44  __scatter.o(!!!scatter)
    __scatterload_rt2_thumb_only             0x080000f5   Thumb Code     0  __scatter.o(!!!scatter)
    __scatterload_null                       0x08000103   Thumb Code     0  __scatter.o(!!!scatter)
    __scatterload_copy                       0x08000129   Thumb Code    26  __scatter_copy.o(!!handler_copy)
    __scatterload_zeroinit                   0x08000145   Thumb Code    28  __scatter_zi.o(!!handler_zi)
    _printf_d                                0x08000161   Thumb Code     0  _printf_d.o(.ARM.Collect$$_printf_percent$$00000009)
    _printf_percent                          0x08000161   Thumb Code     0  _printf_percent.o(.ARM.Collect$$_printf_percent$$00000000)
    _printf_x                                0x08000167   Thumb Code     0  _printf_x.o(.ARM.Collect$$_printf_percent$$0000000C)
    _printf_percent_end                      0x0800016d   Thumb Code     0  _printf_percent_end.o(.ARM.Collect$$_printf_percent$$00000017)
    __rt_lib_init                            0x08000171   Thumb Code     0  libinit.o(.ARM.Collect$$libinit$$00000000)
    __rt_lib_init_fp_1                       0x08000173   Thumb Code     0  libinit2.o(.ARM.Collect$$libinit$$00000002)
    __rt_lib_init_heap_2                     0x08000173   Thumb Code     0  libinit2.o(.ARM.Collect$$libinit$$00000005)
    __rt_lib_init_preinit_1                  0x08000173   Thumb Code     0  libinit2.o(.ARM.Collect$$libinit$$00000004)
    __rt_lib_init_heap_1                     0x0800017b   Thumb Code     0  libinit2.o(.ARM.Collect$$libinit$$0000000A)
    __rt_lib_init_lc_common                  0x0800017b   Thumb Code     0  libinit2.o(.ARM.Collect$$libinit$$0000000F)
    __rt_lib_init_rand_1                     0x0800017b   Thumb Code     0  libinit2.o(.ARM.Collect$$libinit$$0000000E)
    __rt_lib_init_user_alloc_1               0x0800017b   Thumb Code     0  libinit2.o(.ARM.Collect$$libinit$$0000000C)
    __rt_lib_init_lc_collate_1               0x08000181   Thumb Code     0  libinit2.o(.ARM.Collect$$libinit$$00000011)
    __rt_lib_init_lc_ctype_2                 0x08000181   Thumb Code     0  libinit2.o(.ARM.Collect$$libinit$$00000012)
    __rt_lib_init_lc_ctype_1                 0x0800018d   Thumb Code     0  libinit2.o(.ARM.Collect$$libinit$$00000013)
    __rt_lib_init_lc_monetary_1              0x0800018d   Thumb Code     0  libinit2.o(.ARM.Collect$$libinit$$00000015)
    __rt_lib_init_lc_numeric_2               0x0800018d   Thumb Code     0  libinit2.o(.ARM.Collect$$libinit$$00000016)
    __rt_lib_init_alloca_1                   0x08000197   Thumb Code     0  libinit2.o(.ARM.Collect$$libinit$$0000002E)
    __rt_lib_init_argv_1                     0x08000197   Thumb Code     0  libinit2.o(.ARM.Collect$$libinit$$0000002C)
    __rt_lib_init_atexit_1                   0x08000197   Thumb Code     0  libinit2.o(.ARM.Collect$$libinit$$0000001B)
    __rt_lib_init_clock_1                    0x08000197   Thumb Code     0  libinit2.o(.ARM.Collect$$libinit$$00000021)
    __rt_lib_init_cpp_1                      0x08000197   Thumb Code     0  libinit2.o(.ARM.Collect$$libinit$$00000032)
    __rt_lib_init_exceptions_1               0x08000197   Thumb Code     0  libinit2.o(.ARM.Collect$$libinit$$00000030)
    __rt_lib_init_fp_trap_1                  0x08000197   Thumb Code     0  libinit2.o(.ARM.Collect$$libinit$$0000001F)
    __rt_lib_init_getenv_1                   0x08000197   Thumb Code     0  libinit2.o(.ARM.Collect$$libinit$$00000023)
    __rt_lib_init_lc_numeric_1               0x08000197   Thumb Code     0  libinit2.o(.ARM.Collect$$libinit$$00000017)
    __rt_lib_init_lc_time_1                  0x08000197   Thumb Code     0  libinit2.o(.ARM.Collect$$libinit$$00000019)
    __rt_lib_init_return                     0x08000197   Thumb Code     0  libinit2.o(.ARM.Collect$$libinit$$00000033)
    __rt_lib_init_signal_1                   0x08000197   Thumb Code     0  libinit2.o(.ARM.Collect$$libinit$$0000001D)
    __rt_lib_init_stdio_1                    0x08000197   Thumb Code     0  libinit2.o(.ARM.Collect$$libinit$$00000025)
    __rt_lib_shutdown                        0x08000199   Thumb Code     0  libshutdown.o(.ARM.Collect$$libshutdown$$00000000)
    __rt_lib_shutdown_cpp_1                  0x0800019b   Thumb Code     0  libshutdown2.o(.ARM.Collect$$libshutdown$$00000002)
    __rt_lib_shutdown_fp_trap_1              0x0800019b   Thumb Code     0  libshutdown2.o(.ARM.Collect$$libshutdown$$00000007)
    __rt_lib_shutdown_heap_1                 0x0800019b   Thumb Code     0  libshutdown2.o(.ARM.Collect$$libshutdown$$0000000F)
    __rt_lib_shutdown_return                 0x0800019b   Thumb Code     0  libshutdown2.o(.ARM.Collect$$libshutdown$$00000010)
    __rt_lib_shutdown_signal_1               0x0800019b   Thumb Code     0  libshutdown2.o(.ARM.Collect$$libshutdown$$0000000A)
    __rt_lib_shutdown_stdio_1                0x0800019b   Thumb Code     0  libshutdown2.o(.ARM.Collect$$libshutdown$$00000004)
    __rt_lib_shutdown_user_alloc_1           0x0800019b   Thumb Code     0  libshutdown2.o(.ARM.Collect$$libshutdown$$0000000C)
    __rt_entry                               0x0800019d   Thumb Code     0  __rtentry.o(.ARM.Collect$$rtentry$$00000000)
    __rt_entry_presh_1                       0x0800019d   Thumb Code     0  __rtentry2.o(.ARM.Collect$$rtentry$$00000002)
    __rt_entry_sh                            0x0800019d   Thumb Code     0  __rtentry4.o(.ARM.Collect$$rtentry$$00000004)
    __rt_entry_li                            0x080001a3   Thumb Code     0  __rtentry2.o(.ARM.Collect$$rtentry$$0000000A)
    __rt_entry_postsh_1                      0x080001a3   Thumb Code     0  __rtentry2.o(.ARM.Collect$$rtentry$$00000009)
    __rt_entry_main                          0x080001a7   Thumb Code     0  __rtentry2.o(.ARM.Collect$$rtentry$$0000000D)
    __rt_entry_postli_1                      0x080001a7   Thumb Code     0  __rtentry2.o(.ARM.Collect$$rtentry$$0000000C)
    __rt_exit                                0x080001af   Thumb Code     0  rtexit.o(.ARM.Collect$$rtexit$$00000000)
    __rt_exit_ls                             0x080001b1   Thumb Code     0  rtexit2.o(.ARM.Collect$$rtexit$$00000003)
    __rt_exit_prels_1                        0x080001b1   Thumb Code     0  rtexit2.o(.ARM.Collect$$rtexit$$00000002)
    __rt_exit_exit                           0x080001b5   Thumb Code     0  rtexit2.o(.ARM.Collect$$rtexit$$00000004)
    Reset_Handler                            0x080001bd   Thumb Code     8  startup_stm32f10x_md.o(.text)
    _maybe_terminate_alloc                   0x080001bd   Thumb Code     0  maybetermalloc1.o(.emb_text)
    ADC1_2_IRQHandler                        0x080001d7   Thumb Code     0  startup_stm32f10x_md.o(.text)
    CAN1_RX1_IRQHandler                      0x080001d7   Thumb Code     0  startup_stm32f10x_md.o(.text)
    CAN1_SCE_IRQHandler                      0x080001d7   Thumb Code     0  startup_stm32f10x_md.o(.text)
    DMA1_Channel1_IRQHandler                 0x080001d7   Thumb Code     0  startup_stm32f10x_md.o(.text)
    DMA1_Channel3_IRQHandler                 0x080001d7   Thumb Code     0  startup_stm32f10x_md.o(.text)
    DMA1_Channel5_IRQHandler                 0x080001d7   Thumb Code     0  startup_stm32f10x_md.o(.text)
    DMA1_Channel6_IRQHandler                 0x080001d7   Thumb Code     0  startup_stm32f10x_md.o(.text)
    EXTI0_IRQHandler                         0x080001d7   Thumb Code     0  startup_stm32f10x_md.o(.text)
    EXTI15_10_IRQHandler                     0x080001d7   Thumb Code     0  startup_stm32f10x_md.o(.text)
    EXTI2_IRQHandler                         0x080001d7   Thumb Code     0  startup_stm32f10x_md.o(.text)
    EXTI3_IRQHandler                         0x080001d7   Thumb Code     0  startup_stm32f10x_md.o(.text)
    EXTI4_IRQHandler                         0x080001d7   Thumb Code     0  startup_stm32f10x_md.o(.text)
    EXTI9_5_IRQHandler                       0x080001d7   Thumb Code     0  startup_stm32f10x_md.o(.text)
    FLASH_IRQHandler                         0x080001d7   Thumb Code     0  startup_stm32f10x_md.o(.text)
    I2C1_ER_IRQHandler                       0x080001d7   Thumb Code     0  startup_stm32f10x_md.o(.text)
    I2C1_EV_IRQHandler                       0x080001d7   Thumb Code     0  startup_stm32f10x_md.o(.text)
    I2C2_ER_IRQHandler                       0x080001d7   Thumb Code     0  startup_stm32f10x_md.o(.text)
    I2C2_EV_IRQHandler                       0x080001d7   Thumb Code     0  startup_stm32f10x_md.o(.text)
    PVD_IRQHandler                           0x080001d7   Thumb Code     0  startup_stm32f10x_md.o(.text)
    RCC_IRQHandler                           0x080001d7   Thumb Code     0  startup_stm32f10x_md.o(.text)
    RTCAlarm_IRQHandler                      0x080001d7   Thumb Code     0  startup_stm32f10x_md.o(.text)
    RTC_IRQHandler                           0x080001d7   Thumb Code     0  startup_stm32f10x_md.o(.text)
    SPI1_IRQHandler                          0x080001d7   Thumb Code     0  startup_stm32f10x_md.o(.text)
    SPI2_IRQHandler                          0x080001d7   Thumb Code     0  startup_stm32f10x_md.o(.text)
    TAMPER_IRQHandler                        0x080001d7   Thumb Code     0  startup_stm32f10x_md.o(.text)
    TIM1_BRK_IRQHandler                      0x080001d7   Thumb Code     0  startup_stm32f10x_md.o(.text)
    TIM1_CC_IRQHandler                       0x080001d7   Thumb Code     0  startup_stm32f10x_md.o(.text)
    TIM1_TRG_COM_IRQHandler                  0x080001d7   Thumb Code     0  startup_stm32f10x_md.o(.text)
    TIM1_UP_IRQHandler                       0x080001d7   Thumb Code     0  startup_stm32f10x_md.o(.text)
    TIM3_IRQHandler                          0x080001d7   Thumb Code     0  startup_stm32f10x_md.o(.text)
    TIM4_IRQHandler                          0x080001d7   Thumb Code     0  startup_stm32f10x_md.o(.text)
    USBWakeUp_IRQHandler                     0x080001d7   Thumb Code     0  startup_stm32f10x_md.o(.text)
    USB_HP_CAN1_TX_IRQHandler                0x080001d7   Thumb Code     0  startup_stm32f10x_md.o(.text)
    USB_LP_CAN1_RX0_IRQHandler               0x080001d7   Thumb Code     0  startup_stm32f10x_md.o(.text)
    WWDG_IRQHandler                          0x080001d7   Thumb Code     0  startup_stm32f10x_md.o(.text)
    __user_initial_stackheap                 0x080001d9   Thumb Code     0  startup_stm32f10x_md.o(.text)
    malloc                                   0x080001fd   Thumb Code    94  h1_alloc.o(.text)
    free                                     0x0800025b   Thumb Code    78  h1_free.o(.text)
    __2snprintf                              0x080002a9   Thumb Code    48  noretval__2snprintf.o(.text)
    _printf_pre_padding                      0x080002dd   Thumb Code    44  _printf_pad.o(.text)
    _printf_post_padding                     0x08000309   Thumb Code    34  _printf_pad.o(.text)
    _printf_int_dec                          0x0800032d   Thumb Code   104  _printf_dec.o(.text)
    _printf_int_hex                          0x080003a5   Thumb Code    84  _printf_hex_int.o(.text)
    _printf_longlong_hex                     0x080003a5   Thumb Code     0  _printf_hex_int.o(.text)
    __printf                                 0x080003fd   Thumb Code   308  __printf_flags_wp.o(.text)
    strtol                                   0x08000535   Thumb Code   112  strtol.o(.text)
    strpbrk                                  0x080005a5   Thumb Code    30  strpbrk.o(.text)
    strcpy                                   0x080005c3   Thumb Code    72  strcpy.o(.text)
    strlen                                   0x0800060b   Thumb Code    62  strlen.o(.text)
    __aeabi_memcpy4                          0x08000649   Thumb Code     0  rt_memcpy_w.o(.text)
    __aeabi_memcpy8                          0x08000649   Thumb Code     0  rt_memcpy_w.o(.text)
    __rt_memcpy_w                            0x08000649   Thumb Code   100  rt_memcpy_w.o(.text)
    _memcpy_lastbytes_aligned                0x08000691   Thumb Code     0  rt_memcpy_w.o(.text)
    __aeabi_memclr4                          0x080006ad   Thumb Code     0  rt_memclr_w.o(.text)
    __aeabi_memclr8                          0x080006ad   Thumb Code     0  rt_memclr_w.o(.text)
    __rt_memclr_w                            0x080006ad   Thumb Code    78  rt_memclr_w.o(.text)
    _memset_w                                0x080006b1   Thumb Code     0  rt_memclr_w.o(.text)
    strncpy                                  0x080006fb   Thumb Code    86  strncpy.o(.text)
    __use_two_region_memory                  0x08000751   Thumb Code     2  heapauxi.o(.text)
    __rt_heap_escrow                         0x08000753   Thumb Code     2  heapauxi.o(.text)
    __rt_heap_expand                         0x08000755   Thumb Code     2  heapauxi.o(.text)
    __rt_ctype_table                         0x08000759   Thumb Code    16  rt_ctype_table.o(.text)
    __rt_heap_descriptor                     0x08000769   Thumb Code     8  rt_heap_descriptor_intlibspace.o(.text)
    __aeabi_errno_addr                       0x08000771   Thumb Code     8  rt_errno_addr_intlibspace.o(.text)
    __errno$intlibspace                      0x08000771   Thumb Code     0  rt_errno_addr_intlibspace.o(.text)
    __rt_errno_addr$intlibspace              0x08000771   Thumb Code     0  rt_errno_addr_intlibspace.o(.text)
    __use_no_heap                            0x08000779   Thumb Code     2  hguard.o(.text)
    __heap$guard                             0x0800077b   Thumb Code     2  hguard.o(.text)
    _terminate_user_alloc                    0x0800077d   Thumb Code     2  init_alloc.o(.text)
    _init_user_alloc                         0x0800077f   Thumb Code     2  init_alloc.o(.text)
    __Heap_Full                              0x08000781   Thumb Code    34  init_alloc.o(.text)
    __Heap_Broken                            0x080007a3   Thumb Code     6  init_alloc.o(.text)
    _init_alloc                              0x080007a9   Thumb Code    94  init_alloc.o(.text)
    __Heap_Initialize                        0x08000807   Thumb Code    10  h1_init.o(.text)
    __Heap_DescSize                          0x08000811   Thumb Code     4  h1_init.o(.text)
    _printf_int_common                       0x08000815   Thumb Code   178  _printf_intcommon.o(.text)
    _printf_char_common                      0x080008d3   Thumb Code    32  _printf_char_common.o(.text)
    _sputc                                   0x080008f9   Thumb Code    10  _sputc.o(.text)
    _snputc                                  0x08000903   Thumb Code    16  _snputc.o(.text)
    _strtoul                                 0x08000913   Thumb Code   158  _strtoul.o(.text)
    __strtod_int                             0x080009ed   Thumb Code    90  strtod.o(.text)
    __strtof_int                             0x08000a55   Thumb Code    26  strtof.o(.text)
    __aeabi_memclr                           0x08000a6f   Thumb Code     0  rt_memclr.o(.text)
    __rt_memclr                              0x08000a6f   Thumb Code    68  rt_memclr.o(.text)
    _memset                                  0x08000a73   Thumb Code     0  rt_memclr.o(.text)
    __user_libspace                          0x08000ab5   Thumb Code     8  libspace.o(.text)
    __user_perproc_libspace                  0x08000ab5   Thumb Code     0  libspace.o(.text)
    __user_perthread_libspace                0x08000ab5   Thumb Code     0  libspace.o(.text)
    __rt_locale                              0x08000abd   Thumb Code     8  rt_locale_intlibspace.o(.text)
    __Heap_ProvideMemory                     0x08000ac5   Thumb Code    52  h1_extend.o(.text)
    isspace                                  0x08000af9   Thumb Code    18  isspace.o(.text)
    _chval                                   0x08000b0b   Thumb Code    28  _chval.o(.text)
    _sgetc                                   0x08000b27   Thumb Code    30  _sgetc.o(.text)
    _sbackspace                              0x08000b45   Thumb Code    34  _sgetc.o(.text)
    __rt_SIGRTMEM                            0x08000b67   Thumb Code    14  defsig_rtmem_outer.o(.text)
    __I$use$semihosting                      0x08000b75   Thumb Code     0  use_no_semi.o(.text)
    __use_no_semihosting_swi                 0x08000b75   Thumb Code     2  use_no_semi.o(.text)
    __semihosting_library_function           0x08000b77   Thumb Code     0  indicate_semi.o(.text)
    __user_setup_stackheap                   0x08000b77   Thumb Code    74  sys_stackheap_outer.o(.text)
    __read_errno                             0x08000bc1   Thumb Code    10  _rserrno.o(.text)
    __set_errno                              0x08000bcb   Thumb Code    12  _rserrno.o(.text)
    _scanf_really_real                       0x08000e25   Thumb Code   684  scanf_fp.o(.text)
    exit                                     0x080010d1   Thumb Code    18  exit.o(.text)
    __sig_exit                               0x080010e3   Thumb Code    10  defsig_exit.o(.text)
    __rt_SIGRTMEM_inner                      0x080010ed   Thumb Code    22  defsig_rtmem_inner.o(.text)
    strcmp                                   0x0800113d   Thumb Code   128  strcmpv7m.o(.text)
    _sys_exit                                0x080011bd   Thumb Code     8  sys_exit.o(.text)
    _btod_etento                             0x080011c9   Thumb Code   224  bigflt0.o(.text)
    __default_signal_display                 0x080012ad   Thumb Code    50  defsig_general.o(.text)
    _ttywrch                                 0x080012df   Thumb Code    14  sys_wrch.o(.text)
    _scanf_really_hex_real                   0x080012ed   Thumb Code   786  scanf_hexfp.o(.text)
    _scanf_really_infnan                     0x0800160d   Thumb Code   292  scanf_infnan.o(.text)
    __aeabi_llsl                             0x08001741   Thumb Code     0  llshl.o(.text)
    _ll_shift_l                              0x08001741   Thumb Code    38  llshl.o(.text)
    __btod_div_common                        0x08001767   Thumb Code   696  btod.o(CL$$btod_div_common)
    _e2d                                     0x08001aa1   Thumb Code   122  btod.o(CL$$btod_e2d)
    _e2e                                     0x08001b25   Thumb Code   220  btod.o(CL$$btod_e2e)
    _btod_ediv                               0x08001c01   Thumb Code    42  btod.o(CL$$btod_ediv)
    _btod_edivd                              0x08001c2b   Thumb Code    42  btod.o(CL$$btod_edivd)
    _btod_emul                               0x08001c55   Thumb Code    42  btod.o(CL$$btod_emul)
    _btod_emuld                              0x08001c7f   Thumb Code    42  btod.o(CL$$btod_emuld)
    __btod_mult_common                       0x08001ca9   Thumb Code   580  btod.o(CL$$btod_mult_common)
    BusFault_Handler                         0x08001eed   Thumb Code     4  stm32f10x_it.o(i.BusFault_Handler)
    Cal_SUM                                  0x08001ef1   Thumb Code    28  time.o(i.Cal_SUM)
    Cal_XOR                                  0x08001f0d   Thumb Code    26  time.o(i.Cal_XOR)
    CameraAutoMode                           0x08001f29   Thumb Code   468  camera.o(i.CameraAutoMode)
    CameraManuMode                           0x08002119   Thumb Code   112  camera.o(i.CameraManuMode)
    CameraSynic                              0x0800219d   Thumb Code    56  camera.o(i.CameraSynic)
    CameraSynic_clear                        0x080021dd   Thumb Code    24  camera.o(i.CameraSynic_clear)
    Camera_Output                            0x08002205   Thumb Code   288  camera.o(i.Camera_Output)
    DMA1_Channel2_IRQHandler                 0x08002335   Thumb Code    32  stm32f10x_it.o(i.DMA1_Channel2_IRQHandler)
    DMA1_Channel4_IRQHandler                 0x08002359   Thumb Code    34  stm32f10x_it.o(i.DMA1_Channel4_IRQHandler)
    DMA1_Channel7_IRQHandler                 0x08002381   Thumb Code    34  stm32f10x_it.o(i.DMA1_Channel7_IRQHandler)
    DMAUart_Read                             0x080023a9   Thumb Code   114  uart.o(i.DMAUart_Read)
    DMAUart_Rx_ISR                           0x0800241b   Thumb Code    94  uart.o(i.DMAUart_Rx_ISR)
    DMAUart_Send                             0x08002479   Thumb Code   126  uart.o(i.DMAUart_Send)
    DMAUart_TC_ISR                           0x080024f7   Thumb Code    98  uart.o(i.DMAUart_TC_ISR)
    DMA_ClearFlag                            0x08002559   Thumb Code    18  stm32f10x_dma.o(i.DMA_ClearFlag)
    DMA_ClearITPendingBit                    0x08002575   Thumb Code    18  stm32f10x_dma.o(i.DMA_ClearITPendingBit)
    DMA_Cmd                                  0x08002591   Thumb Code    24  stm32f10x_dma.o(i.DMA_Cmd)
    DMA_DeInit                               0x080025a9   Thumb Code   324  stm32f10x_dma.o(i.DMA_DeInit)
    DMA_GetCurrDataCounter                   0x080026f5   Thumb Code     8  stm32f10x_dma.o(i.DMA_GetCurrDataCounter)
    DMA_ITConfig                             0x080026fd   Thumb Code    18  stm32f10x_dma.o(i.DMA_ITConfig)
    DMA_Init                                 0x0800270f   Thumb Code    60  stm32f10x_dma.o(i.DMA_Init)
    DMA_SetCurrDataCounter                   0x0800274b   Thumb Code     4  stm32f10x_dma.o(i.DMA_SetCurrDataCounter)
    DMA_USART1_RX_Config                     0x08002751   Thumb Code    84  cpu.o(i.DMA_USART1_RX_Config)
    DMA_USART1_TX_Config                     0x080027b1   Thumb Code   124  cpu.o(i.DMA_USART1_TX_Config)
    DMA_USART2_RX_Config                     0x08002839   Thumb Code    84  cpu.o(i.DMA_USART2_RX_Config)
    DMA_USART2_TX_Config                     0x08002899   Thumb Code   124  cpu.o(i.DMA_USART2_TX_Config)
    DMA_USART3_RX_Config                     0x08002921   Thumb Code    84  cpu.o(i.DMA_USART3_RX_Config)
    DMA_USART3_TX_Config                     0x08002981   Thumb Code   124  cpu.o(i.DMA_USART3_TX_Config)
    DebugMon_Handler                         0x08002a09   Thumb Code     2  stm32f10x_it.o(i.DebugMon_Handler)
    EXTI1_IRQHandler                         0x08002a0d   Thumb Code    26  stm32f10x_it.o(i.EXTI1_IRQHandler)
    EXTI_ClearITPendingBit                   0x08002a2d   Thumb Code     6  stm32f10x_exti.o(i.EXTI_ClearITPendingBit)
    EXTI_GetITStatus                         0x08002a39   Thumb Code    34  stm32f10x_exti.o(i.EXTI_GetITStatus)
    FLASH_PrefetchBufferCmd                  0x08002a61   Thumb Code    22  stm32f10x_flash.o(i.FLASH_PrefetchBufferCmd)
    FLASH_SetLatency                         0x08002a7d   Thumb Code    18  stm32f10x_flash.o(i.FLASH_SetLatency)
    GNSS_PPS_Callback                        0x08002a95   Thumb Code    84  gnss.o(i.GNSS_PPS_Callback)
    GPIO_Init                                0x08002bc5   Thumb Code   278  stm32f10x_gpio.o(i.GPIO_Init)
    GPIO_ReadInputDataBit                    0x08002cdb   Thumb Code    18  stm32f10x_gpio.o(i.GPIO_ReadInputDataBit)
    GPIO_ResetBits                           0x08002ced   Thumb Code     4  stm32f10x_gpio.o(i.GPIO_ResetBits)
    GPIO_SetBits                             0x08002cf1   Thumb Code     4  stm32f10x_gpio.o(i.GPIO_SetBits)
    GPS_Output                               0x08002cf5   Thumb Code   152  sdata.o(i.GPS_Output)
    HardFault_Handler                        0x08002d9d   Thumb Code     4  stm32f10x_it.o(i.HardFault_Handler)
    IWDG_ReloadCounter                       0x08002da1   Thumb Code    10  stm32f10x_iwdg.o(i.IWDG_ReloadCounter)
    LED_Flash                                0x08002db1   Thumb Code    40  sdata.o(i.LED_Flash)
    MemManage_Handler                        0x08002de1   Thumb Code     4  stm32f10x_it.o(i.MemManage_Handler)
    NMI_Handler                              0x08002de5   Thumb Code     2  stm32f10x_it.o(i.NMI_Handler)
    NVIC_Init                                0x08002de9   Thumb Code   100  misc.o(i.NVIC_Init)
    NVIC_PriorityGroupConfig                 0x08002e59   Thumb Code    10  misc.o(i.NVIC_PriorityGroupConfig)
    PC_SendMode                              0x08002f85   Thumb Code   138  pc_mcu.o(i.PC_SendMode)
    PendSV_Handler                           0x0800313d   Thumb Code     2  stm32f10x_it.o(i.PendSV_Handler)
    RCC_ADCCLKConfig                         0x08003141   Thumb Code    18  stm32f10x_rcc.o(i.RCC_ADCCLKConfig)
    RCC_AHBPeriphClockCmd                    0x08003159   Thumb Code    26  stm32f10x_rcc.o(i.RCC_AHBPeriphClockCmd)
    RCC_APB1PeriphClockCmd                   0x08003179   Thumb Code    26  stm32f10x_rcc.o(i.RCC_APB1PeriphClockCmd)
    RCC_APB2PeriphClockCmd                   0x08003199   Thumb Code    26  stm32f10x_rcc.o(i.RCC_APB2PeriphClockCmd)
    RCC_ClockConfig                          0x080031b9   Thumb Code   122  cpu.o(i.RCC_ClockConfig)
    RCC_DeInit                               0x08003235   Thumb Code    64  stm32f10x_rcc.o(i.RCC_DeInit)
    RCC_GetClocksFreq                        0x08003281   Thumb Code   192  stm32f10x_rcc.o(i.RCC_GetClocksFreq)
    RCC_GetFlagStatus                        0x08003355   Thumb Code    56  stm32f10x_rcc.o(i.RCC_GetFlagStatus)
    RCC_GetSYSCLKSource                      0x08003391   Thumb Code    10  stm32f10x_rcc.o(i.RCC_GetSYSCLKSource)
    RCC_HCLKConfig                           0x080033a1   Thumb Code    18  stm32f10x_rcc.o(i.RCC_HCLKConfig)
    RCC_HSEConfig                            0x080033b9   Thumb Code    70  stm32f10x_rcc.o(i.RCC_HSEConfig)
    RCC_PCLK1Config                          0x08003405   Thumb Code    18  stm32f10x_rcc.o(i.RCC_PCLK1Config)
    RCC_PCLK2Config                          0x0800341d   Thumb Code    20  stm32f10x_rcc.o(i.RCC_PCLK2Config)
    RCC_PLLCmd                               0x08003435   Thumb Code     6  stm32f10x_rcc.o(i.RCC_PLLCmd)
    RCC_PLLConfig                            0x08003441   Thumb Code    24  stm32f10x_rcc.o(i.RCC_PLLConfig)
    RCC_SYSCLKConfig                         0x0800345d   Thumb Code    18  stm32f10x_rcc.o(i.RCC_SYSCLKConfig)
    RCC_WaitForHSEStartUp                    0x08003475   Thumb Code    56  stm32f10x_rcc.o(i.RCC_WaitForHSEStartUp)
    SVC_Handler                              0x080034ad   Thumb Code     2  stm32f10x_it.o(i.SVC_Handler)
    SysTick_Handler                          0x08003599   Thumb Code     2  stm32f10x_it.o(i.SysTick_Handler)
    Sys_Config                               0x0800359b   Thumb Code    24  cpu.o(i.Sys_Config)
    SystemInit                               0x080035b5   Thumb Code    78  system_stm32f10x.o(i.SystemInit)
    TIM2_Config                              0x08003615   Thumb Code    94  cpu.o(i.TIM2_Config)
    TIM2_IRQHandler                          0x08003673   Thumb Code    30  stm32f10x_it.o(i.TIM2_IRQHandler)
    TIM_ClearITPendingBit                    0x08003691   Thumb Code     6  stm32f10x_tim.o(i.TIM_ClearITPendingBit)
    TIM_Cmd                                  0x08003697   Thumb Code    24  stm32f10x_tim.o(i.TIM_Cmd)
    TIM_GNSS_CallBack                        0x080036b1   Thumb Code    72  gnss.o(i.TIM_GNSS_CallBack)
    TIM_GetITStatus                          0x08003709   Thumb Code    34  stm32f10x_tim.o(i.TIM_GetITStatus)
    TIM_ITConfig                             0x0800372b   Thumb Code    18  stm32f10x_tim.o(i.TIM_ITConfig)
    TIM_TimeBaseInit                         0x0800373d   Thumb Code   122  stm32f10x_tim.o(i.TIM_TimeBaseInit)
    Timer3_IRQ                               0x080037e1   Thumb Code    80  sdata.o(i.Timer3_IRQ)
    USART1_Config                            0x08003839   Thumb Code   190  cpu.o(i.USART1_Config)
    USART1_IRQHandler                        0x08003901   Thumb Code    84  stm32f10x_it.o(i.USART1_IRQHandler)
    USART2_Config                            0x0800395d   Thumb Code   186  cpu.o(i.USART2_Config)
    USART2_IRQHandler                        0x08003a21   Thumb Code    84  stm32f10x_it.o(i.USART2_IRQHandler)
    USART3_Config                            0x08003a7d   Thumb Code   190  cpu.o(i.USART3_Config)
    USART3_IRQHandler                        0x08003b45   Thumb Code    84  stm32f10x_it.o(i.USART3_IRQHandler)
    USART_ClearITPendingBit                  0x08003ba1   Thumb Code    30  stm32f10x_usart.o(i.USART_ClearITPendingBit)
    USART_Cmd                                0x08003bbf   Thumb Code    24  stm32f10x_usart.o(i.USART_Cmd)
    USART_DMACmd                             0x08003bd7   Thumb Code    18  stm32f10x_usart.o(i.USART_DMACmd)
    USART_GetFlagStatus                      0x08003be9   Thumb Code    26  stm32f10x_usart.o(i.USART_GetFlagStatus)
    USART_GetITStatus                        0x08003c03   Thumb Code    84  stm32f10x_usart.o(i.USART_GetITStatus)
    USART_ITConfig                           0x08003c57   Thumb Code    74  stm32f10x_usart.o(i.USART_ITConfig)
    USART_Init                               0x08003ca1   Thumb Code   210  stm32f10x_usart.o(i.USART_Init)
    USART_ReceiveData                        0x08003d79   Thumb Code    10  stm32f10x_usart.o(i.USART_ReceiveData)
    USART_SendData                           0x08003d83   Thumb Code     8  stm32f10x_usart.o(i.USART_SendData)
    Uartx_Send                               0x08003d8b   Thumb Code   162  uart.o(i.Uartx_Send)
    UsageFault_Handler                       0x08003e2d   Thumb Code     4  stm32f10x_it.o(i.UsageFault_Handler)
    __mathlib_dbl_overflow                   0x08003e31   Thumb Code    14  dunder.o(i.__mathlib_dbl_overflow)
    __mathlib_dbl_underflow                  0x08003e41   Thumb Code    10  dunder.o(i.__mathlib_dbl_underflow)
    __mathlib_narrow                         0x08003e51   Thumb Code    16  narrow.o(i.__mathlib_narrow)
    __mathlib_tofloat                        0x08003e61   Thumb Code   184  narrow.o(i.__mathlib_tofloat)
    __support_ldexp                          0x08003f1d   Thumb Code    22  ldexp.o(i.__support_ldexp)
    _is_digit                                0x08003f33   Thumb Code    14  __printf_wp.o(i._is_digit)
    frexp                                    0x08003f41   Thumb Code    80  frexp.o(i.frexp)
    get_month_days                           0x08003f99   Thumb Code    62  time.o(i.get_month_days)
    grmc_check                               0x0800414d   Thumb Code    28  sdata.o(i.grmc_check)
    ldexp                                    0x08004169   Thumb Code   116  ldexp.o(i.ldexp)
    main                                     0x080041dd   Thumb Code   100  main.o(i.main)
    proc_GNSS                                0x08004259   Thumb Code    50  gnss.o(i.proc_GNSS)
    proc_PCMsg                               0x08004299   Thumb Code    42  pc_mcu.o(i.proc_PCMsg)
    proc_gnssdata                            0x080042cd   Thumb Code  1272  gnss.o(i.proc_gnssdata)
    strtod                                   0x08004885   Thumb Code    28  strtod.o(i.strtod)
    strtof                                   0x080048a1   Thumb Code    20  strtof.o(i.strtof)
    usrGetTime                               0x080048b5   Thumb Code    12  time.o(i.usrGetTime)
    usrSetTime                               0x080048c5   Thumb Code    32  time.o(i.usrSetTime)
    usrTimeSetMSZero                         0x080048e9   Thumb Code     8  time.o(i.usrTimeSetMSZero)
    usrTimeUpdate                            0x080048f5   Thumb Code   154  time.o(i.usrTimeUpdate)
    _get_lc_ctype                            0x08004995   Thumb Code    44  lc_ctype_c.o(locale$$code)
    _get_lc_numeric                          0x080049c1   Thumb Code    44  lc_numeric_c.o(locale$$code)
    __aeabi_d2f                              0x080049ed   Thumb Code     0  d2f.o(x$fpl$d2f)
    _d2f                                     0x080049ed   Thumb Code    98  d2f.o(x$fpl$d2f)
    __fpl_dcheck_NaN1                        0x08004a51   Thumb Code    10  dcheck1.o(x$fpl$dcheck1)
    __fpl_dcmp_Inf                           0x08004a61   Thumb Code    24  dcmpi.o(x$fpl$dcmpinf)
    __aeabi_cdcmpeq                          0x08004a79   Thumb Code     0  deqf.o(x$fpl$deqf)
    _dcmpeq                                  0x08004a79   Thumb Code   120  deqf.o(x$fpl$deqf)
    __aeabi_d2uiz                            0x08004af1   Thumb Code     0  dfixu.o(x$fpl$dfixu)
    _dfixu                                   0x08004af1   Thumb Code    90  dfixu.o(x$fpl$dfixu)
    __aeabi_ui2d                             0x08004b4b   Thumb Code     0  dflt_clz.o(x$fpl$dfltu)
    _dfltu                                   0x08004b4b   Thumb Code    38  dflt_clz.o(x$fpl$dfltu)
    __aeabi_cdcmple                          0x08004b71   Thumb Code     0  dleqf.o(x$fpl$dleqf)
    _dcmple                                  0x08004b71   Thumb Code   120  dleqf.o(x$fpl$dleqf)
    __fpl_dcmple_InfNaN                      0x08004bd3   Thumb Code     0  dleqf.o(x$fpl$dleqf)
    __fpl_dnaninf                            0x08004be9   Thumb Code   156  dnaninf.o(x$fpl$dnaninf)
    __fpl_dretinf                            0x08004c85   Thumb Code    12  dretinf.o(x$fpl$dretinf)
    __aeabi_cdrcmple                         0x08004c91   Thumb Code     0  drleqf.o(x$fpl$drleqf)
    _drcmple                                 0x08004c91   Thumb Code   108  drleqf.o(x$fpl$drleqf)
    __aeabi_f2d                              0x08004cfd   Thumb Code     0  f2d.o(x$fpl$f2d)
    _f2d                                     0x08004cfd   Thumb Code    86  f2d.o(x$fpl$f2d)
    __fpl_fnaninf                            0x08004d53   Thumb Code   140  fnaninf.o(x$fpl$fnaninf)
    __fpl_fretinf                            0x08004ddf   Thumb Code    10  fretinf.o(x$fpl$fretinf)
    __ieee_status                            0x08004de9   Thumb Code     6  istatus.o(x$fpl$ieeestatus)
    __fpl_return_NaN                         0x08004def   Thumb Code   100  retnan.o(x$fpl$retnan)
    __ARM_scalbn                             0x08004e53   Thumb Code    92  scalbn.o(x$fpl$scalbn)
    _scanf_real                              0x08004eaf   Thumb Code     4  scanf1.o(x$fpl$scanf1)
    _scanf_hex_real                          0x08004eb3   Thumb Code     4  scanf2.o(x$fpl$scanf2)
    _scanf_infnan                            0x08004eb7   Thumb Code     4  scanf2.o(x$fpl$scanf2)
    __fpl_cmpreturn                          0x08004ebb   Thumb Code    48  trapv.o(x$fpl$trapveneer)
    __I$use$fp                               0x08004eea   Number         0  usenofp.o(x$fpl$usenofp)
    Region$$Table$$Base                      0x08005070   Number         0  anon$$obj.o(Region$$Table)
    Region$$Table$$Limit                     0x08005090   Number         0  anon$$obj.o(Region$$Table)
    __aeabi_HUGE_VAL                         0x08005090   Data           0  fpconst.o(c$$dinf)
    __aeabi_HUGE_VALL                        0x08005090   Data           0  fpconst.o(c$$dinf)
    __aeabi_INFINITY                         0x08005090   Data           0  fpconst.o(c$$dinf)
    __dInf                                   0x08005090   Data           0  fpconst.o(c$$dinf)
    __huge_val                               0x08005090   Data           0  fpconst.o(c$$dinf)
    __dbl_max                                0x08005098   Data           0  fpconst.o(c$$dmax)
    __ctype                                  0x080050ad   Data           0  lc_ctype_c.o(locale$$data)
    g_Uart1TxBuf                             0x20000014   Data          28  uart.o(.data)
    g_Uart2TxBuf                             0x20000030   Data          28  uart.o(.data)
    g_Uart3TxBuf                             0x2000004c   Data          28  uart.o(.data)
    g_Uart1RxBuf                             0x20000068   Data          28  uart.o(.data)
    g_Uart2RxBuf                             0x20000084   Data          28  uart.o(.data)
    g_Uart3RxBuf                             0x200000a0   Data          28  uart.o(.data)
    g_nGPSTxEnable                           0x200000bc   Data           1  sdata.o(.data)
    g_nPCModeEnable                          0x200000bd   Data           1  sdata.o(.data)
    g_nCameraTxEnable                        0x200000be   Data           1  sdata.o(.data)
    g_nSysWork                               0x200000c0   Data           1  pc_mcu.o(.data)
    g_nGPSOK                                 0x200000c1   Data           1  pc_mcu.o(.data)
    g_nGNSSState                             0x200000c2   Data           1  pc_mcu.o(.data)
    g_nCameraMode                            0x200000c3   Data           1  pc_mcu.o(.data)
    g_nCameraTri                             0x200000c4   Data           1  pc_mcu.o(.data)
    g_CameraPulse                            0x200000c5   Data           1  pc_mcu.o(.data)
    g_PulseGap                               0x200000c6   Data           2  pc_mcu.o(.data)
    g_SysTime                                0x200000cc   Data           8  time.o(.data)
    g_ImuTime                                0x200000d4   Data           8  time.o(.data)
    __libspace_start                         0x20000c60   Data          96  libspace.o(.bss)
    __temporary_stack_top$libspace           0x20000cc0   Data           0  libspace.o(.bss)



==============================================================================

Memory Map of the image

  Image Entry point : 0x080000ed

  Load Region LR_IROM1 (Base: 0x08000000, Size: 0x000052e8, Max: 0x00010000, ABSOLUTE)

    Execution Region ER_IROM1 (Exec base: 0x08000000, Load base: 0x08000000, Size: 0x000051cc, Max: 0x00010000, ABSOLUTE)

    Exec Addr    Load Addr    Size         Type   Attr      Idx    E Section Name        Object

    0x08000000   0x08000000   0x000000ec   Data   RO            3    RESET               startup_stm32f10x_md.o
    0x080000ec   0x080000ec   0x00000008   Code   RO         2464  * !!!main             c_w.l(__main.o)
    0x080000f4   0x080000f4   0x00000034   Code   RO         2855    !!!scatter          c_w.l(__scatter.o)
    0x08000128   0x08000128   0x0000001a   Code   RO         2857    !!handler_copy      c_w.l(__scatter_copy.o)
    0x08000142   0x08000142   0x00000002   PAD
    0x08000144   0x08000144   0x0000001c   Code   RO         2859    !!handler_zi        c_w.l(__scatter_zi.o)
    0x08000160   0x08000160   0x00000000   Code   RO         2447    .ARM.Collect$$_printf_percent$$00000000  c_w.l(_printf_percent.o)
    0x08000160   0x08000160   0x00000006   Code   RO         2446    .ARM.Collect$$_printf_percent$$00000009  c_w.l(_printf_d.o)
    0x08000166   0x08000166   0x00000006   Code   RO         2445    .ARM.Collect$$_printf_percent$$0000000C  c_w.l(_printf_x.o)
    0x0800016c   0x0800016c   0x00000004   Code   RO         2529    .ARM.Collect$$_printf_percent$$00000017  c_w.l(_printf_percent_end.o)
    0x08000170   0x08000170   0x00000002   Code   RO         2688    .ARM.Collect$$libinit$$00000000  c_w.l(libinit.o)
    0x08000172   0x08000172   0x00000000   Code   RO         2541    .ARM.Collect$$libinit$$00000002  c_w.l(libinit2.o)
    0x08000172   0x08000172   0x00000000   Code   RO         2543    .ARM.Collect$$libinit$$00000004  c_w.l(libinit2.o)
    0x08000172   0x08000172   0x00000008   Code   RO         2544    .ARM.Collect$$libinit$$00000005  c_w.l(libinit2.o)
    0x0800017a   0x0800017a   0x00000000   Code   RO         2546    .ARM.Collect$$libinit$$0000000A  c_w.l(libinit2.o)
    0x0800017a   0x0800017a   0x00000000   Code   RO         2548    .ARM.Collect$$libinit$$0000000C  c_w.l(libinit2.o)
    0x0800017a   0x0800017a   0x00000000   Code   RO         2550    .ARM.Collect$$libinit$$0000000E  c_w.l(libinit2.o)
    0x0800017a   0x0800017a   0x00000006   Code   RO         2551    .ARM.Collect$$libinit$$0000000F  c_w.l(libinit2.o)
    0x08000180   0x08000180   0x00000000   Code   RO         2553    .ARM.Collect$$libinit$$00000011  c_w.l(libinit2.o)
    0x08000180   0x08000180   0x0000000c   Code   RO         2554    .ARM.Collect$$libinit$$00000012  c_w.l(libinit2.o)
    0x0800018c   0x0800018c   0x00000000   Code   RO         2555    .ARM.Collect$$libinit$$00000013  c_w.l(libinit2.o)
    0x0800018c   0x0800018c   0x00000000   Code   RO         2557    .ARM.Collect$$libinit$$00000015  c_w.l(libinit2.o)
    0x0800018c   0x0800018c   0x0000000a   Code   RO         2558    .ARM.Collect$$libinit$$00000016  c_w.l(libinit2.o)
    0x08000196   0x08000196   0x00000000   Code   RO         2559    .ARM.Collect$$libinit$$00000017  c_w.l(libinit2.o)
    0x08000196   0x08000196   0x00000000   Code   RO         2561    .ARM.Collect$$libinit$$00000019  c_w.l(libinit2.o)
    0x08000196   0x08000196   0x00000000   Code   RO         2563    .ARM.Collect$$libinit$$0000001B  c_w.l(libinit2.o)
    0x08000196   0x08000196   0x00000000   Code   RO         2565    .ARM.Collect$$libinit$$0000001D  c_w.l(libinit2.o)
    0x08000196   0x08000196   0x00000000   Code   RO         2567    .ARM.Collect$$libinit$$0000001F  c_w.l(libinit2.o)
    0x08000196   0x08000196   0x00000000   Code   RO         2569    .ARM.Collect$$libinit$$00000021  c_w.l(libinit2.o)
    0x08000196   0x08000196   0x00000000   Code   RO         2571    .ARM.Collect$$libinit$$00000023  c_w.l(libinit2.o)
    0x08000196   0x08000196   0x00000000   Code   RO         2573    .ARM.Collect$$libinit$$00000025  c_w.l(libinit2.o)
    0x08000196   0x08000196   0x00000000   Code   RO         2577    .ARM.Collect$$libinit$$0000002C  c_w.l(libinit2.o)
    0x08000196   0x08000196   0x00000000   Code   RO         2579    .ARM.Collect$$libinit$$0000002E  c_w.l(libinit2.o)
    0x08000196   0x08000196   0x00000000   Code   RO         2581    .ARM.Collect$$libinit$$00000030  c_w.l(libinit2.o)
    0x08000196   0x08000196   0x00000000   Code   RO         2583    .ARM.Collect$$libinit$$00000032  c_w.l(libinit2.o)
    0x08000196   0x08000196   0x00000002   Code   RO         2584    .ARM.Collect$$libinit$$00000033  c_w.l(libinit2.o)
    0x08000198   0x08000198   0x00000002   Code   RO         2809    .ARM.Collect$$libshutdown$$00000000  c_w.l(libshutdown.o)
    0x0800019a   0x0800019a   0x00000000   Code   RO         2739    .ARM.Collect$$libshutdown$$00000002  c_w.l(libshutdown2.o)
    0x0800019a   0x0800019a   0x00000000   Code   RO         2741    .ARM.Collect$$libshutdown$$00000004  c_w.l(libshutdown2.o)
    0x0800019a   0x0800019a   0x00000000   Code   RO         2744    .ARM.Collect$$libshutdown$$00000007  c_w.l(libshutdown2.o)
    0x0800019a   0x0800019a   0x00000000   Code   RO         2747    .ARM.Collect$$libshutdown$$0000000A  c_w.l(libshutdown2.o)
    0x0800019a   0x0800019a   0x00000000   Code   RO         2749    .ARM.Collect$$libshutdown$$0000000C  c_w.l(libshutdown2.o)
    0x0800019a   0x0800019a   0x00000000   Code   RO         2752    .ARM.Collect$$libshutdown$$0000000F  c_w.l(libshutdown2.o)
    0x0800019a   0x0800019a   0x00000002   Code   RO         2753    .ARM.Collect$$libshutdown$$00000010  c_w.l(libshutdown2.o)
    0x0800019c   0x0800019c   0x00000000   Code   RO         2488    .ARM.Collect$$rtentry$$00000000  c_w.l(__rtentry.o)
    0x0800019c   0x0800019c   0x00000000   Code   RO         2598    .ARM.Collect$$rtentry$$00000002  c_w.l(__rtentry2.o)
    0x0800019c   0x0800019c   0x00000006   Code   RO         2610    .ARM.Collect$$rtentry$$00000004  c_w.l(__rtentry4.o)
    0x080001a2   0x080001a2   0x00000000   Code   RO         2600    .ARM.Collect$$rtentry$$00000009  c_w.l(__rtentry2.o)
    0x080001a2   0x080001a2   0x00000004   Code   RO         2601    .ARM.Collect$$rtentry$$0000000A  c_w.l(__rtentry2.o)
    0x080001a6   0x080001a6   0x00000000   Code   RO         2603    .ARM.Collect$$rtentry$$0000000C  c_w.l(__rtentry2.o)
    0x080001a6   0x080001a6   0x00000008   Code   RO         2604    .ARM.Collect$$rtentry$$0000000D  c_w.l(__rtentry2.o)
    0x080001ae   0x080001ae   0x00000002   Code   RO         2703    .ARM.Collect$$rtexit$$00000000  c_w.l(rtexit.o)
    0x080001b0   0x080001b0   0x00000000   Code   RO         2775    .ARM.Collect$$rtexit$$00000002  c_w.l(rtexit2.o)
    0x080001b0   0x080001b0   0x00000004   Code   RO         2776    .ARM.Collect$$rtexit$$00000003  c_w.l(rtexit2.o)
    0x080001b4   0x080001b4   0x00000006   Code   RO         2777    .ARM.Collect$$rtexit$$00000004  c_w.l(rtexit2.o)
    0x080001ba   0x080001ba   0x00000002   PAD
    0x080001bc   0x080001bc   0x00000000   Code   RO         2619    .emb_text           c_w.l(maybetermalloc1.o)
    0x080001bc   0x080001bc   0x00000040   Code   RO            4    .text               startup_stm32f10x_md.o
    0x080001fc   0x080001fc   0x0000005e   Code   RO         2336    .text               c_w.l(h1_alloc.o)
    0x0800025a   0x0800025a   0x0000004e   Code   RO         2338    .text               c_w.l(h1_free.o)
    0x080002a8   0x080002a8   0x00000034   Code   RO         2396    .text               c_w.l(noretval__2snprintf.o)
    0x080002dc   0x080002dc   0x0000004e   Code   RO         2400    .text               c_w.l(_printf_pad.o)
    0x0800032a   0x0800032a   0x00000002   PAD
    0x0800032c   0x0800032c   0x00000078   Code   RO         2402    .text               c_w.l(_printf_dec.o)
    0x080003a4   0x080003a4   0x00000058   Code   RO         2407    .text               c_w.l(_printf_hex_int.o)
    0x080003fc   0x080003fc   0x00000138   Code   RO         2437    .text               c_w.l(__printf_flags_wp.o)
    0x08000534   0x08000534   0x00000070   Code   RO         2448    .text               c_w.l(strtol.o)
    0x080005a4   0x080005a4   0x0000001e   Code   RO         2450    .text               c_w.l(strpbrk.o)
    0x080005c2   0x080005c2   0x00000048   Code   RO         2452    .text               c_w.l(strcpy.o)
    0x0800060a   0x0800060a   0x0000003e   Code   RO         2454    .text               c_w.l(strlen.o)
    0x08000648   0x08000648   0x00000064   Code   RO         2456    .text               c_w.l(rt_memcpy_w.o)
    0x080006ac   0x080006ac   0x0000004e   Code   RO         2458    .text               c_w.l(rt_memclr_w.o)
    0x080006fa   0x080006fa   0x00000056   Code   RO         2460    .text               c_w.l(strncpy.o)
    0x08000750   0x08000750   0x00000006   Code   RO         2462    .text               c_w.l(heapauxi.o)
    0x08000756   0x08000756   0x00000002   PAD
    0x08000758   0x08000758   0x00000010   Code   RO         2489    .text               c_w.l(rt_ctype_table.o)
    0x08000768   0x08000768   0x00000008   Code   RO         2494    .text               c_w.l(rt_heap_descriptor_intlibspace.o)
    0x08000770   0x08000770   0x00000008   Code   RO         2499    .text               c_w.l(rt_errno_addr_intlibspace.o)
    0x08000778   0x08000778   0x00000004   Code   RO         2501    .text               c_w.l(hguard.o)
    0x0800077c   0x0800077c   0x0000008a   Code   RO         2503    .text               c_w.l(init_alloc.o)
    0x08000806   0x08000806   0x0000000e   Code   RO         2507    .text               c_w.l(h1_init.o)
    0x08000814   0x08000814   0x000000b2   Code   RO         2521    .text               c_w.l(_printf_intcommon.o)
    0x080008c6   0x080008c6   0x00000002   PAD
    0x080008c8   0x080008c8   0x00000030   Code   RO         2523    .text               c_w.l(_printf_char_common.o)
    0x080008f8   0x080008f8   0x0000000a   Code   RO         2525    .text               c_w.l(_sputc.o)
    0x08000902   0x08000902   0x00000010   Code   RO         2527    .text               c_w.l(_snputc.o)
    0x08000912   0x08000912   0x0000009e   Code   RO         2530    .text               c_w.l(_strtoul.o)
    0x080009b0   0x080009b0   0x000000a4   Code   RO         2532    .text               c_w.l(strtod.o)
    0x08000a54   0x08000a54   0x0000001a   Code   RO         2534    .text               c_w.l(strtof.o)
    0x08000a6e   0x08000a6e   0x00000044   Code   RO         2536    .text               c_w.l(rt_memclr.o)
    0x08000ab2   0x08000ab2   0x00000002   PAD
    0x08000ab4   0x08000ab4   0x00000008   Code   RO         2594    .text               c_w.l(libspace.o)
    0x08000abc   0x08000abc   0x00000008   Code   RO         2615    .text               c_w.l(rt_locale_intlibspace.o)
    0x08000ac4   0x08000ac4   0x00000034   Code   RO         2621    .text               c_w.l(h1_extend.o)
    0x08000af8   0x08000af8   0x00000012   Code   RO         2625    .text               c_w.l(isspace.o)
    0x08000b0a   0x08000b0a   0x0000001c   Code   RO         2629    .text               c_w.l(_chval.o)
    0x08000b26   0x08000b26   0x00000040   Code   RO         2631    .text               c_w.l(_sgetc.o)
    0x08000b66   0x08000b66   0x0000000e   Code   RO         2639    .text               c_w.l(defsig_rtmem_outer.o)
    0x08000b74   0x08000b74   0x00000002   Code   RO         2658    .text               c_w.l(use_no_semi.o)
    0x08000b76   0x08000b76   0x00000000   Code   RO         2660    .text               c_w.l(indicate_semi.o)
    0x08000b76   0x08000b76   0x0000004a   Code   RO         2661    .text               c_w.l(sys_stackheap_outer.o)
    0x08000bc0   0x08000bc0   0x00000016   Code   RO         2667    .text               c_w.l(_rserrno.o)
    0x08000bd6   0x08000bd6   0x00000002   PAD
    0x08000bd8   0x08000bd8   0x000004f8   Code   RO         2669    .text               c_w.l(scanf_fp.o)
    0x080010d0   0x080010d0   0x00000012   Code   RO         2671    .text               c_w.l(exit.o)
    0x080010e2   0x080010e2   0x0000000a   Code   RO         2673    .text               c_w.l(defsig_exit.o)
    0x080010ec   0x080010ec   0x00000050   Code   RO         2675    .text               c_w.l(defsig_rtmem_inner.o)
    0x0800113c   0x0800113c   0x00000080   Code   RO         2677    .text               c_w.l(strcmpv7m.o)
    0x080011bc   0x080011bc   0x0000000c   Code   RO         2701    .text               c_w.l(sys_exit.o)
    0x080011c8   0x080011c8   0x000000e4   Code   RO         2709    .text               c_w.l(bigflt0.o)
    0x080012ac   0x080012ac   0x00000032   Code   RO         2736    .text               c_w.l(defsig_general.o)
    0x080012de   0x080012de   0x0000000e   Code   RO         2772    .text               c_w.l(sys_wrch.o)
    0x080012ec   0x080012ec   0x00000320   Code   RO         2781    .text               c_w.l(scanf_hexfp.o)
    0x0800160c   0x0800160c   0x00000134   Code   RO         2783    .text               c_w.l(scanf_infnan.o)
    0x08001740   0x08001740   0x00000026   Code   RO         2789    .text               c_w.l(llshl.o)
    0x08001766   0x08001766   0x00000338   Code   RO         2722    CL$$btod_div_common  c_w.l(btod.o)
    0x08001a9e   0x08001a9e   0x00000002   PAD
    0x08001aa0   0x08001aa0   0x00000084   Code   RO         2720    CL$$btod_e2d        c_w.l(btod.o)
    0x08001b24   0x08001b24   0x000000dc   Code   RO         2719    CL$$btod_e2e        c_w.l(btod.o)
    0x08001c00   0x08001c00   0x0000002a   Code   RO         2716    CL$$btod_ediv       c_w.l(btod.o)
    0x08001c2a   0x08001c2a   0x0000002a   Code   RO         2718    CL$$btod_edivd      c_w.l(btod.o)
    0x08001c54   0x08001c54   0x0000002a   Code   RO         2715    CL$$btod_emul       c_w.l(btod.o)
    0x08001c7e   0x08001c7e   0x0000002a   Code   RO         2717    CL$$btod_emuld      c_w.l(btod.o)
    0x08001ca8   0x08001ca8   0x00000244   Code   RO         2721    CL$$btod_mult_common  c_w.l(btod.o)
    0x08001eec   0x08001eec   0x00000004   Code   RO         1826    i.BusFault_Handler  stm32f10x_it.o
    0x08001ef0   0x08001ef0   0x0000001c   Code   RO         2180    i.Cal_SUM           time.o
    0x08001f0c   0x08001f0c   0x0000001a   Code   RO         2181    i.Cal_XOR           time.o
    0x08001f26   0x08001f26   0x00000002   PAD
    0x08001f28   0x08001f28   0x000001f0   Code   RO         2291    i.CameraAutoMode    camera.o
    0x08002118   0x08002118   0x00000084   Code   RO         2292    i.CameraManuMode    camera.o
    0x0800219c   0x0800219c   0x00000040   Code   RO         2293    i.CameraSynic       camera.o
    0x080021dc   0x080021dc   0x00000028   Code   RO         2294    i.CameraSynic_clear  camera.o
    0x08002204   0x08002204   0x00000130   Code   RO         2295    i.Camera_Output     camera.o
    0x08002334   0x08002334   0x00000024   Code   RO         1827    i.DMA1_Channel2_IRQHandler  stm32f10x_it.o
    0x08002358   0x08002358   0x00000028   Code   RO         1828    i.DMA1_Channel4_IRQHandler  stm32f10x_it.o
    0x08002380   0x08002380   0x00000028   Code   RO         1829    i.DMA1_Channel7_IRQHandler  stm32f10x_it.o
    0x080023a8   0x080023a8   0x00000072   Code   RO         2026    i.DMAUart_Read      uart.o
    0x0800241a   0x0800241a   0x0000005e   Code   RO         2027    i.DMAUart_Rx_ISR    uart.o
    0x08002478   0x08002478   0x0000007e   Code   RO         2028    i.DMAUart_Send      uart.o
    0x080024f6   0x080024f6   0x00000062   Code   RO         2029    i.DMAUart_TC_ISR    uart.o
    0x08002558   0x08002558   0x0000001c   Code   RO          369    i.DMA_ClearFlag     stm32f10x_dma.o
    0x08002574   0x08002574   0x0000001c   Code   RO          370    i.DMA_ClearITPendingBit  stm32f10x_dma.o
    0x08002590   0x08002590   0x00000018   Code   RO          371    i.DMA_Cmd           stm32f10x_dma.o
    0x080025a8   0x080025a8   0x0000014c   Code   RO          372    i.DMA_DeInit        stm32f10x_dma.o
    0x080026f4   0x080026f4   0x00000008   Code   RO          373    i.DMA_GetCurrDataCounter  stm32f10x_dma.o
    0x080026fc   0x080026fc   0x00000012   Code   RO          376    i.DMA_ITConfig      stm32f10x_dma.o
    0x0800270e   0x0800270e   0x0000003c   Code   RO          377    i.DMA_Init          stm32f10x_dma.o
    0x0800274a   0x0800274a   0x00000004   Code   RO          378    i.DMA_SetCurrDataCounter  stm32f10x_dma.o
    0x0800274e   0x0800274e   0x00000002   PAD
    0x08002750   0x08002750   0x00000060   Code   RO         1937    i.DMA_USART1_RX_Config  cpu.o
    0x080027b0   0x080027b0   0x00000088   Code   RO         1938    i.DMA_USART1_TX_Config  cpu.o
    0x08002838   0x08002838   0x00000060   Code   RO         1939    i.DMA_USART2_RX_Config  cpu.o
    0x08002898   0x08002898   0x00000088   Code   RO         1940    i.DMA_USART2_TX_Config  cpu.o
    0x08002920   0x08002920   0x00000060   Code   RO         1941    i.DMA_USART3_RX_Config  cpu.o
    0x08002980   0x08002980   0x00000088   Code   RO         1942    i.DMA_USART3_TX_Config  cpu.o
    0x08002a08   0x08002a08   0x00000002   Code   RO         1830    i.DebugMon_Handler  stm32f10x_it.o
    0x08002a0a   0x08002a0a   0x00000002   PAD
    0x08002a0c   0x08002a0c   0x00000020   Code   RO         1831    i.EXTI1_IRQHandler  stm32f10x_it.o
    0x08002a2c   0x08002a2c   0x0000000c   Code   RO          138    i.EXTI_ClearITPendingBit  stm32f10x_exti.o
    0x08002a38   0x08002a38   0x00000028   Code   RO          142    i.EXTI_GetITStatus  stm32f10x_exti.o
    0x08002a60   0x08002a60   0x0000001c   Code   RO         1632    i.FLASH_PrefetchBufferCmd  stm32f10x_flash.o
    0x08002a7c   0x08002a7c   0x00000018   Code   RO         1637    i.FLASH_SetLatency  stm32f10x_flash.o
    0x08002a94   0x08002a94   0x00000074   Code   RO         2240    i.GNSS_PPS_Callback  gnss.o
    0x08002b08   0x08002b08   0x000000bc   Code   RO         1943    i.GPIO_Config       cpu.o
    0x08002bc4   0x08002bc4   0x00000116   Code   RO          447    i.GPIO_Init         stm32f10x_gpio.o
    0x08002cda   0x08002cda   0x00000012   Code   RO          451    i.GPIO_ReadInputDataBit  stm32f10x_gpio.o
    0x08002cec   0x08002cec   0x00000004   Code   RO          454    i.GPIO_ResetBits    stm32f10x_gpio.o
    0x08002cf0   0x08002cf0   0x00000004   Code   RO          455    i.GPIO_SetBits      stm32f10x_gpio.o
    0x08002cf4   0x08002cf4   0x000000a8   Code   RO         2099    i.GPS_Output        sdata.o
    0x08002d9c   0x08002d9c   0x00000004   Code   RO         1832    i.HardFault_Handler  stm32f10x_it.o
    0x08002da0   0x08002da0   0x00000010   Code   RO          557    i.IWDG_ReloadCounter  stm32f10x_iwdg.o
    0x08002db0   0x08002db0   0x00000030   Code   RO         2100    i.LED_Flash         sdata.o
    0x08002de0   0x08002de0   0x00000004   Code   RO         1833    i.MemManage_Handler  stm32f10x_it.o
    0x08002de4   0x08002de4   0x00000002   Code   RO         1834    i.NMI_Handler       stm32f10x_it.o
    0x08002de6   0x08002de6   0x00000002   PAD
    0x08002de8   0x08002de8   0x00000070   Code   RO         1579    i.NVIC_Init         misc.o
    0x08002e58   0x08002e58   0x00000014   Code   RO         1580    i.NVIC_PriorityGroupConfig  misc.o
    0x08002e6c   0x08002e6c   0x00000118   Code   RO         2144    i.PC_Msg            pc_mcu.o
    0x08002f84   0x08002f84   0x00000098   Code   RO         2145    i.PC_SendMode       pc_mcu.o
    0x0800301c   0x0800301c   0x00000120   Code   RO         2146    i.Parse_Data        pc_mcu.o
    0x0800313c   0x0800313c   0x00000002   Code   RO         1835    i.PendSV_Handler    stm32f10x_it.o
    0x0800313e   0x0800313e   0x00000002   PAD
    0x08003140   0x08003140   0x00000018   Code   RO          597    i.RCC_ADCCLKConfig  stm32f10x_rcc.o
    0x08003158   0x08003158   0x00000020   Code   RO          598    i.RCC_AHBPeriphClockCmd  stm32f10x_rcc.o
    0x08003178   0x08003178   0x00000020   Code   RO          599    i.RCC_APB1PeriphClockCmd  stm32f10x_rcc.o
    0x08003198   0x08003198   0x00000020   Code   RO          601    i.RCC_APB2PeriphClockCmd  stm32f10x_rcc.o
    0x080031b8   0x080031b8   0x0000007a   Code   RO         1945    i.RCC_ClockConfig   cpu.o
    0x08003232   0x08003232   0x00000002   PAD
    0x08003234   0x08003234   0x0000004c   Code   RO          608    i.RCC_DeInit        stm32f10x_rcc.o
    0x08003280   0x08003280   0x000000d4   Code   RO          609    i.RCC_GetClocksFreq  stm32f10x_rcc.o
    0x08003354   0x08003354   0x0000003c   Code   RO          610    i.RCC_GetFlagStatus  stm32f10x_rcc.o
    0x08003390   0x08003390   0x00000010   Code   RO          612    i.RCC_GetSYSCLKSource  stm32f10x_rcc.o
    0x080033a0   0x080033a0   0x00000018   Code   RO          613    i.RCC_HCLKConfig    stm32f10x_rcc.o
    0x080033b8   0x080033b8   0x0000004c   Code   RO          614    i.RCC_HSEConfig     stm32f10x_rcc.o
    0x08003404   0x08003404   0x00000018   Code   RO          620    i.RCC_PCLK1Config   stm32f10x_rcc.o
    0x0800341c   0x0800341c   0x00000018   Code   RO          621    i.RCC_PCLK2Config   stm32f10x_rcc.o
    0x08003434   0x08003434   0x0000000c   Code   RO          622    i.RCC_PLLCmd        stm32f10x_rcc.o
    0x08003440   0x08003440   0x0000001c   Code   RO          623    i.RCC_PLLConfig     stm32f10x_rcc.o
    0x0800345c   0x0800345c   0x00000018   Code   RO          626    i.RCC_SYSCLKConfig  stm32f10x_rcc.o
    0x08003474   0x08003474   0x00000038   Code   RO          628    i.RCC_WaitForHSEStartUp  stm32f10x_rcc.o
    0x080034ac   0x080034ac   0x00000002   Code   RO         1836    i.SVC_Handler       stm32f10x_it.o
    0x080034ae   0x080034ae   0x00000008   Code   RO           24    i.SetSysClock       system_stm32f10x.o
    0x080034b6   0x080034b6   0x00000002   PAD
    0x080034b8   0x080034b8   0x000000e0   Code   RO           25    i.SetSysClockTo72   system_stm32f10x.o
    0x08003598   0x08003598   0x00000002   Code   RO         1837    i.SysTick_Handler   stm32f10x_it.o
    0x0800359a   0x0800359a   0x00000018   Code   RO         1946    i.Sys_Config        cpu.o
    0x080035b2   0x080035b2   0x00000002   PAD
    0x080035b4   0x080035b4   0x00000060   Code   RO           27    i.SystemInit        system_stm32f10x.o
    0x08003614   0x08003614   0x0000005e   Code   RO         1947    i.TIM2_Config       cpu.o
    0x08003672   0x08003672   0x0000001e   Code   RO         1838    i.TIM2_IRQHandler   stm32f10x_it.o
    0x08003690   0x08003690   0x00000006   Code   RO          808    i.TIM_ClearITPendingBit  stm32f10x_tim.o
    0x08003696   0x08003696   0x00000018   Code   RO          813    i.TIM_Cmd           stm32f10x_tim.o
    0x080036ae   0x080036ae   0x00000002   PAD
    0x080036b0   0x080036b0   0x00000058   Code   RO         2241    i.TIM_GNSS_CallBack  gnss.o
    0x08003708   0x08003708   0x00000022   Code   RO          834    i.TIM_GetITStatus   stm32f10x_tim.o
    0x0800372a   0x0800372a   0x00000012   Code   RO          838    i.TIM_ITConfig      stm32f10x_tim.o
    0x0800373c   0x0800373c   0x000000a4   Code   RO          884    i.TIM_TimeBaseInit  stm32f10x_tim.o
    0x080037e0   0x080037e0   0x00000058   Code   RO         2101    i.Timer3_IRQ        sdata.o
    0x08003838   0x08003838   0x000000c8   Code   RO         1948    i.USART1_Config     cpu.o
    0x08003900   0x08003900   0x0000005c   Code   RO         1839    i.USART1_IRQHandler  stm32f10x_it.o
    0x0800395c   0x0800395c   0x000000c4   Code   RO         1949    i.USART2_Config     cpu.o
    0x08003a20   0x08003a20   0x0000005c   Code   RO         1840    i.USART2_IRQHandler  stm32f10x_it.o
    0x08003a7c   0x08003a7c   0x000000c8   Code   RO         1950    i.USART3_Config     cpu.o
    0x08003b44   0x08003b44   0x0000005c   Code   RO         1841    i.USART3_IRQHandler  stm32f10x_it.o
    0x08003ba0   0x08003ba0   0x0000001e   Code   RO         1346    i.USART_ClearITPendingBit  stm32f10x_usart.o
    0x08003bbe   0x08003bbe   0x00000018   Code   RO         1349    i.USART_Cmd         stm32f10x_usart.o
    0x08003bd6   0x08003bd6   0x00000012   Code   RO         1350    i.USART_DMACmd      stm32f10x_usart.o
    0x08003be8   0x08003be8   0x0000001a   Code   RO         1352    i.USART_GetFlagStatus  stm32f10x_usart.o
    0x08003c02   0x08003c02   0x00000054   Code   RO         1353    i.USART_GetITStatus  stm32f10x_usart.o
    0x08003c56   0x08003c56   0x0000004a   Code   RO         1355    i.USART_ITConfig    stm32f10x_usart.o
    0x08003ca0   0x08003ca0   0x000000d8   Code   RO         1356    i.USART_Init        stm32f10x_usart.o
    0x08003d78   0x08003d78   0x0000000a   Code   RO         1363    i.USART_ReceiveData  stm32f10x_usart.o
    0x08003d82   0x08003d82   0x00000008   Code   RO         1366    i.USART_SendData    stm32f10x_usart.o
    0x08003d8a   0x08003d8a   0x000000a2   Code   RO         2034    i.Uartx_Send        uart.o
    0x08003e2c   0x08003e2c   0x00000004   Code   RO         1842    i.UsageFault_Handler  stm32f10x_it.o
    0x08003e30   0x08003e30   0x0000000e   Code   RO         2830    i.__mathlib_dbl_overflow  m_ws.l(dunder.o)
    0x08003e3e   0x08003e3e   0x00000002   PAD
    0x08003e40   0x08003e40   0x00000010   Code   RO         2832    i.__mathlib_dbl_underflow  m_ws.l(dunder.o)
    0x08003e50   0x08003e50   0x00000010   Code   RO         2652    i.__mathlib_narrow  m_ws.l(narrow.o)
    0x08003e60   0x08003e60   0x000000bc   Code   RO         2653    i.__mathlib_tofloat  m_ws.l(narrow.o)
    0x08003f1c   0x08003f1c   0x00000016   Code   RO         2813    i.__support_ldexp   m_ws.l(ldexp.o)
    0x08003f32   0x08003f32   0x0000000e   Code   RO         2435    i._is_digit         c_w.l(__printf_wp.o)
    0x08003f40   0x08003f40   0x00000058   Code   RO         2698    i.frexp             m_ws.l(frexp.o)
    0x08003f98   0x08003f98   0x00000050   Code   RO         2182    i.get_month_days    time.o
    0x08003fe8   0x08003fe8   0x00000164   Code   RO         2242    i.gga_data_parse    gnss.o
    0x0800414c   0x0800414c   0x0000001c   Code   RO         2102    i.grmc_check        sdata.o
    0x08004168   0x08004168   0x00000074   Code   RO         2814    i.ldexp             m_ws.l(ldexp.o)
    0x080041dc   0x080041dc   0x0000007c   Code   RO         1789    i.main              main.o
    0x08004258   0x08004258   0x00000040   Code   RO         2243    i.proc_GNSS         gnss.o
    0x08004298   0x08004298   0x00000034   Code   RO         2147    i.proc_PCMsg        pc_mcu.o
    0x080042cc   0x080042cc   0x00000514   Code   RO         2244    i.proc_gnssdata     gnss.o
    0x080047e0   0x080047e0   0x00000074   Code   RO         2245    i.rtc_parse         gnss.o
    0x08004854   0x08004854   0x00000030   Code   RO         2246    i.strsplit          gnss.o
    0x08004884   0x08004884   0x0000001c   Code   RO         2479    i.strtod            m_ws.l(strtod.o)
    0x080048a0   0x080048a0   0x00000014   Code   RO         2483    i.strtof            m_ws.l(strtof.o)
    0x080048b4   0x080048b4   0x00000010   Code   RO         2183    i.usrGetTime        time.o
    0x080048c4   0x080048c4   0x00000024   Code   RO         2184    i.usrSetTime        time.o
    0x080048e8   0x080048e8   0x0000000c   Code   RO         2185    i.usrTimeSetMSZero  time.o
    0x080048f4   0x080048f4   0x000000a0   Code   RO         2186    i.usrTimeUpdate     time.o
    0x08004994   0x08004994   0x0000002c   Code   RO         2634    locale$$code        c_w.l(lc_ctype_c.o)
    0x080049c0   0x080049c0   0x0000002c   Code   RO         2637    locale$$code        c_w.l(lc_numeric_c.o)
    0x080049ec   0x080049ec   0x00000062   Code   RO         2689    x$fpl$d2f           fz_ws.l(d2f.o)
    0x08004a4e   0x08004a4e   0x00000002   PAD
    0x08004a50   0x08004a50   0x00000010   Code   RO         2787    x$fpl$dcheck1       fz_ws.l(dcheck1.o)
    0x08004a60   0x08004a60   0x00000018   Code   RO         2754    x$fpl$dcmpinf       fz_ws.l(dcmpi.o)
    0x08004a78   0x08004a78   0x00000078   Code   RO         2691    x$fpl$deqf          fz_ws.l(deqf.o)
    0x08004af0   0x08004af0   0x0000005a   Code   RO         2466    x$fpl$dfixu         fz_ws.l(dfixu.o)
    0x08004b4a   0x08004b4a   0x00000026   Code   RO         2470    x$fpl$dfltu         fz_ws.l(dflt_clz.o)
    0x08004b70   0x08004b70   0x00000078   Code   RO         2756    x$fpl$dleqf         fz_ws.l(dleqf.o)
    0x08004be8   0x08004be8   0x0000009c   Code   RO         2585    x$fpl$dnaninf       fz_ws.l(dnaninf.o)
    0x08004c84   0x08004c84   0x0000000c   Code   RO         2587    x$fpl$dretinf       fz_ws.l(dretinf.o)
    0x08004c90   0x08004c90   0x0000006c   Code   RO         2693    x$fpl$drleqf        fz_ws.l(drleqf.o)
    0x08004cfc   0x08004cfc   0x00000056   Code   RO         2476    x$fpl$f2d           fz_ws.l(f2d.o)
    0x08004d52   0x08004d52   0x0000008c   Code   RO         2589    x$fpl$fnaninf       fz_ws.l(fnaninf.o)
    0x08004dde   0x08004dde   0x0000000a   Code   RO         2762    x$fpl$fretinf       fz_ws.l(fretinf.o)
    0x08004de8   0x08004de8   0x00000006   Code   RO         2695    x$fpl$ieeestatus    fz_ws.l(istatus.o)
    0x08004dee   0x08004dee   0x00000064   Code   RO         2810    x$fpl$retnan        fz_ws.l(retnan.o)
    0x08004e52   0x08004e52   0x0000005c   Code   RO         2764    x$fpl$scalbn        fz_ws.l(scalbn.o)
    0x08004eae   0x08004eae   0x00000004   Code   RO         2650    x$fpl$scanf1        fz_ws.l(scanf1.o)
    0x08004eb2   0x08004eb2   0x00000008   Code   RO         2766    x$fpl$scanf2        fz_ws.l(scanf2.o)
    0x08004eba   0x08004eba   0x00000030   Code   RO         2824    x$fpl$trapveneer    fz_ws.l(trapv.o)
    0x08004eea   0x08004eea   0x00000000   Code   RO         2591    x$fpl$usenofp       fz_ws.l(usenofp.o)
    0x08004eea   0x08004eea   0x00000028   Data   RO         2408    .constdata          c_w.l(_printf_hex_int.o)
    0x08004f12   0x08004f12   0x00000011   Data   RO         2438    .constdata          c_w.l(__printf_flags_wp.o)
    0x08004f23   0x08004f23   0x00000001   PAD
    0x08004f24   0x08004f24   0x00000094   Data   RO         2710    .constdata          c_w.l(bigflt0.o)
    0x08004fb8   0x08004fb8   0x000000b8   Data   RO         2104    .conststring        sdata.o
    0x08005070   0x08005070   0x00000020   Data   RO         2853    Region$$Table       anon$$obj.o
    0x08005090   0x08005090   0x00000008   Data   RO         2758    c$$dinf             fz_ws.l(fpconst.o)
    0x08005098   0x08005098   0x00000008   Data   RO         2761    c$$dmax             fz_ws.l(fpconst.o)
    0x080050a0   0x080050a0   0x00000110   Data   RO         2633    locale$$data        c_w.l(lc_ctype_c.o)
    0x080051b0   0x080051b0   0x0000001c   Data   RO         2636    locale$$data        c_w.l(lc_numeric_c.o)


    Execution Region RW_IRAM1 (Exec base: 0x20000000, Load base: 0x080051cc, Size: 0x000012c0, Max: 0x00005000, ABSOLUTE)

    Exec Addr    Load Addr    Size         Type   Attr      Idx    E Section Name        Object

    0x20000000   0x080051cc   0x00000014   Data   RW          629    .data               stm32f10x_rcc.o
    0x20000014   0x080051e0   0x000000a8   Data   RW         2037    .data               uart.o
    0x200000bc   0x08005288   0x00000004   Data   RW         2105    .data               sdata.o
    0x200000c0   0x0800528c   0x0000000b   Data   RW         2149    .data               pc_mcu.o
    0x200000cb   0x08005297   0x00000001   PAD
    0x200000cc   0x08005298   0x00000011   Data   RW         2188    .data               time.o
    0x200000dd   0x080052a9   0x00000003   PAD
    0x200000e0   0x080052ac   0x0000002c   Data   RW         2248    .data               gnss.o
    0x2000010c   0x080052d8   0x0000000e   Data   RW         2297    .data               camera.o
    0x2000011a   0x080052e6   0x00000002   PAD
    0x2000011c        -       0x000008ba   Zero   RW         2036    .bss                uart.o
    0x200009d6        -       0x00000064   Zero   RW         2103    .bss                sdata.o
    0x20000a3a        -       0x000000aa   Zero   RW         2148    .bss                pc_mcu.o
    0x20000ae4        -       0x0000012c   Zero   RW         2247    .bss                gnss.o
    0x20000c10        -       0x00000050   Zero   RW         2296    .bss                camera.o
    0x20000c60        -       0x00000060   Zero   RW         2595    .bss                c_w.l(libspace.o)
    0x20000cc0        -       0x00000200   Zero   RW            2    HEAP                startup_stm32f10x_md.o
    0x20000ec0        -       0x00000400   Zero   RW            1    STACK               startup_stm32f10x_md.o


==============================================================================

Image component sizes


      Code (inc. data)   RO Data    RW Data    ZI Data      Debug   Object Name

      1036        100          0         14         80       3412   camera.o
         0          0          0          0          0       4508   core_cm3.o
      1720        110          0          0          0       7167   cpu.o
      2088        188          0         44        300       5832   gnss.o
       124         24          0          0          0       3871   main.o
       132         22          0          0          0       1591   misc.o
       772         78          0         11        170       3202   pc_mcu.o
       332         32        184          4        100       2730   sdata.o
        64         26        236          0       1536        912   startup_stm32f10x_md.o
       502         28          0          0          0       6279   stm32f10x_dma.o
        52         12          0          0          0     204676   stm32f10x_exti.o
        52         12          0          0          0       1117   stm32f10x_flash.o
       304          0          0          0          0       3724   stm32f10x_gpio.o
       480         46          0          0          0       7808   stm32f10x_it.o
        16          6          0          0          0        485   stm32f10x_iwdg.o
       752        104          0         20          0      11833   stm32f10x_rcc.o
       246         42          0          0          0       3638   stm32f10x_tim.o
       490          6          0          0          0       7518   stm32f10x_usart.o
       328         28          0          0          0      55757   system_stm32f10x.o
       358         36          0         17          0       4460   time.o
       594          0          0        168       2234       6513   uart.o

    ----------------------------------------------------------------------
     10460        900        452        284       4420     347033   Object Totals
         0          0         32          0          0          0   (incl. Generated)
        18          0          0          6          0          0   (incl. Padding)

    ----------------------------------------------------------------------

      Code (inc. data)   RO Data    RW Data    ZI Data      Debug   Library Member Name

         8          0          0          0          0         68   __main.o
       312          4         17          0          0         92   __printf_flags_wp.o
        14          0          0          0          0         68   __printf_wp.o
         0          0          0          0          0          0   __rtentry.o
        12          0          0          0          0          0   __rtentry2.o
         6          0          0          0          0          0   __rtentry4.o
        52          8          0          0          0          0   __scatter.o
        26          0          0          0          0          0   __scatter_copy.o
        28          0          0          0          0          0   __scatter_zi.o
        28          0          0          0          0         68   _chval.o
        48          6          0          0          0         96   _printf_char_common.o
         6          0          0          0          0          0   _printf_d.o
       120         16          0          0          0         92   _printf_dec.o
        88          4         40          0          0         88   _printf_hex_int.o
       178          0          0          0          0         88   _printf_intcommon.o
        78          0          0          0          0        108   _printf_pad.o
         0          0          0          0          0          0   _printf_percent.o
         4          0          0          0          0          0   _printf_percent_end.o
         6          0          0          0          0          0   _printf_x.o
        22          0          0          0          0        100   _rserrno.o
        64          0          0          0          0         84   _sgetc.o
        16          0          0          0          0         68   _snputc.o
        10          0          0          0          0         68   _sputc.o
       158          0          0          0          0         92   _strtoul.o
       228          4        148          0          0         96   bigflt0.o
      1924        136          0          0          0        756   btod.o
        10          0          0          0          0         68   defsig_exit.o
        50          0          0          0          0         88   defsig_general.o
        80         58          0          0          0         76   defsig_rtmem_inner.o
        14          0          0          0          0         80   defsig_rtmem_outer.o
        18          0          0          0          0         80   exit.o
        94          0          0          0          0         80   h1_alloc.o
        52          0          0          0          0         68   h1_extend.o
        78          0          0          0          0         80   h1_free.o
        14          0          0          0          0         84   h1_init.o
         6          0          0          0          0        152   heapauxi.o
         4          0          0          0          0        136   hguard.o
         0          0          0          0          0          0   indicate_semi.o
       138          0          0          0          0        168   init_alloc.o
        18          0          0          0          0         76   isspace.o
        44         10        272          0          0         76   lc_ctype_c.o
        44         10         28          0          0         76   lc_numeric_c.o
         2          0          0          0          0          0   libinit.o
        38          0          0          0          0          0   libinit2.o
         2          0          0          0          0          0   libshutdown.o
         2          0          0          0          0          0   libshutdown2.o
         8          4          0          0         96         68   libspace.o
        38          0          0          0          0         68   llshl.o
         0          0          0          0          0          0   maybetermalloc1.o
        52          4          0          0          0         84   noretval__2snprintf.o
        16          4          0          0          0         76   rt_ctype_table.o
         8          4          0          0          0         68   rt_errno_addr_intlibspace.o
         8          4          0          0          0         68   rt_heap_descriptor_intlibspace.o
         8          4          0          0          0         68   rt_locale_intlibspace.o
        68          0          0          0          0         68   rt_memclr.o
        78          0          0          0          0         80   rt_memclr_w.o
       100          0          0          0          0         80   rt_memcpy_w.o
         2          0          0          0          0          0   rtexit.o
        10          0          0          0          0          0   rtexit2.o
      1272         16          0          0          0        168   scanf_fp.o
       800         14          0          0          0        100   scanf_hexfp.o
       308         16          0          0          0        100   scanf_infnan.o
       128          0          0          0          0         68   strcmpv7m.o
        72          0          0          0          0         80   strcpy.o
        62          0          0          0          0         76   strlen.o
        86          0          0          0          0         76   strncpy.o
        30          0          0          0          0         76   strpbrk.o
       164         14          0          0          0        120   strtod.o
        26          0          0          0          0         80   strtof.o
       112          0          0          0          0         88   strtol.o
        12          4          0          0          0         68   sys_exit.o
        74          0          0          0          0         80   sys_stackheap_outer.o
        14          0          0          0          0         76   sys_wrch.o
         2          0          0          0          0         68   use_no_semi.o
        98          4          0          0          0         92   d2f.o
        16          4          0          0          0         68   dcheck1.o
        24          0          0          0          0         68   dcmpi.o
       120          4          0          0          0         92   deqf.o
        90          4          0          0          0         92   dfixu.o
        38          0          0          0          0         68   dflt_clz.o
       120          4          0          0          0         92   dleqf.o
       156          4          0          0          0         92   dnaninf.o
        12          0          0          0          0         68   dretinf.o
       108          0          0          0          0         80   drleqf.o
        86          4          0          0          0         84   f2d.o
       140          4          0          0          0         84   fnaninf.o
         0          0         16          0          0          0   fpconst.o
        10          0          0          0          0         68   fretinf.o
         6          0          0          0          0         68   istatus.o
       100          0          0          0          0         68   retnan.o
        92          0          0          0          0         68   scalbn.o
         4          0          0          0          0         68   scanf1.o
         8          0          0          0          0         84   scanf2.o
        48          0          0          0          0         68   trapv.o
         0          0          0          0          0          0   usenofp.o
        30          6          0          0          0        136   dunder.o
        88          8          0          0          0         76   frexp.o
       138          0          0          0          0        160   ldexp.o
       204          4          0          0          0        168   narrow.o
        28          0          0          0          0         80   strtod.o
        20          0          0          0          0         76   strtof.o

    ----------------------------------------------------------------------
      9506        396        522          0         96       7640   Library Totals
        20          2          1          0          0          0   (incl. Padding)

    ----------------------------------------------------------------------

      Code (inc. data)   RO Data    RW Data    ZI Data      Debug   Library Name

      7702        344        505          0         96       5472   c_w.l
      1276         32         16          0          0       1472   fz_ws.l
       508         18          0          0          0        696   m_ws.l

    ----------------------------------------------------------------------
      9506        396        522          0         96       7640   Library Totals

    ----------------------------------------------------------------------

==============================================================================


      Code (inc. data)   RO Data    RW Data    ZI Data      Debug   

     19966       1296        974        284       4516     344373   Grand Totals
     19966       1296        974        284       4516     344373   ELF Image Totals
     19966       1296        974        284          0          0   ROM Totals

==============================================================================

    Total RO  Size (Code + RO Data)                20940 (  20.45kB)
    Total RW  Size (RW Data + ZI Data)              4800 (   4.69kB)
    Total ROM Size (Code + RO Data + RW Data)      21224 (  20.73kB)

==============================================================================

